::1 - - [23/Aug/2017:12:36:14 +0530] "OPTIONS * HTTP/1.0" 200 125 "-" "Apache/2.4.7 (Ubuntu) mod_wsgi/3.4 Python/2.7.6 (internal dummy connection)"
10.1.7.48 - - [23/Aug/2017:12:37:06 +0530] "GET /api/usermanage/getkeywords/1 HTTP/1.1" 301 291 "http://10.1.7.48:4082/apsma_new/sivasankar/" "Mozilla/5.0 (Windows NT 6.3; WOW64) AppleWebKit/537.36 (KHTML, like Gecko) Chrome/54.0.2840.99 Safari/537.36"
10.1.7.48 - - [23/Aug/2017:12:37:06 +0530] "GET /api/news-agg/narendramodi?format=json&from_date=&to_date= HTTP/1.1" 301 320 "http://10.1.7.48:4082/apsma_new/sivasankar/" "Mozilla/5.0 (Windows NT 6.3; WOW64) AppleWebKit/537.36 (KHTML, like Gecko) Chrome/54.0.2840.99 Safari/537.36"
10.1.7.48 - - [23/Aug/2017:12:37:06 +0530] "GET /api/twitter-agg/narendramodi?format=json&from_date=&to_date= HTTP/1.1" 301 323 "http://10.1.7.48:4082/apsma_new/sivasankar/" "Mozilla/5.0 (Windows NT 6.3; WOW64) AppleWebKit/537.36 (KHTML, like Gecko) Chrome/54.0.2840.99 Safari/537.36"
10.1.7.48 - - [23/Aug/2017:12:37:06 +0530] "GET /api/facebook-agg/narendramodi?format=json&from_date=&to_date= HTTP/1.1" 301 324 "http://10.1.7.48:4082/apsma_new/sivasankar/" "Mozilla/5.0 (Windows NT 6.3; WOW64) AppleWebKit/537.36 (KHTML, like Gecko) Chrome/54.0.2840.99 Safari/537.36"
10.1.7.48 - - [23/Aug/2017:12:37:06 +0530] "GET /api/youtube-agg/narendramodi?format=json&from_date=&to_date= HTTP/1.1" 301 323 "http://10.1.7.48:4082/apsma_new/sivasankar/" "Mozilla/5.0 (Windows NT 6.3; WOW64) AppleWebKit/537.36 (KHTML, like Gecko) Chrome/54.0.2840.99 Safari/537.36"
10.1.7.48 - - [23/Aug/2017:12:37:06 +0530] "GET /api/topics/narendramodi?format=json&from_date=&to_date= HTTP/1.1" 301 318 "http://10.1.7.48:4082/apsma_new/sivasankar/" "Mozilla/5.0 (Windows NT 6.3; WOW64) AppleWebKit/537.36 (KHTML, like Gecko) Chrome/54.0.2840.99 Safari/537.36"
10.1.7.48 - - [23/Aug/2017:12:37:06 +0530] "GET /api/consolidated/narendramodi?format=json&from_date=&to_date= HTTP/1.1" 301 323 "http://10.1.7.48:4082/apsma_new/sivasankar/" "Mozilla/5.0 (Windows NT 6.3; WOW64) AppleWebKit/537.36 (KHTML, like Gecko) Chrome/54.0.2840.99 Safari/537.36"
10.1.7.48 - - [23/Aug/2017:12:37:06 +0530] "GET /api/wordcloud/narendramodi/?format=json&from_date=&to_date= HTTP/1.1" 200 655 "http://10.1.7.48:4082/apsma_new/sivasankar/" "Mozilla/5.0 (Windows NT 6.3; WOW64) AppleWebKit/537.36 (KHTML, like Gecko) Chrome/54.0.2840.99 Safari/537.36"
10.1.7.48 - - [23/Aug/2017:12:37:06 +0530] "GET /api/twitter-agg/narendramodi/?format=json&from_date=&to_date= HTTP/1.1" 200 322 "http://10.1.7.48:4082/apsma_new/sivasankar/" "Mozilla/5.0 (Windows NT 6.3; WOW64) AppleWebKit/537.36 (KHTML, like Gecko) Chrome/54.0.2840.99 Safari/537.36"
10.1.7.48 - - [23/Aug/2017:12:37:06 +0530] "GET /api/sentiment/narendramodi/?format=json&from_date=&to_date= HTTP/1.1" 200 342 "http://10.1.7.48:4082/apsma_new/sivasankar/" "Mozilla/5.0 (Windows NT 6.3; WOW64) AppleWebKit/537.36 (KHTML, like Gecko) Chrome/54.0.2840.99 Safari/537.36"
10.1.7.48 - - [23/Aug/2017:12:37:06 +0530] "GET /api/news-agg/narendramodi/?format=json&from_date=&to_date= HTTP/1.1" 200 447 "http://10.1.7.48:4082/apsma_new/sivasankar/" "Mozilla/5.0 (Windows NT 6.3; WOW64) AppleWebKit/537.36 (KHTML, like Gecko) Chrome/54.0.2840.99 Safari/537.36"
10.1.7.48 - - [23/Aug/2017:12:37:06 +0530] "GET /api/facebook-agg/narendramodi/?format=json&from_date=&to_date= HTTP/1.1" 200 571 "http://10.1.7.48:4082/apsma_new/sivasankar/" "Mozilla/5.0 (Windows NT 6.3; WOW64) AppleWebKit/537.36 (KHTML, like Gecko) Chrome/54.0.2840.99 Safari/537.36"
10.1.7.48 - - [23/Aug/2017:12:37:06 +0530] "GET /api/youtube-agg/narendramodi/?format=json&from_date=&to_date= HTTP/1.1" 200 322 "http://10.1.7.48:4082/apsma_new/sivasankar/" "Mozilla/5.0 (Windows NT 6.3; WOW64) AppleWebKit/537.36 (KHTML, like Gecko) Chrome/54.0.2840.99 Safari/537.36"
10.1.7.48 - - [23/Aug/2017:12:37:06 +0530] "GET /api/usermanage/getkeywords/1/ HTTP/1.1" 200 1865 "http://10.1.7.48:4082/apsma_new/sivasankar/" "Mozilla/5.0 (Windows NT 6.3; WOW64) AppleWebKit/537.36 (KHTML, like Gecko) Chrome/54.0.2840.99 Safari/537.36"
10.1.7.48 - - [23/Aug/2017:12:37:06 +0530] "GET /api/topics/narendramodi/?format=json&from_date=&to_date= HTTP/1.1" 200 36171 "http://10.1.7.48:4082/apsma_new/sivasankar/" "Mozilla/5.0 (Windows NT 6.3; WOW64) AppleWebKit/537.36 (KHTML, like Gecko) Chrome/54.0.2840.99 Safari/537.36"
10.1.7.48 - - [23/Aug/2017:12:37:06 +0530] "GET /api/consolidated/narendramodi/?format=json&from_date=&to_date= HTTP/1.1" 200 107580 "http://10.1.7.48:4082/apsma_new/sivasankar/" "Mozilla/5.0 (Windows NT 6.3; WOW64) AppleWebKit/537.36 (KHTML, like Gecko) Chrome/54.0.2840.99 Safari/537.36"
::1 - - [23/Aug/2017:12:37:14 +0530] "OPTIONS * HTTP/1.0" 200 125 "-" "Apache/2.4.7 (Ubuntu) mod_wsgi/3.4 Python/2.7.6 (internal dummy connection)"
10.1.7.48 - - [23/Aug/2017:12:39:26 +0530] "GET /api/twitter-agg/narendramodi?format=json&from_date=&to_date= HTTP/1.1" 301 323 "http://10.1.7.48:4082/apsma_new/sivasankar/" "Mozilla/5.0 (Windows NT 6.3; WOW64) AppleWebKit/537.36 (KHTML, like Gecko) Chrome/54.0.2840.99 Safari/537.36"
10.1.7.48 - - [23/Aug/2017:12:39:26 +0530] "GET /api/usermanage/getkeywords/1 HTTP/1.1" 301 291 "http://10.1.7.48:4082/apsma_new/sivasankar/" "Mozilla/5.0 (Windows NT 6.3; WOW64) AppleWebKit/537.36 (KHTML, like Gecko) Chrome/54.0.2840.99 Safari/537.36"
10.1.7.48 - - [23/Aug/2017:12:39:26 +0530] "GET /api/news-agg/narendramodi?format=json&from_date=&to_date= HTTP/1.1" 301 320 "http://10.1.7.48:4082/apsma_new/sivasankar/" "Mozilla/5.0 (Windows NT 6.3; WOW64) AppleWebKit/537.36 (KHTML, like Gecko) Chrome/54.0.2840.99 Safari/537.36"
10.1.7.48 - - [23/Aug/2017:12:39:26 +0530] "GET /api/topics/narendramodi?format=json&from_date=&to_date= HTTP/1.1" 301 318 "http://10.1.7.48:4082/apsma_new/sivasankar/" "Mozilla/5.0 (Windows NT 6.3; WOW64) AppleWebKit/537.36 (KHTML, like Gecko) Chrome/54.0.2840.99 Safari/537.36"
10.1.7.48 - - [23/Aug/2017:12:39:26 +0530] "GET /api/youtube-agg/narendramodi?format=json&from_date=&to_date= HTTP/1.1" 301 323 "http://10.1.7.48:4082/apsma_new/sivasankar/" "Mozilla/5.0 (Windows NT 6.3; WOW64) AppleWebKit/537.36 (KHTML, like Gecko) Chrome/54.0.2840.99 Safari/537.36"
10.1.7.48 - - [23/Aug/2017:12:39:26 +0530] "GET /api/facebook-agg/narendramodi?format=json&from_date=&to_date= HTTP/1.1" 301 324 "http://10.1.7.48:4082/apsma_new/sivasankar/" "Mozilla/5.0 (Windows NT 6.3; WOW64) AppleWebKit/537.36 (KHTML, like Gecko) Chrome/54.0.2840.99 Safari/537.36"
10.1.7.48 - - [23/Aug/2017:12:39:26 +0530] "GET /api/consolidated/narendramodi?format=json&from_date=&to_date= HTTP/1.1" 301 323 "http://10.1.7.48:4082/apsma_new/sivasankar/" "Mozilla/5.0 (Windows NT 6.3; WOW64) AppleWebKit/537.36 (KHTML, like Gecko) Chrome/54.0.2840.99 Safari/537.36"
10.1.7.48 - - [23/Aug/2017:12:39:26 +0530] "GET /api/wordcloud/narendramodi/?format=json&from_date=&to_date= HTTP/1.1" 200 655 "http://10.1.7.48:4082/apsma_new/sivasankar/" "Mozilla/5.0 (Windows NT 6.3; WOW64) AppleWebKit/537.36 (KHTML, like Gecko) Chrome/54.0.2840.99 Safari/537.36"
10.1.7.48 - - [23/Aug/2017:12:39:26 +0530] "GET /api/sentiment/narendramodi/?format=json&from_date=&to_date= HTTP/1.1" 200 342 "http://10.1.7.48:4082/apsma_new/sivasankar/" "Mozilla/5.0 (Windows NT 6.3; WOW64) AppleWebKit/537.36 (KHTML, like Gecko) Chrome/54.0.2840.99 Safari/537.36"
10.1.7.48 - - [23/Aug/2017:12:39:27 +0530] "GET /api/twitter-agg/narendramodi/?format=json&from_date=&to_date= HTTP/1.1" 200 322 "http://10.1.7.48:4082/apsma_new/sivasankar/" "Mozilla/5.0 (Windows NT 6.3; WOW64) AppleWebKit/537.36 (KHTML, like Gecko) Chrome/54.0.2840.99 Safari/537.36"
10.1.7.48 - - [23/Aug/2017:12:39:27 +0530] "GET /api/news-agg/narendramodi/?format=json&from_date=&to_date= HTTP/1.1" 200 447 "http://10.1.7.48:4082/apsma_new/sivasankar/" "Mozilla/5.0 (Windows NT 6.3; WOW64) AppleWebKit/537.36 (KHTML, like Gecko) Chrome/54.0.2840.99 Safari/537.36"
10.1.7.48 - - [23/Aug/2017:12:39:27 +0530] "GET /api/youtube-agg/narendramodi/?format=json&from_date=&to_date= HTTP/1.1" 200 322 "http://10.1.7.48:4082/apsma_new/sivasankar/" "Mozilla/5.0 (Windows NT 6.3; WOW64) AppleWebKit/537.36 (KHTML, like Gecko) Chrome/54.0.2840.99 Safari/537.36"
10.1.7.48 - - [23/Aug/2017:12:39:27 +0530] "GET /api/topics/narendramodi/?format=json&from_date=&to_date= HTTP/1.1" 200 36171 "http://10.1.7.48:4082/apsma_new/sivasankar/" "Mozilla/5.0 (Windows NT 6.3; WOW64) AppleWebKit/537.36 (KHTML, like Gecko) Chrome/54.0.2840.99 Safari/537.36"
10.1.7.48 - - [23/Aug/2017:12:39:27 +0530] "GET /api/facebook-agg/narendramodi/?format=json&from_date=&to_date= HTTP/1.1" 200 571 "http://10.1.7.48:4082/apsma_new/sivasankar/" "Mozilla/5.0 (Windows NT 6.3; WOW64) AppleWebKit/537.36 (KHTML, like Gecko) Chrome/54.0.2840.99 Safari/537.36"
10.1.7.48 - - [23/Aug/2017:12:39:27 +0530] "GET /api/consolidated/narendramodi/?format=json&from_date=&to_date= HTTP/1.1" 200 107580 "http://10.1.7.48:4082/apsma_new/sivasankar/" "Mozilla/5.0 (Windows NT 6.3; WOW64) AppleWebKit/537.36 (KHTML, like Gecko) Chrome/54.0.2840.99 Safari/537.36"
10.1.7.48 - - [23/Aug/2017:12:39:27 +0530] "GET /api/usermanage/getkeywords/1/ HTTP/1.1" 200 1865 "http://10.1.7.48:4082/apsma_new/sivasankar/" "Mozilla/5.0 (Windows NT 6.3; WOW64) AppleWebKit/537.36 (KHTML, like Gecko) Chrome/54.0.2840.99 Safari/537.36"
::1 - - [23/Aug/2017:12:39:34 +0530] "OPTIONS * HTTP/1.0" 200 125 "-" "Apache/2.4.7 (Ubuntu) mod_wsgi/3.4 Python/2.7.6 (internal dummy connection)"
10.1.7.48 - - [23/Aug/2017:12:41:48 +0530] "GET /api/usermanage/getkeywords/1 HTTP/1.1" 301 291 "http://10.1.7.48:4082/apsma_new/sivasankar/" "Mozilla/5.0 (Windows NT 6.3; WOW64) AppleWebKit/537.36 (KHTML, like Gecko) Chrome/54.0.2840.99 Safari/537.36"
10.1.7.48 - - [23/Aug/2017:12:41:48 +0530] "GET /api/news-agg/narendramodi?format=json&from_date=&to_date= HTTP/1.1" 301 320 "http://10.1.7.48:4082/apsma_new/sivasankar/" "Mozilla/5.0 (Windows NT 6.3; WOW64) AppleWebKit/537.36 (KHTML, like Gecko) Chrome/54.0.2840.99 Safari/537.36"
10.1.7.48 - - [23/Aug/2017:12:41:48 +0530] "GET /api/twitter-agg/narendramodi?format=json&from_date=&to_date= HTTP/1.1" 301 323 "http://10.1.7.48:4082/apsma_new/sivasankar/" "Mozilla/5.0 (Windows NT 6.3; WOW64) AppleWebKit/537.36 (KHTML, like Gecko) Chrome/54.0.2840.99 Safari/537.36"
10.1.7.48 - - [23/Aug/2017:12:41:48 +0530] "GET /api/youtube-agg/narendramodi?format=json&from_date=&to_date= HTTP/1.1" 301 323 "http://10.1.7.48:4082/apsma_new/sivasankar/" "Mozilla/5.0 (Windows NT 6.3; WOW64) AppleWebKit/537.36 (KHTML, like Gecko) Chrome/54.0.2840.99 Safari/537.36"
10.1.7.48 - - [23/Aug/2017:12:41:48 +0530] "GET /api/facebook-agg/narendramodi?format=json&from_date=&to_date= HTTP/1.1" 301 323 "http://10.1.7.48:4082/apsma_new/sivasankar/" "Mozilla/5.0 (Windows NT 6.3; WOW64) AppleWebKit/537.36 (KHTML, like Gecko) Chrome/54.0.2840.99 Safari/537.36"
10.1.7.48 - - [23/Aug/2017:12:41:48 +0530] "GET /api/topics/narendramodi?format=json&from_date=&to_date= HTTP/1.1" 301 317 "http://10.1.7.48:4082/apsma_new/sivasankar/" "Mozilla/5.0 (Windows NT 6.3; WOW64) AppleWebKit/537.36 (KHTML, like Gecko) Chrome/54.0.2840.99 Safari/537.36"
10.1.7.48 - - [23/Aug/2017:12:41:48 +0530] "GET /api/sentiment/narendramodi/?format=json&from_date=&to_date= HTTP/1.1" 200 342 "http://10.1.7.48:4082/apsma_new/sivasankar/" "Mozilla/5.0 (Windows NT 6.3; WOW64) AppleWebKit/537.36 (KHTML, like Gecko) Chrome/54.0.2840.99 Safari/537.36"
10.1.7.48 - - [23/Aug/2017:12:41:48 +0530] "GET /api/consolidated/narendramodi?format=json&from_date=&to_date= HTTP/1.1" 301 323 "http://10.1.7.48:4082/apsma_new/sivasankar/" "Mozilla/5.0 (Windows NT 6.3; WOW64) AppleWebKit/537.36 (KHTML, like Gecko) Chrome/54.0.2840.99 Safari/537.36"
10.1.7.48 - - [23/Aug/2017:12:41:49 +0530] "GET /api/news-agg/narendramodi/?format=json&from_date=&to_date= HTTP/1.1" 200 447 "http://10.1.7.48:4082/apsma_new/sivasankar/" "Mozilla/5.0 (Windows NT 6.3; WOW64) AppleWebKit/537.36 (KHTML, like Gecko) Chrome/54.0.2840.99 Safari/537.36"
10.1.7.48 - - [23/Aug/2017:12:41:49 +0530] "GET /api/twitter-agg/narendramodi/?format=json&from_date=&to_date= HTTP/1.1" 200 322 "http://10.1.7.48:4082/apsma_new/sivasankar/" "Mozilla/5.0 (Windows NT 6.3; WOW64) AppleWebKit/537.36 (KHTML, like Gecko) Chrome/54.0.2840.99 Safari/537.36"
10.1.7.48 - - [23/Aug/2017:12:41:49 +0530] "GET /api/youtube-agg/narendramodi/?format=json&from_date=&to_date= HTTP/1.1" 200 322 "http://10.1.7.48:4082/apsma_new/sivasankar/" "Mozilla/5.0 (Windows NT 6.3; WOW64) AppleWebKit/537.36 (KHTML, like Gecko) Chrome/54.0.2840.99 Safari/537.36"
10.1.7.48 - - [23/Aug/2017:12:41:49 +0530] "GET /api/usermanage/getkeywords/1/ HTTP/1.1" 200 1865 "http://10.1.7.48:4082/apsma_new/sivasankar/" "Mozilla/5.0 (Windows NT 6.3; WOW64) AppleWebKit/537.36 (KHTML, like Gecko) Chrome/54.0.2840.99 Safari/537.36"
10.1.7.48 - - [23/Aug/2017:12:41:49 +0530] "GET /api/facebook-agg/narendramodi/?format=json&from_date=&to_date= HTTP/1.1" 200 571 "http://10.1.7.48:4082/apsma_new/sivasankar/" "Mozilla/5.0 (Windows NT 6.3; WOW64) AppleWebKit/537.36 (KHTML, like Gecko) Chrome/54.0.2840.99 Safari/537.36"
10.1.7.48 - - [23/Aug/2017:12:41:49 +0530] "GET /api/consolidated/narendramodi/?format=json&from_date=&to_date= HTTP/1.1" 200 107580 "http://10.1.7.48:4082/apsma_new/sivasankar/" "Mozilla/5.0 (Windows NT 6.3; WOW64) AppleWebKit/537.36 (KHTML, like Gecko) Chrome/54.0.2840.99 Safari/537.36"
10.1.7.48 - - [23/Aug/2017:12:41:48 +0530] "GET /api/wordcloud/narendramodi/?format=json&from_date=&to_date= HTTP/1.1" 200 655 "http://10.1.7.48:4082/apsma_new/sivasankar/" "Mozilla/5.0 (Windows NT 6.3; WOW64) AppleWebKit/537.36 (KHTML, like Gecko) Chrome/54.0.2840.99 Safari/537.36"
10.1.7.48 - - [23/Aug/2017:12:41:49 +0530] "GET /api/topics/narendramodi/?format=json&from_date=&to_date= HTTP/1.1" 200 36171 "http://10.1.7.48:4082/apsma_new/sivasankar/" "Mozilla/5.0 (Windows NT 6.3; WOW64) AppleWebKit/537.36 (KHTML, like Gecko) Chrome/54.0.2840.99 Safari/537.36"
10.1.7.48 - - [23/Aug/2017:12:42:06 +0530] "GET /api/usermanage/getkeywords/1 HTTP/1.1" 301 291 "http://10.1.7.48:4082/apsma_new/sivasankar/" "Mozilla/5.0 (Windows NT 6.3; WOW64) AppleWebKit/537.36 (KHTML, like Gecko) Chrome/54.0.2840.99 Safari/537.36"
10.1.7.48 - - [23/Aug/2017:12:42:06 +0530] "GET /api/twitter-agg/narendramodi?format=json&from_date=&to_date= HTTP/1.1" 301 323 "http://10.1.7.48:4082/apsma_new/sivasankar/" "Mozilla/5.0 (Windows NT 6.3; WOW64) AppleWebKit/537.36 (KHTML, like Gecko) Chrome/54.0.2840.99 Safari/537.36"
10.1.7.48 - - [23/Aug/2017:12:42:06 +0530] "GET /api/news-agg/narendramodi?format=json&from_date=&to_date= HTTP/1.1" 301 320 "http://10.1.7.48:4082/apsma_new/sivasankar/" "Mozilla/5.0 (Windows NT 6.3; WOW64) AppleWebKit/537.36 (KHTML, like Gecko) Chrome/54.0.2840.99 Safari/537.36"
10.1.7.48 - - [23/Aug/2017:12:42:06 +0530] "GET /api/youtube-agg/narendramodi?format=json&from_date=&to_date= HTTP/1.1" 301 323 "http://10.1.7.48:4082/apsma_new/sivasankar/" "Mozilla/5.0 (Windows NT 6.3; WOW64) AppleWebKit/537.36 (KHTML, like Gecko) Chrome/54.0.2840.99 Safari/537.36"
10.1.7.48 - - [23/Aug/2017:12:42:06 +0530] "GET /api/facebook-agg/narendramodi?format=json&from_date=&to_date= HTTP/1.1" 301 324 "http://10.1.7.48:4082/apsma_new/sivasankar/" "Mozilla/5.0 (Windows NT 6.3; WOW64) AppleWebKit/537.36 (KHTML, like Gecko) Chrome/54.0.2840.99 Safari/537.36"
10.1.7.48 - - [23/Aug/2017:12:42:06 +0530] "GET /api/topics/narendramodi?format=json&from_date=&to_date= HTTP/1.1" 301 318 "http://10.1.7.48:4082/apsma_new/sivasankar/" "Mozilla/5.0 (Windows NT 6.3; WOW64) AppleWebKit/537.36 (KHTML, like Gecko) Chrome/54.0.2840.99 Safari/537.36"
10.1.7.48 - - [23/Aug/2017:12:42:07 +0530] "GET /api/consolidated/narendramodi?format=json&from_date=&to_date= HTTP/1.1" 301 323 "http://10.1.7.48:4082/apsma_new/sivasankar/" "Mozilla/5.0 (Windows NT 6.3; WOW64) AppleWebKit/537.36 (KHTML, like Gecko) Chrome/54.0.2840.99 Safari/537.36"
10.1.7.48 - - [23/Aug/2017:12:42:07 +0530] "GET /api/wordcloud/narendramodi/?format=json&from_date=&to_date= HTTP/1.1" 200 655 "http://10.1.7.48:4082/apsma_new/sivasankar/" "Mozilla/5.0 (Windows NT 6.3; WOW64) AppleWebKit/537.36 (KHTML, like Gecko) Chrome/54.0.2840.99 Safari/537.36"
10.1.7.48 - - [23/Aug/2017:12:42:07 +0530] "GET /api/sentiment/narendramodi/?format=json&from_date=&to_date= HTTP/1.1" 200 342 "http://10.1.7.48:4082/apsma_new/sivasankar/" "Mozilla/5.0 (Windows NT 6.3; WOW64) AppleWebKit/537.36 (KHTML, like Gecko) Chrome/54.0.2840.99 Safari/537.36"
10.1.7.48 - - [23/Aug/2017:12:42:07 +0530] "GET /api/news-agg/narendramodi/?format=json&from_date=&to_date= HTTP/1.1" 200 447 "http://10.1.7.48:4082/apsma_new/sivasankar/" "Mozilla/5.0 (Windows NT 6.3; WOW64) AppleWebKit/537.36 (KHTML, like Gecko) Chrome/54.0.2840.99 Safari/537.36"
10.1.7.48 - - [23/Aug/2017:12:42:07 +0530] "GET /api/twitter-agg/narendramodi/?format=json&from_date=&to_date= HTTP/1.1" 200 322 "http://10.1.7.48:4082/apsma_new/sivasankar/" "Mozilla/5.0 (Windows NT 6.3; WOW64) AppleWebKit/537.36 (KHTML, like Gecko) Chrome/54.0.2840.99 Safari/537.36"
10.1.7.48 - - [23/Aug/2017:12:42:07 +0530] "GET /api/youtube-agg/narendramodi/?format=json&from_date=&to_date= HTTP/1.1" 200 322 "http://10.1.7.48:4082/apsma_new/sivasankar/" "Mozilla/5.0 (Windows NT 6.3; WOW64) AppleWebKit/537.36 (KHTML, like Gecko) Chrome/54.0.2840.99 Safari/537.36"
10.1.7.48 - - [23/Aug/2017:12:42:07 +0530] "GET /api/facebook-agg/narendramodi/?format=json&from_date=&to_date= HTTP/1.1" 200 571 "http://10.1.7.48:4082/apsma_new/sivasankar/" "Mozilla/5.0 (Windows NT 6.3; WOW64) AppleWebKit/537.36 (KHTML, like Gecko) Chrome/54.0.2840.99 Safari/537.36"
10.1.7.48 - - [23/Aug/2017:12:42:07 +0530] "GET /api/topics/narendramodi/?format=json&from_date=&to_date= HTTP/1.1" 200 36171 "http://10.1.7.48:4082/apsma_new/sivasankar/" "Mozilla/5.0 (Windows NT 6.3; WOW64) AppleWebKit/537.36 (KHTML, like Gecko) Chrome/54.0.2840.99 Safari/537.36"
10.1.7.48 - - [23/Aug/2017:12:42:07 +0530] "GET /api/usermanage/getkeywords/1/ HTTP/1.1" 200 1865 "http://10.1.7.48:4082/apsma_new/sivasankar/" "Mozilla/5.0 (Windows NT 6.3; WOW64) AppleWebKit/537.36 (KHTML, like Gecko) Chrome/54.0.2840.99 Safari/537.36"
10.1.7.48 - - [23/Aug/2017:12:42:07 +0530] "GET /api/consolidated/narendramodi/?format=json&from_date=&to_date= HTTP/1.1" 200 107580 "http://10.1.7.48:4082/apsma_new/sivasankar/" "Mozilla/5.0 (Windows NT 6.3; WOW64) AppleWebKit/537.36 (KHTML, like Gecko) Chrome/54.0.2840.99 Safari/537.36"
::1 - - [23/Aug/2017:12:42:14 +0530] "OPTIONS * HTTP/1.0" 200 125 "-" "Apache/2.4.7 (Ubuntu) mod_wsgi/3.4 Python/2.7.6 (internal dummy connection)"
10.1.11.2 - - [23/Aug/2017:12:42:28 +0530] "GET /api/wordcloud/modi/ HTTP/1.1" 200 1885 "-" "Mozilla/5.0 (X11; Ubuntu; Linux x86_64; rv:54.0) Gecko/20100101 Firefox/54.0"
10.1.11.2 - - [23/Aug/2017:12:43:19 +0530] "GET /static/rest_framework/css/bootstrap-tweaks.css HTTP/1.1" 200 1592 "http://apsmaapi.msr-it.com/api/wordcloud/modi/" "Mozilla/5.0 (X11; Ubuntu; Linux x86_64; rv:54.0) Gecko/20100101 Firefox/54.0"
10.1.11.2 - - [23/Aug/2017:12:43:19 +0530] "GET /static/rest_framework/css/bootstrap.min.css HTTP/1.1" 200 20082 "http://apsmaapi.msr-it.com/api/wordcloud/modi/" "Mozilla/5.0 (X11; Ubuntu; Linux x86_64; rv:54.0) Gecko/20100101 Firefox/54.0"
10.1.11.2 - - [23/Aug/2017:12:43:19 +0530] "GET /static/rest_framework/css/prettify.css HTTP/1.1" 200 724 "http://apsmaapi.msr-it.com/api/wordcloud/modi/" "Mozilla/5.0 (X11; Ubuntu; Linux x86_64; rv:54.0) Gecko/20100101 Firefox/54.0"
10.1.11.2 - - [23/Aug/2017:12:43:19 +0530] "GET /static/rest_framework/css/default.css HTTP/1.1" 200 930 "http://apsmaapi.msr-it.com/api/wordcloud/modi/" "Mozilla/5.0 (X11; Ubuntu; Linux x86_64; rv:54.0) Gecko/20100101 Firefox/54.0"
10.1.11.2 - - [23/Aug/2017:12:43:19 +0530] "GET /static/rest_framework/js/jquery-1.12.4.min.js HTTP/1.1" 200 34112 "http://apsmaapi.msr-it.com/api/wordcloud/modi/" "Mozilla/5.0 (X11; Ubuntu; Linux x86_64; rv:54.0) Gecko/20100101 Firefox/54.0"
10.1.11.2 - - [23/Aug/2017:12:43:19 +0530] "GET /static/rest_framework/js/ajax-form.js HTTP/1.1" 200 1586 "http://apsmaapi.msr-it.com/api/wordcloud/modi/" "Mozilla/5.0 (X11; Ubuntu; Linux x86_64; rv:54.0) Gecko/20100101 Firefox/54.0"
10.1.11.2 - - [23/Aug/2017:12:43:19 +0530] "GET /static/rest_framework/js/default.js HTTP/1.1" 200 916 "http://apsmaapi.msr-it.com/api/wordcloud/modi/" "Mozilla/5.0 (X11; Ubuntu; Linux x86_64; rv:54.0) Gecko/20100101 Firefox/54.0"
10.1.11.2 - - [23/Aug/2017:12:43:19 +0530] "GET /static/rest_framework/js/csrf.js HTTP/1.1" 200 1140 "http://apsmaapi.msr-it.com/api/wordcloud/modi/" "Mozilla/5.0 (X11; Ubuntu; Linux x86_64; rv:54.0) Gecko/20100101 Firefox/54.0"
10.1.11.2 - - [23/Aug/2017:12:43:19 +0530] "GET /static/rest_framework/js/prettify-min.js HTTP/1.1" 200 6376 "http://apsmaapi.msr-it.com/api/wordcloud/modi/" "Mozilla/5.0 (X11; Ubuntu; Linux x86_64; rv:54.0) Gecko/20100101 Firefox/54.0"
10.1.11.2 - - [23/Aug/2017:12:43:19 +0530] "GET /static/rest_framework/js/bootstrap.min.js HTTP/1.1" 200 10184 "http://apsmaapi.msr-it.com/api/wordcloud/modi/" "Mozilla/5.0 (X11; Ubuntu; Linux x86_64; rv:54.0) Gecko/20100101 Firefox/54.0"
10.1.11.2 - - [23/Aug/2017:12:43:19 +0530] "GET /static/rest_framework/img/grid.png HTTP/1.1" 200 1742 "http://apsmaapi.msr-it.com/static/rest_framework/css/bootstrap-tweaks.css" "Mozilla/5.0 (X11; Ubuntu; Linux x86_64; rv:54.0) Gecko/20100101 Firefox/54.0"
10.1.11.2 - - [23/Aug/2017:12:43:19 +0530] "GET /favicon.ico HTTP/1.1" 404 2846 "-" "Mozilla/5.0 (X11; Ubuntu; Linux x86_64; rv:54.0) Gecko/20100101 Firefox/54.0"
10.1.11.2 - - [23/Aug/2017:12:43:19 +0530] "GET /favicon.ico HTTP/1.1" 404 2846 "-" "Mozilla/5.0 (X11; Ubuntu; Linux x86_64; rv:54.0) Gecko/20100101 Firefox/54.0"
10.1.11.2 - - [23/Aug/2017:12:44:06 +0530] "GET /api/wordcloud/narendramodi/ HTTP/1.1" 200 1810 "-" "Mozilla/5.0 (X11; Ubuntu; Linux x86_64; rv:54.0) Gecko/20100101 Firefox/54.0"
10.1.11.2 - - [23/Aug/2017:12:45:33 +0530] "GET /api/usermanage/getkeywords/1/ HTTP/1.1" 200 1866 "http://apsma.msr-it.com/" "Mozilla/5.0 (X11; Ubuntu; Linux x86_64; rv:54.0) Gecko/20100101 Firefox/54.0"
10.1.11.2 - - [23/Aug/2017:12:45:33 +0530] "GET /api/twitter-agg/narendramodi/?format=json&from_date=&to_date= HTTP/1.1" 200 322 "http://apsma.msr-it.com/" "Mozilla/5.0 (X11; Ubuntu; Linux x86_64; rv:54.0) Gecko/20100101 Firefox/54.0"
10.1.11.2 - - [23/Aug/2017:12:45:33 +0530] "GET /api/youtube-agg/narendramodi/?format=json&from_date=&to_date= HTTP/1.1" 200 323 "http://apsma.msr-it.com/" "Mozilla/5.0 (X11; Ubuntu; Linux x86_64; rv:54.0) Gecko/20100101 Firefox/54.0"
10.1.11.2 - - [23/Aug/2017:12:45:33 +0530] "GET /api/news-agg/narendramodi/?format=json&from_date=&to_date= HTTP/1.1" 200 448 "http://apsma.msr-it.com/" "Mozilla/5.0 (X11; Ubuntu; Linux x86_64; rv:54.0) Gecko/20100101 Firefox/54.0"
10.1.11.2 - - [23/Aug/2017:12:45:33 +0530] "GET /api/facebook-agg/narendramodi/?format=json&from_date=&to_date= HTTP/1.1" 200 572 "http://apsma.msr-it.com/" "Mozilla/5.0 (X11; Ubuntu; Linux x86_64; rv:54.0) Gecko/20100101 Firefox/54.0"
10.1.11.2 - - [23/Aug/2017:12:45:33 +0530] "GET /api/topics/narendramodi/?format=json&from_date=&to_date= HTTP/1.1" 200 36172 "http://apsma.msr-it.com/" "Mozilla/5.0 (X11; Ubuntu; Linux x86_64; rv:54.0) Gecko/20100101 Firefox/54.0"
10.1.11.2 - - [23/Aug/2017:12:45:33 +0530] "GET /api/consolidated/narendramodi/?format=json&from_date=&to_date= HTTP/1.1" 200 107581 "http://apsma.msr-it.com/" "Mozilla/5.0 (X11; Ubuntu; Linux x86_64; rv:54.0) Gecko/20100101 Firefox/54.0"
::1 - - [23/Aug/2017:12:45:39 +0530] "OPTIONS * HTTP/1.0" 200 125 "-" "Apache/2.4.7 (Ubuntu) mod_wsgi/3.4 Python/2.7.6 (internal dummy connection)"
::1 - - [23/Aug/2017:12:45:40 +0530] "OPTIONS * HTTP/1.0" 200 125 "-" "Apache/2.4.7 (Ubuntu) mod_wsgi/3.4 Python/2.7.6 (internal dummy connection)"
::1 - - [23/Aug/2017:12:45:46 +0530] "OPTIONS * HTTP/1.0" 200 125 "-" "Apache/2.4.7 (Ubuntu) mod_wsgi/3.4 Python/2.7.6 (internal dummy connection)"
::1 - - [23/Aug/2017:12:45:47 +0530] "OPTIONS * HTTP/1.0" 200 125 "-" "Apache/2.4.7 (Ubuntu) mod_wsgi/3.4 Python/2.7.6 (internal dummy connection)"
10.1.7.48 - - [23/Aug/2017:12:46:40 +0530] "GET /api/usermanage/getkeywords/1 HTTP/1.1" 301 291 "http://10.1.7.48:4082/apsma_new/sivasankar/" "Mozilla/5.0 (Windows NT 6.3; WOW64) AppleWebKit/537.36 (KHTML, like Gecko) Chrome/54.0.2840.99 Safari/537.36"
10.1.7.48 - - [23/Aug/2017:12:46:40 +0530] "GET /api/twitter-agg/narendramodi?format=json&from_date=&to_date= HTTP/1.1" 301 323 "http://10.1.7.48:4082/apsma_new/sivasankar/" "Mozilla/5.0 (Windows NT 6.3; WOW64) AppleWebKit/537.36 (KHTML, like Gecko) Chrome/54.0.2840.99 Safari/537.36"
10.1.7.48 - - [23/Aug/2017:12:46:40 +0530] "GET /api/news-agg/narendramodi?format=json&from_date=&to_date= HTTP/1.1" 301 320 "http://10.1.7.48:4082/apsma_new/sivasankar/" "Mozilla/5.0 (Windows NT 6.3; WOW64) AppleWebKit/537.36 (KHTML, like Gecko) Chrome/54.0.2840.99 Safari/537.36"
10.1.7.48 - - [23/Aug/2017:12:46:40 +0530] "GET /api/youtube-agg/narendramodi?format=json&from_date=&to_date= HTTP/1.1" 301 323 "http://10.1.7.48:4082/apsma_new/sivasankar/" "Mozilla/5.0 (Windows NT 6.3; WOW64) AppleWebKit/537.36 (KHTML, like Gecko) Chrome/54.0.2840.99 Safari/537.36"
10.1.7.48 - - [23/Aug/2017:12:46:40 +0530] "GET /api/topics/narendramodi?format=json&from_date=&to_date= HTTP/1.1" 301 318 "http://10.1.7.48:4082/apsma_new/sivasankar/" "Mozilla/5.0 (Windows NT 6.3; WOW64) AppleWebKit/537.36 (KHTML, like Gecko) Chrome/54.0.2840.99 Safari/537.36"
10.1.7.48 - - [23/Aug/2017:12:46:40 +0530] "GET /api/facebook-agg/narendramodi?format=json&from_date=&to_date= HTTP/1.1" 301 324 "http://10.1.7.48:4082/apsma_new/sivasankar/" "Mozilla/5.0 (Windows NT 6.3; WOW64) AppleWebKit/537.36 (KHTML, like Gecko) Chrome/54.0.2840.99 Safari/537.36"
10.1.7.48 - - [23/Aug/2017:12:46:40 +0530] "GET /api/consolidated/narendramodi?format=json&from_date=&to_date= HTTP/1.1" 301 323 "http://10.1.7.48:4082/apsma_new/sivasankar/" "Mozilla/5.0 (Windows NT 6.3; WOW64) AppleWebKit/537.36 (KHTML, like Gecko) Chrome/54.0.2840.99 Safari/537.36"
10.1.7.48 - - [23/Aug/2017:12:46:40 +0530] "GET /api/wordcloud/narendramodi/?format=json&from_date=&to_date= HTTP/1.1" 200 655 "http://10.1.7.48:4082/apsma_new/sivasankar/" "Mozilla/5.0 (Windows NT 6.3; WOW64) AppleWebKit/537.36 (KHTML, like Gecko) Chrome/54.0.2840.99 Safari/537.36"
10.1.7.48 - - [23/Aug/2017:12:46:40 +0530] "GET /api/sentiment/narendramodi/?format=json&from_date=&to_date= HTTP/1.1" 200 342 "http://10.1.7.48:4082/apsma_new/sivasankar/" "Mozilla/5.0 (Windows NT 6.3; WOW64) AppleWebKit/537.36 (KHTML, like Gecko) Chrome/54.0.2840.99 Safari/537.36"
10.1.7.48 - - [23/Aug/2017:12:46:40 +0530] "GET /api/news-agg/narendramodi/?format=json&from_date=&to_date= HTTP/1.1" 200 447 "http://10.1.7.48:4082/apsma_new/sivasankar/" "Mozilla/5.0 (Windows NT 6.3; WOW64) AppleWebKit/537.36 (KHTML, like Gecko) Chrome/54.0.2840.99 Safari/537.36"
10.1.7.48 - - [23/Aug/2017:12:46:40 +0530] "GET /api/twitter-agg/narendramodi/?format=json&from_date=&to_date= HTTP/1.1" 200 322 "http://10.1.7.48:4082/apsma_new/sivasankar/" "Mozilla/5.0 (Windows NT 6.3; WOW64) AppleWebKit/537.36 (KHTML, like Gecko) Chrome/54.0.2840.99 Safari/537.36"
10.1.7.48 - - [23/Aug/2017:12:46:40 +0530] "GET /api/youtube-agg/narendramodi/?format=json&from_date=&to_date= HTTP/1.1" 200 322 "http://10.1.7.48:4082/apsma_new/sivasankar/" "Mozilla/5.0 (Windows NT 6.3; WOW64) AppleWebKit/537.36 (KHTML, like Gecko) Chrome/54.0.2840.99 Safari/537.36"
10.1.7.48 - - [23/Aug/2017:12:46:40 +0530] "GET /api/facebook-agg/narendramodi/?format=json&from_date=&to_date= HTTP/1.1" 200 571 "http://10.1.7.48:4082/apsma_new/sivasankar/" "Mozilla/5.0 (Windows NT 6.3; WOW64) AppleWebKit/537.36 (KHTML, like Gecko) Chrome/54.0.2840.99 Safari/537.36"
10.1.7.48 - - [23/Aug/2017:12:46:40 +0530] "GET /api/usermanage/getkeywords/1/ HTTP/1.1" 200 1865 "http://10.1.7.48:4082/apsma_new/sivasankar/" "Mozilla/5.0 (Windows NT 6.3; WOW64) AppleWebKit/537.36 (KHTML, like Gecko) Chrome/54.0.2840.99 Safari/537.36"
10.1.7.48 - - [23/Aug/2017:12:46:40 +0530] "GET /api/topics/narendramodi/?format=json&from_date=&to_date= HTTP/1.1" 200 36171 "http://10.1.7.48:4082/apsma_new/sivasankar/" "Mozilla/5.0 (Windows NT 6.3; WOW64) AppleWebKit/537.36 (KHTML, like Gecko) Chrome/54.0.2840.99 Safari/537.36"
10.1.7.48 - - [23/Aug/2017:12:46:41 +0530] "GET /api/consolidated/narendramodi/?format=json&from_date=&to_date= HTTP/1.1" 200 107580 "http://10.1.7.48:4082/apsma_new/sivasankar/" "Mozilla/5.0 (Windows NT 6.3; WOW64) AppleWebKit/537.36 (KHTML, like Gecko) Chrome/54.0.2840.99 Safari/537.36"
::1 - - [23/Aug/2017:12:46:48 +0530] "OPTIONS * HTTP/1.0" 200 125 "-" "Apache/2.4.7 (Ubuntu) mod_wsgi/3.4 Python/2.7.6 (internal dummy connection)"
10.1.7.48 - - [23/Aug/2017:12:47:37 +0530] "GET /api/twitter-agg/ap%20cm?format=json&from_date=2017-08-16&to_date=2017-08-23 HTTP/1.1" 301 338 "http://10.1.7.48:4082/apsma_new/sivasankar/" "Mozilla/5.0 (Windows NT 6.3; WOW64) AppleWebKit/537.36 (KHTML, like Gecko) Chrome/54.0.2840.99 Safari/537.36"
10.1.7.48 - - [23/Aug/2017:12:47:37 +0530] "GET /api/news-agg/ap%20cm?format=json&from_date=2017-08-16&to_date=2017-08-23 HTTP/1.1" 301 335 "http://10.1.7.48:4082/apsma_new/sivasankar/" "Mozilla/5.0 (Windows NT 6.3; WOW64) AppleWebKit/537.36 (KHTML, like Gecko) Chrome/54.0.2840.99 Safari/537.36"
10.1.7.48 - - [23/Aug/2017:12:47:37 +0530] "GET /api/topics/ap%20cm?format=json&from_date=2017-08-16&to_date=2017-08-23 HTTP/1.1" 301 333 "http://10.1.7.48:4082/apsma_new/sivasankar/" "Mozilla/5.0 (Windows NT 6.3; WOW64) AppleWebKit/537.36 (KHTML, like Gecko) Chrome/54.0.2840.99 Safari/537.36"
10.1.7.48 - - [23/Aug/2017:12:47:37 +0530] "GET /api/facebook-agg/ap%20cm?format=json&from_date=2017-08-16&to_date=2017-08-23 HTTP/1.1" 301 339 "http://10.1.7.48:4082/apsma_new/sivasankar/" "Mozilla/5.0 (Windows NT 6.3; WOW64) AppleWebKit/537.36 (KHTML, like Gecko) Chrome/54.0.2840.99 Safari/537.36"
10.1.7.48 - - [23/Aug/2017:12:47:37 +0530] "GET /api/youtube-agg/ap%20cm?format=json&from_date=2017-08-16&to_date=2017-08-23 HTTP/1.1" 301 338 "http://10.1.7.48:4082/apsma_new/sivasankar/" "Mozilla/5.0 (Windows NT 6.3; WOW64) AppleWebKit/537.36 (KHTML, like Gecko) Chrome/54.0.2840.99 Safari/537.36"
10.1.7.48 - - [23/Aug/2017:12:47:37 +0530] "GET /api/sentiment/ap%20cm/?format=json&from_date=2017-08-16&to_date=2017-08-23 HTTP/1.1" 200 344 "http://10.1.7.48:4082/apsma_new/sivasankar/" "Mozilla/5.0 (Windows NT 6.3; WOW64) AppleWebKit/537.36 (KHTML, like Gecko) Chrome/54.0.2840.99 Safari/537.36"
10.1.7.48 - - [23/Aug/2017:12:47:38 +0530] "GET /api/consolidated/ap%20cm?format=json&from_date=2017-08-16&to_date=2017-08-23 HTTP/1.1" 301 338 "http://10.1.7.48:4082/apsma_new/sivasankar/" "Mozilla/5.0 (Windows NT 6.3; WOW64) AppleWebKit/537.36 (KHTML, like Gecko) Chrome/54.0.2840.99 Safari/537.36"
10.1.7.48 - - [23/Aug/2017:12:47:38 +0530] "GET /api/twitter-agg/ap%20cm/?format=json&from_date=2017-08-16&to_date=2017-08-23 HTTP/1.1" 200 387 "http://10.1.7.48:4082/apsma_new/sivasankar/" "Mozilla/5.0 (Windows NT 6.3; WOW64) AppleWebKit/537.36 (KHTML, like Gecko) Chrome/54.0.2840.99 Safari/537.36"
10.1.7.48 - - [23/Aug/2017:12:47:38 +0530] "GET /api/news-agg/ap%20cm/?format=json&from_date=2017-08-16&to_date=2017-08-23 HTTP/1.1" 200 415 "http://10.1.7.48:4082/apsma_new/sivasankar/" "Mozilla/5.0 (Windows NT 6.3; WOW64) AppleWebKit/537.36 (KHTML, like Gecko) Chrome/54.0.2840.99 Safari/537.36"
10.1.7.48 - - [23/Aug/2017:12:47:38 +0530] "GET /api/facebook-agg/ap%20cm/?format=json&from_date=2017-08-16&to_date=2017-08-23 HTTP/1.1" 200 352 "http://10.1.7.48:4082/apsma_new/sivasankar/" "Mozilla/5.0 (Windows NT 6.3; WOW64) AppleWebKit/537.36 (KHTML, like Gecko) Chrome/54.0.2840.99 Safari/537.36"
10.1.7.48 - - [23/Aug/2017:12:47:38 +0530] "GET /api/youtube-agg/ap%20cm/?format=json&from_date=2017-08-16&to_date=2017-08-23 HTTP/1.1" 200 322 "http://10.1.7.48:4082/apsma_new/sivasankar/" "Mozilla/5.0 (Windows NT 6.3; WOW64) AppleWebKit/537.36 (KHTML, like Gecko) Chrome/54.0.2840.99 Safari/537.36"
10.1.7.48 - - [23/Aug/2017:12:47:38 +0530] "GET /api/usermanage/getkeywords/1/ HTTP/1.1" 200 1865 "http://10.1.7.48:4082/apsma_new/sivasankar/" "Mozilla/5.0 (Windows NT 6.3; WOW64) AppleWebKit/537.36 (KHTML, like Gecko) Chrome/54.0.2840.99 Safari/537.36"
10.1.7.48 - - [23/Aug/2017:12:47:39 +0530] "GET /api/consolidated/ap%20cm/?format=json&from_date=2017-08-16&to_date=2017-08-23 HTTP/1.1" 200 43657 "http://10.1.7.48:4082/apsma_new/sivasankar/" "Mozilla/5.0 (Windows NT 6.3; WOW64) AppleWebKit/537.36 (KHTML, like Gecko) Chrome/54.0.2840.99 Safari/537.36"
10.1.7.48 - - [23/Aug/2017:12:47:37 +0530] "GET /api/wordcloud/ap%20cm/?format=json&from_date=2017-08-16&to_date=2017-08-23 HTTP/1.1" 200 1108 "http://10.1.7.48:4082/apsma_new/sivasankar/" "Mozilla/5.0 (Windows NT 6.3; WOW64) AppleWebKit/537.36 (KHTML, like Gecko) Chrome/54.0.2840.99 Safari/537.36"
10.1.7.48 - - [23/Aug/2017:12:47:38 +0530] "GET /api/topics/ap%20cm/?format=json&from_date=2017-08-16&to_date=2017-08-23 HTTP/1.1" 200 30850 "http://10.1.7.48:4082/apsma_new/sivasankar/" "Mozilla/5.0 (Windows NT 6.3; WOW64) AppleWebKit/537.36 (KHTML, like Gecko) Chrome/54.0.2840.99 Safari/537.36"
::1 - - [23/Aug/2017:12:48:37 +0530] "OPTIONS * HTTP/1.0" 200 125 "-" "Apache/2.4.7 (Ubuntu) mod_wsgi/3.4 Python/2.7.6 (internal dummy connection)"
10.1.11.22 - - [23/Aug/2017:12:54:11 +0530] "GET /api/youtube-agg/narendramodi/?format=json&from_date=&to_date= HTTP/1.1" 200 323 "http://apsma.msr-it.com/" "Mozilla/5.0 (X11; Linux x86_64) AppleWebKit/537.36 (KHTML, like Gecko) Chrome/59.0.3071.115 Safari/537.36"
10.1.11.22 - - [23/Aug/2017:12:54:11 +0530] "GET /api/twitter-agg/narendramodi/?format=json&from_date=&to_date= HTTP/1.1" 200 323 "http://apsma.msr-it.com/" "Mozilla/5.0 (X11; Linux x86_64) AppleWebKit/537.36 (KHTML, like Gecko) Chrome/59.0.3071.115 Safari/537.36"
10.1.11.22 - - [23/Aug/2017:12:54:11 +0530] "GET /api/news-agg/narendramodi/?format=json&from_date=&to_date= HTTP/1.1" 200 448 "http://apsma.msr-it.com/" "Mozilla/5.0 (X11; Linux x86_64) AppleWebKit/537.36 (KHTML, like Gecko) Chrome/59.0.3071.115 Safari/537.36"
10.1.11.22 - - [23/Aug/2017:12:54:11 +0530] "GET /api/facebook-agg/narendramodi/?format=json&from_date=&to_date= HTTP/1.1" 200 571 "http://apsma.msr-it.com/" "Mozilla/5.0 (X11; Linux x86_64) AppleWebKit/537.36 (KHTML, like Gecko) Chrome/59.0.3071.115 Safari/537.36"
10.1.11.22 - - [23/Aug/2017:12:54:11 +0530] "GET /api/usermanage/getkeywords/1/ HTTP/1.1" 200 1866 "http://apsma.msr-it.com/" "Mozilla/5.0 (X11; Linux x86_64) AppleWebKit/537.36 (KHTML, like Gecko) Chrome/59.0.3071.115 Safari/537.36"
10.1.11.22 - - [23/Aug/2017:12:54:11 +0530] "GET /api/consolidated/narendramodi/?format=json&from_date=&to_date= HTTP/1.1" 200 107580 "http://apsma.msr-it.com/" "Mozilla/5.0 (X11; Linux x86_64) AppleWebKit/537.36 (KHTML, like Gecko) Chrome/59.0.3071.115 Safari/537.36"
::1 - - [23/Aug/2017:12:54:16 +0530] "OPTIONS * HTTP/1.0" 200 125 "-" "Apache/2.4.7 (Ubuntu) mod_wsgi/3.4 Python/2.7.6 (internal dummy connection)"
::1 - - [23/Aug/2017:12:54:19 +0530] "OPTIONS * HTTP/1.0" 200 125 "-" "Apache/2.4.7 (Ubuntu) mod_wsgi/3.4 Python/2.7.6 (internal dummy connection)"
::1 - - [23/Aug/2017:12:54:20 +0530] "OPTIONS * HTTP/1.0" 200 125 "-" "Apache/2.4.7 (Ubuntu) mod_wsgi/3.4 Python/2.7.6 (internal dummy connection)"
10.1.11.22 - - [23/Aug/2017:12:54:35 +0530] "GET /api/usermanage/getkeywords/1/ HTTP/1.1" 200 1846 "http://apsma.msr-it.com/" "Mozilla/5.0 (X11; Linux x86_64) AppleWebKit/537.36 (KHTML, like Gecko) Chrome/59.0.3071.115 Safari/537.36"
10.1.11.22 - - [23/Aug/2017:12:56:26 +0530] "GET /api/twitter-agg/narendramodi/?format=json&from_date=&to_date= HTTP/1.1" 200 323 "http://apsma.msr-it.com/" "Mozilla/5.0 (X11; Linux x86_64) AppleWebKit/537.36 (KHTML, like Gecko) Chrome/59.0.3071.115 Safari/537.36"
10.1.11.22 - - [23/Aug/2017:12:56:26 +0530] "GET /api/facebook-agg/narendramodi/?format=json&from_date=&to_date= HTTP/1.1" 200 572 "http://apsma.msr-it.com/" "Mozilla/5.0 (X11; Linux x86_64) AppleWebKit/537.36 (KHTML, like Gecko) Chrome/59.0.3071.115 Safari/537.36"
10.1.11.22 - - [23/Aug/2017:12:56:26 +0530] "GET /api/news-agg/narendramodi/?format=json&from_date=&to_date= HTTP/1.1" 200 448 "http://apsma.msr-it.com/" "Mozilla/5.0 (X11; Linux x86_64) AppleWebKit/537.36 (KHTML, like Gecko) Chrome/59.0.3071.115 Safari/537.36"
10.1.11.22 - - [23/Aug/2017:12:56:26 +0530] "GET /api/youtube-agg/narendramodi/?format=json&from_date=&to_date= HTTP/1.1" 200 323 "http://apsma.msr-it.com/" "Mozilla/5.0 (X11; Linux x86_64) AppleWebKit/537.36 (KHTML, like Gecko) Chrome/59.0.3071.115 Safari/537.36"
10.1.11.22 - - [23/Aug/2017:12:56:26 +0530] "GET /api/consolidated/narendramodi/?format=json&from_date=&to_date= HTTP/1.1" 200 107580 "http://apsma.msr-it.com/" "Mozilla/5.0 (X11; Linux x86_64) AppleWebKit/537.36 (KHTML, like Gecko) Chrome/59.0.3071.115 Safari/537.36"
10.1.11.22 - - [23/Aug/2017:12:56:26 +0530] "GET /api/usermanage/getkeywords/1/ HTTP/1.1" 200 1846 "http://apsma.msr-it.com/" "Mozilla/5.0 (X11; Linux x86_64) AppleWebKit/537.36 (KHTML, like Gecko) Chrome/59.0.3071.115 Safari/537.36"
10.1.11.22 - - [23/Aug/2017:12:56:33 +0530] "GET /api/usermanage/getkeywords/1/ HTTP/1.1" 200 1846 "http://apsma.msr-it.com/" "Mozilla/5.0 (X11; Linux x86_64) AppleWebKit/537.36 (KHTML, like Gecko) Chrome/59.0.3071.115 Safari/537.36"
10.1.11.22 - - [23/Aug/2017:12:56:26 +0530] "GET /api/topics/narendramodi/?format=json&from_date=&to_date= HTTP/1.1" 200 36172 "http://apsma.msr-it.com/" "Mozilla/5.0 (X11; Linux x86_64) AppleWebKit/537.36 (KHTML, like Gecko) Chrome/59.0.3071.115 Safari/537.36"
::1 - - [23/Aug/2017:12:56:48 +0530] "OPTIONS * HTTP/1.0" 200 125 "-" "Apache/2.4.7 (Ubuntu) mod_wsgi/3.4 Python/2.7.6 (internal dummy connection)"
10.1.11.22 - - [23/Aug/2017:12:57:01 +0530] "OPTIONS /api/usermanage/updatekeyword/5/ HTTP/1.1" 200 475 "http://apsma.msr-it.com/" "Mozilla/5.0 (X11; Linux x86_64) AppleWebKit/537.36 (KHTML, like Gecko) Chrome/59.0.3071.115 Safari/537.36"
10.1.11.22 - - [23/Aug/2017:12:57:01 +0530] "PUT /api/usermanage/updatekeyword/5/ HTTP/1.1" 500 15262 "http://apsma.msr-it.com/" "Mozilla/5.0 (X11; Linux x86_64) AppleWebKit/537.36 (KHTML, like Gecko) Chrome/59.0.3071.115 Safari/537.36"
10.1.7.48 - - [23/Aug/2017:12:57:57 +0530] "GET /api/usermanage/getkeywords/1 HTTP/1.1" 301 291 "http://10.1.7.48:4082/apsma_new/sivasankar/" "Mozilla/5.0 (Windows NT 6.3; WOW64) AppleWebKit/537.36 (KHTML, like Gecko) Chrome/54.0.2840.99 Safari/537.36"
10.1.7.48 - - [23/Aug/2017:12:57:57 +0530] "GET /api/youtube-agg/narendramodi?format=json&from_date=&to_date= HTTP/1.1" 301 323 "http://10.1.7.48:4082/apsma_new/sivasankar/" "Mozilla/5.0 (Windows NT 6.3; WOW64) AppleWebKit/537.36 (KHTML, like Gecko) Chrome/54.0.2840.99 Safari/537.36"
10.1.7.48 - - [23/Aug/2017:12:57:57 +0530] "GET /api/twitter-agg/narendramodi?format=json&from_date=&to_date= HTTP/1.1" 301 323 "http://10.1.7.48:4082/apsma_new/sivasankar/" "Mozilla/5.0 (Windows NT 6.3; WOW64) AppleWebKit/537.36 (KHTML, like Gecko) Chrome/54.0.2840.99 Safari/537.36"
10.1.7.48 - - [23/Aug/2017:12:57:57 +0530] "GET /api/news-agg/narendramodi?format=json&from_date=&to_date= HTTP/1.1" 301 320 "http://10.1.7.48:4082/apsma_new/sivasankar/" "Mozilla/5.0 (Windows NT 6.3; WOW64) AppleWebKit/537.36 (KHTML, like Gecko) Chrome/54.0.2840.99 Safari/537.36"
10.1.7.48 - - [23/Aug/2017:12:57:57 +0530] "GET /api/topics/narendramodi?format=json&from_date=&to_date= HTTP/1.1" 301 318 "http://10.1.7.48:4082/apsma_new/sivasankar/" "Mozilla/5.0 (Windows NT 6.3; WOW64) AppleWebKit/537.36 (KHTML, like Gecko) Chrome/54.0.2840.99 Safari/537.36"
10.1.7.48 - - [23/Aug/2017:12:57:57 +0530] "GET /api/facebook-agg/narendramodi?format=json&from_date=&to_date= HTTP/1.1" 301 324 "http://10.1.7.48:4082/apsma_new/sivasankar/" "Mozilla/5.0 (Windows NT 6.3; WOW64) AppleWebKit/537.36 (KHTML, like Gecko) Chrome/54.0.2840.99 Safari/537.36"
10.1.7.48 - - [23/Aug/2017:12:57:57 +0530] "GET /api/consolidated/narendramodi?format=json&from_date=&to_date= HTTP/1.1" 301 323 "http://10.1.7.48:4082/apsma_new/sivasankar/" "Mozilla/5.0 (Windows NT 6.3; WOW64) AppleWebKit/537.36 (KHTML, like Gecko) Chrome/54.0.2840.99 Safari/537.36"
10.1.7.48 - - [23/Aug/2017:12:57:57 +0530] "GET /api/twitter-agg/narendramodi/?format=json&from_date=&to_date= HTTP/1.1" 200 322 "http://10.1.7.48:4082/apsma_new/sivasankar/" "Mozilla/5.0 (Windows NT 6.3; WOW64) AppleWebKit/537.36 (KHTML, like Gecko) Chrome/54.0.2840.99 Safari/537.36"
10.1.7.48 - - [23/Aug/2017:12:57:57 +0530] "GET /api/youtube-agg/narendramodi/?format=json&from_date=&to_date= HTTP/1.1" 200 322 "http://10.1.7.48:4082/apsma_new/sivasankar/" "Mozilla/5.0 (Windows NT 6.3; WOW64) AppleWebKit/537.36 (KHTML, like Gecko) Chrome/54.0.2840.99 Safari/537.36"
10.1.7.48 - - [23/Aug/2017:12:57:57 +0530] "GET /api/sentiment/narendramodi/?format=json&from_date=&to_date= HTTP/1.1" 200 342 "http://10.1.7.48:4082/apsma_new/sivasankar/" "Mozilla/5.0 (Windows NT 6.3; WOW64) AppleWebKit/537.36 (KHTML, like Gecko) Chrome/54.0.2840.99 Safari/537.36"
10.1.7.48 - - [23/Aug/2017:12:57:57 +0530] "GET /api/usermanage/getkeywords/1/ HTTP/1.1" 200 1845 "http://10.1.7.48:4082/apsma_new/sivasankar/" "Mozilla/5.0 (Windows NT 6.3; WOW64) AppleWebKit/537.36 (KHTML, like Gecko) Chrome/54.0.2840.99 Safari/537.36"
10.1.7.48 - - [23/Aug/2017:12:57:57 +0530] "GET /api/facebook-agg/narendramodi/?format=json&from_date=&to_date= HTTP/1.1" 200 571 "http://10.1.7.48:4082/apsma_new/sivasankar/" "Mozilla/5.0 (Windows NT 6.3; WOW64) AppleWebKit/537.36 (KHTML, like Gecko) Chrome/54.0.2840.99 Safari/537.36"
10.1.7.48 - - [23/Aug/2017:12:57:57 +0530] "GET /api/topics/narendramodi/?format=json&from_date=&to_date= HTTP/1.1" 200 36171 "http://10.1.7.48:4082/apsma_new/sivasankar/" "Mozilla/5.0 (Windows NT 6.3; WOW64) AppleWebKit/537.36 (KHTML, like Gecko) Chrome/54.0.2840.99 Safari/537.36"
10.1.7.48 - - [23/Aug/2017:12:57:57 +0530] "GET /api/news-agg/narendramodi/?format=json&from_date=&to_date= HTTP/1.1" 200 447 "http://10.1.7.48:4082/apsma_new/sivasankar/" "Mozilla/5.0 (Windows NT 6.3; WOW64) AppleWebKit/537.36 (KHTML, like Gecko) Chrome/54.0.2840.99 Safari/537.36"
10.1.7.48 - - [23/Aug/2017:12:57:58 +0530] "GET /api/consolidated/narendramodi/?format=json&from_date=&to_date= HTTP/1.1" 200 107580 "http://10.1.7.48:4082/apsma_new/sivasankar/" "Mozilla/5.0 (Windows NT 6.3; WOW64) AppleWebKit/537.36 (KHTML, like Gecko) Chrome/54.0.2840.99 Safari/537.36"
10.1.7.48 - - [23/Aug/2017:12:57:57 +0530] "GET /api/wordcloud/narendramodi/?format=json&from_date=&to_date= HTTP/1.1" 200 655 "http://10.1.7.48:4082/apsma_new/sivasankar/" "Mozilla/5.0 (Windows NT 6.3; WOW64) AppleWebKit/537.36 (KHTML, like Gecko) Chrome/54.0.2840.99 Safari/537.36"
::1 - - [23/Aug/2017:12:58:08 +0530] "OPTIONS * HTTP/1.0" 200 125 "-" "Apache/2.4.7 (Ubuntu) mod_wsgi/3.4 Python/2.7.6 (internal dummy connection)"
10.1.7.48 - - [23/Aug/2017:12:58:53 +0530] "GET /api/usermanage/getkeywords/1 HTTP/1.1" 301 291 "http://10.1.7.48:4082/apsma_new/sivasankar/" "Mozilla/5.0 (Windows NT 6.3; WOW64) AppleWebKit/537.36 (KHTML, like Gecko) Chrome/54.0.2840.99 Safari/537.36"
10.1.7.48 - - [23/Aug/2017:12:58:53 +0530] "GET /api/twitter-agg/narendramodi?format=json&from_date=&to_date= HTTP/1.1" 301 323 "http://10.1.7.48:4082/apsma_new/sivasankar/" "Mozilla/5.0 (Windows NT 6.3; WOW64) AppleWebKit/537.36 (KHTML, like Gecko) Chrome/54.0.2840.99 Safari/537.36"
10.1.7.48 - - [23/Aug/2017:12:58:53 +0530] "GET /api/youtube-agg/narendramodi?format=json&from_date=&to_date= HTTP/1.1" 301 323 "http://10.1.7.48:4082/apsma_new/sivasankar/" "Mozilla/5.0 (Windows NT 6.3; WOW64) AppleWebKit/537.36 (KHTML, like Gecko) Chrome/54.0.2840.99 Safari/537.36"
10.1.7.48 - - [23/Aug/2017:12:58:53 +0530] "GET /api/news-agg/narendramodi?format=json&from_date=&to_date= HTTP/1.1" 301 320 "http://10.1.7.48:4082/apsma_new/sivasankar/" "Mozilla/5.0 (Windows NT 6.3; WOW64) AppleWebKit/537.36 (KHTML, like Gecko) Chrome/54.0.2840.99 Safari/537.36"
10.1.7.48 - - [23/Aug/2017:12:58:53 +0530] "GET /api/facebook-agg/narendramodi?format=json&from_date=&to_date= HTTP/1.1" 301 324 "http://10.1.7.48:4082/apsma_new/sivasankar/" "Mozilla/5.0 (Windows NT 6.3; WOW64) AppleWebKit/537.36 (KHTML, like Gecko) Chrome/54.0.2840.99 Safari/537.36"
10.1.7.48 - - [23/Aug/2017:12:58:53 +0530] "GET /api/topics/narendramodi?format=json&from_date=&to_date= HTTP/1.1" 301 318 "http://10.1.7.48:4082/apsma_new/sivasankar/" "Mozilla/5.0 (Windows NT 6.3; WOW64) AppleWebKit/537.36 (KHTML, like Gecko) Chrome/54.0.2840.99 Safari/537.36"
10.1.7.48 - - [23/Aug/2017:12:58:53 +0530] "GET /api/consolidated/narendramodi?format=json&from_date=&to_date= HTTP/1.1" 301 323 "http://10.1.7.48:4082/apsma_new/sivasankar/" "Mozilla/5.0 (Windows NT 6.3; WOW64) AppleWebKit/537.36 (KHTML, like Gecko) Chrome/54.0.2840.99 Safari/537.36"
10.1.7.48 - - [23/Aug/2017:12:58:53 +0530] "GET /api/twitter-agg/narendramodi/?format=json&from_date=&to_date= HTTP/1.1" 200 322 "http://10.1.7.48:4082/apsma_new/sivasankar/" "Mozilla/5.0 (Windows NT 6.3; WOW64) AppleWebKit/537.36 (KHTML, like Gecko) Chrome/54.0.2840.99 Safari/537.36"
10.1.7.48 - - [23/Aug/2017:12:58:53 +0530] "GET /api/youtube-agg/narendramodi/?format=json&from_date=&to_date= HTTP/1.1" 200 322 "http://10.1.7.48:4082/apsma_new/sivasankar/" "Mozilla/5.0 (Windows NT 6.3; WOW64) AppleWebKit/537.36 (KHTML, like Gecko) Chrome/54.0.2840.99 Safari/537.36"
10.1.7.48 - - [23/Aug/2017:12:58:53 +0530] "GET /api/wordcloud/narendramodi/?format=json&from_date=&to_date= HTTP/1.1" 200 655 "http://10.1.7.48:4082/apsma_new/sivasankar/" "Mozilla/5.0 (Windows NT 6.3; WOW64) AppleWebKit/537.36 (KHTML, like Gecko) Chrome/54.0.2840.99 Safari/537.36"
10.1.7.48 - - [23/Aug/2017:12:58:53 +0530] "GET /api/news-agg/narendramodi/?format=json&from_date=&to_date= HTTP/1.1" 200 447 "http://10.1.7.48:4082/apsma_new/sivasankar/" "Mozilla/5.0 (Windows NT 6.3; WOW64) AppleWebKit/537.36 (KHTML, like Gecko) Chrome/54.0.2840.99 Safari/537.36"
10.1.7.48 - - [23/Aug/2017:12:58:53 +0530] "GET /api/sentiment/narendramodi/?format=json&from_date=&to_date= HTTP/1.1" 200 342 "http://10.1.7.48:4082/apsma_new/sivasankar/" "Mozilla/5.0 (Windows NT 6.3; WOW64) AppleWebKit/537.36 (KHTML, like Gecko) Chrome/54.0.2840.99 Safari/537.36"
10.1.7.48 - - [23/Aug/2017:12:58:53 +0530] "GET /api/facebook-agg/narendramodi/?format=json&from_date=&to_date= HTTP/1.1" 200 571 "http://10.1.7.48:4082/apsma_new/sivasankar/" "Mozilla/5.0 (Windows NT 6.3; WOW64) AppleWebKit/537.36 (KHTML, like Gecko) Chrome/54.0.2840.99 Safari/537.36"
10.1.7.48 - - [23/Aug/2017:12:58:53 +0530] "GET /api/topics/narendramodi/?format=json&from_date=&to_date= HTTP/1.1" 200 36171 "http://10.1.7.48:4082/apsma_new/sivasankar/" "Mozilla/5.0 (Windows NT 6.3; WOW64) AppleWebKit/537.36 (KHTML, like Gecko) Chrome/54.0.2840.99 Safari/537.36"
10.1.7.48 - - [23/Aug/2017:12:58:53 +0530] "GET /api/usermanage/getkeywords/1/ HTTP/1.1" 200 1845 "http://10.1.7.48:4082/apsma_new/sivasankar/" "Mozilla/5.0 (Windows NT 6.3; WOW64) AppleWebKit/537.36 (KHTML, like Gecko) Chrome/54.0.2840.99 Safari/537.36"
10.1.7.48 - - [23/Aug/2017:12:58:53 +0530] "GET /api/consolidated/narendramodi/?format=json&from_date=&to_date= HTTP/1.1" 200 107580 "http://10.1.7.48:4082/apsma_new/sivasankar/" "Mozilla/5.0 (Windows NT 6.3; WOW64) AppleWebKit/537.36 (KHTML, like Gecko) Chrome/54.0.2840.99 Safari/537.36"
::1 - - [23/Aug/2017:12:58:59 +0530] "OPTIONS * HTTP/1.0" 200 125 "-" "Apache/2.4.7 (Ubuntu) mod_wsgi/3.4 Python/2.7.6 (internal dummy connection)"
10.1.11.22 - - [23/Aug/2017:12:59:08 +0530] "GET /api/usermanage/getkeywords/1/ HTTP/1.1" 200 1846 "http://apsma.msr-it.com/" "Mozilla/5.0 (X11; Linux x86_64) AppleWebKit/537.36 (KHTML, like Gecko) Chrome/59.0.3071.115 Safari/537.36"
10.1.11.22 - - [23/Aug/2017:12:59:17 +0530] "GET /api/usermanage/getkeywords/1 HTTP/1.1" 301 290 "http://apsma.msr-it.com/" "Mozilla/5.0 (X11; Linux x86_64) AppleWebKit/537.36 (KHTML, like Gecko) Chrome/59.0.3071.115 Safari/537.36"
10.1.11.22 - - [23/Aug/2017:12:59:17 +0530] "GET /api/usermanage/getkeywords/1/ HTTP/1.1" 200 1845 "http://apsma.msr-it.com/" "Mozilla/5.0 (X11; Linux x86_64) AppleWebKit/537.36 (KHTML, like Gecko) Chrome/59.0.3071.115 Safari/537.36"
::1 - - [23/Aug/2017:12:59:23 +0530] "OPTIONS * HTTP/1.0" 200 125 "-" "Apache/2.4.7 (Ubuntu) mod_wsgi/3.4 Python/2.7.6 (internal dummy connection)"
::1 - - [23/Aug/2017:12:59:25 +0530] "OPTIONS * HTTP/1.0" 200 125 "-" "Apache/2.4.7 (Ubuntu) mod_wsgi/3.4 Python/2.7.6 (internal dummy connection)"
10.1.11.22 - - [23/Aug/2017:12:59:25 +0530] "PUT /api/usermanage/updatekeyword/5/ HTTP/1.1" 200 380 "http://apsma.msr-it.com/" "Mozilla/5.0 (X11; Linux x86_64) AppleWebKit/537.36 (KHTML, like Gecko) Chrome/59.0.3071.115 Safari/537.36"
10.1.11.22 - - [23/Aug/2017:12:59:25 +0530] "GET /api/usermanage/getkeywords/1/ HTTP/1.1" 200 1842 "http://apsma.msr-it.com/" "Mozilla/5.0 (X11; Linux x86_64) AppleWebKit/537.36 (KHTML, like Gecko) Chrome/59.0.3071.115 Safari/537.36"
::1 - - [23/Aug/2017:12:59:26 +0530] "OPTIONS * HTTP/1.0" 200 125 "-" "Apache/2.4.7 (Ubuntu) mod_wsgi/3.4 Python/2.7.6 (internal dummy connection)"
::1 - - [23/Aug/2017:12:59:28 +0530] "OPTIONS * HTTP/1.0" 200 125 "-" "Apache/2.4.7 (Ubuntu) mod_wsgi/3.4 Python/2.7.6 (internal dummy connection)"
::1 - - [23/Aug/2017:12:59:33 +0530] "OPTIONS * HTTP/1.0" 200 125 "-" "Apache/2.4.7 (Ubuntu) mod_wsgi/3.4 Python/2.7.6 (internal dummy connection)"
10.1.11.22 - - [23/Aug/2017:12:59:34 +0530] "GET /api/usermanage/getchannels/1 HTTP/1.1" 301 291 "http://apsma.msr-it.com/" "Mozilla/5.0 (X11; Linux x86_64) AppleWebKit/537.36 (KHTML, like Gecko) Chrome/59.0.3071.115 Safari/537.36"
10.1.11.22 - - [23/Aug/2017:12:59:35 +0530] "GET /api/usermanage/getchannels/1/ HTTP/1.1" 200 1820 "http://apsma.msr-it.com/" "Mozilla/5.0 (X11; Linux x86_64) AppleWebKit/537.36 (KHTML, like Gecko) Chrome/59.0.3071.115 Safari/537.36"
