10.1.7.48 - - [23/Aug/2017:10:50:22 +0530] "GET /api/news-agg/narendramodi/?format=json&from_date=&to_date= HTTP/1.1" 200 542 "http://10.1.7.48:4082/apsma_new/sivasankar/" "Mozilla/5.0 (Windows NT 6.3; WOW64) AppleWebKit/537.36 (KHTML, like Gecko) Chrome/54.0.2840.99 Safari/537.36"
10.1.7.48 - - [23/Aug/2017:10:50:22 +0530] "GET /api/usermanage/getkeywords/1/ HTTP/1.1" 200 1865 "http://10.1.7.48:4082/apsma_new/sivasankar/" "Mozilla/5.0 (Windows NT 6.3; WOW64) AppleWebKit/537.36 (KHTML, like Gecko) Chrome/54.0.2840.99 Safari/537.36"
10.1.7.48 - - [23/Aug/2017:10:50:22 +0530] "GET /api/facebook-agg/narendramodi/?format=json&from_date=&to_date= HTTP/1.1" 200 575 "http://10.1.7.48:4082/apsma_new/sivasankar/" "Mozilla/5.0 (Windows NT 6.3; WOW64) AppleWebKit/537.36 (KHTML, like Gecko) Chrome/54.0.2840.99 Safari/537.36"
10.1.7.48 - - [23/Aug/2017:10:50:22 +0530] "GET /api/topics/narendramodi/?format=json&from_date=&to_date= HTTP/1.1" 200 89057 "http://10.1.7.48:4082/apsma_new/sivasankar/" "Mozilla/5.0 (Windows NT 6.3; WOW64) AppleWebKit/537.36 (KHTML, like Gecko) Chrome/54.0.2840.99 Safari/537.36"
10.1.7.48 - - [23/Aug/2017:10:50:22 +0530] "GET /api/twitter-agg/narendramodi/?format=json&from_date=&to_date= HTTP/1.1" 200 527 "http://10.1.7.48:4082/apsma_new/sivasankar/" "Mozilla/5.0 (Windows NT 6.3; WOW64) AppleWebKit/537.36 (KHTML, like Gecko) Chrome/54.0.2840.99 Safari/537.36"
10.1.7.48 - - [23/Aug/2017:10:50:22 +0530] "GET /api/consolidated/narendramodi/?format=json&from_date=&to_date= HTTP/1.1" 200 165310 "http://10.1.7.48:4082/apsma_new/sivasankar/" "Mozilla/5.0 (Windows NT 6.3; WOW64) AppleWebKit/537.36 (KHTML, like Gecko) Chrome/54.0.2840.99 Safari/537.36"
::1 - - [23/Aug/2017:10:50:25 +0530] "OPTIONS * HTTP/1.0" 200 125 "-" "Apache/2.4.7 (Ubuntu) mod_wsgi/3.4 Python/2.7.6 (internal dummy connection)"
10.1.7.48 - - [23/Aug/2017:10:50:41 +0530] "GET /api/usermanage/getkeywords/1 HTTP/1.1" 301 291 "http://10.1.7.48:4082/apsma_new/sivasankar/" "Mozilla/5.0 (Windows NT 6.3; WOW64) AppleWebKit/537.36 (KHTML, like Gecko) Chrome/54.0.2840.99 Safari/537.36"
10.1.7.48 - - [23/Aug/2017:10:50:41 +0530] "GET /api/twitter-agg/narendramodi?format=json&from_date=&to_date= HTTP/1.1" 301 323 "http://10.1.7.48:4082/apsma_new/sivasankar/" "Mozilla/5.0 (Windows NT 6.3; WOW64) AppleWebKit/537.36 (KHTML, like Gecko) Chrome/54.0.2840.99 Safari/537.36"
10.1.7.48 - - [23/Aug/2017:10:50:41 +0530] "GET /api/news-agg/narendramodi?format=json&from_date=&to_date= HTTP/1.1" 301 320 "http://10.1.7.48:4082/apsma_new/sivasankar/" "Mozilla/5.0 (Windows NT 6.3; WOW64) AppleWebKit/537.36 (KHTML, like Gecko) Chrome/54.0.2840.99 Safari/537.36"
10.1.7.48 - - [23/Aug/2017:10:50:41 +0530] "GET /api/youtube-agg/narendramodi?format=json&from_date=&to_date= HTTP/1.1" 301 323 "http://10.1.7.48:4082/apsma_new/sivasankar/" "Mozilla/5.0 (Windows NT 6.3; WOW64) AppleWebKit/537.36 (KHTML, like Gecko) Chrome/54.0.2840.99 Safari/537.36"
10.1.7.48 - - [23/Aug/2017:10:50:41 +0530] "GET /api/topics/narendramodi?format=json&from_date=&to_date= HTTP/1.1" 301 318 "http://10.1.7.48:4082/apsma_new/sivasankar/" "Mozilla/5.0 (Windows NT 6.3; WOW64) AppleWebKit/537.36 (KHTML, like Gecko) Chrome/54.0.2840.99 Safari/537.36"
10.1.7.48 - - [23/Aug/2017:10:50:41 +0530] "GET /api/facebook-agg/narendramodi?format=json&from_date=&to_date= HTTP/1.1" 301 324 "http://10.1.7.48:4082/apsma_new/sivasankar/" "Mozilla/5.0 (Windows NT 6.3; WOW64) AppleWebKit/537.36 (KHTML, like Gecko) Chrome/54.0.2840.99 Safari/537.36"
10.1.7.48 - - [23/Aug/2017:10:50:41 +0530] "GET /api/consolidated/narendramodi?format=json&from_date=&to_date= HTTP/1.1" 301 323 "http://10.1.7.48:4082/apsma_new/sivasankar/" "Mozilla/5.0 (Windows NT 6.3; WOW64) AppleWebKit/537.36 (KHTML, like Gecko) Chrome/54.0.2840.99 Safari/537.36"
10.1.7.48 - - [23/Aug/2017:10:50:41 +0530] "GET /api/youtube-agg/narendramodi/?format=json&from_date=&to_date= HTTP/1.1" 200 322 "http://10.1.7.48:4082/apsma_new/sivasankar/" "Mozilla/5.0 (Windows NT 6.3; WOW64) AppleWebKit/537.36 (KHTML, like Gecko) Chrome/54.0.2840.99 Safari/537.36"
10.1.7.48 - - [23/Aug/2017:10:50:41 +0530] "GET /api/news-agg/narendramodi/?format=json&from_date=&to_date= HTTP/1.1" 200 541 "http://10.1.7.48:4082/apsma_new/sivasankar/" "Mozilla/5.0 (Windows NT 6.3; WOW64) AppleWebKit/537.36 (KHTML, like Gecko) Chrome/54.0.2840.99 Safari/537.36"
10.1.7.48 - - [23/Aug/2017:10:50:41 +0530] "GET /api/usermanage/getkeywords/1/ HTTP/1.1" 200 1865 "http://10.1.7.48:4082/apsma_new/sivasankar/" "Mozilla/5.0 (Windows NT 6.3; WOW64) AppleWebKit/537.36 (KHTML, like Gecko) Chrome/54.0.2840.99 Safari/537.36"
10.1.7.48 - - [23/Aug/2017:10:50:41 +0530] "GET /api/facebook-agg/narendramodi/?format=json&from_date=&to_date= HTTP/1.1" 200 574 "http://10.1.7.48:4082/apsma_new/sivasankar/" "Mozilla/5.0 (Windows NT 6.3; WOW64) AppleWebKit/537.36 (KHTML, like Gecko) Chrome/54.0.2840.99 Safari/537.36"
10.1.7.48 - - [23/Aug/2017:10:50:41 +0530] "GET /api/sentiment/narendramodi/?format=json&from_date=&to_date= HTTP/1.1" 200 348 "http://10.1.7.48:4082/apsma_new/sivasankar/" "Mozilla/5.0 (Windows NT 6.3; WOW64) AppleWebKit/537.36 (KHTML, like Gecko) Chrome/54.0.2840.99 Safari/537.36"
10.1.7.48 - - [23/Aug/2017:10:50:41 +0530] "GET /api/twitter-agg/narendramodi/?format=json&from_date=&to_date= HTTP/1.1" 200 526 "http://10.1.7.48:4082/apsma_new/sivasankar/" "Mozilla/5.0 (Windows NT 6.3; WOW64) AppleWebKit/537.36 (KHTML, like Gecko) Chrome/54.0.2840.99 Safari/537.36"
10.1.7.48 - - [23/Aug/2017:10:50:41 +0530] "GET /api/topics/narendramodi/?format=json&from_date=&to_date= HTTP/1.1" 200 89056 "http://10.1.7.48:4082/apsma_new/sivasankar/" "Mozilla/5.0 (Windows NT 6.3; WOW64) AppleWebKit/537.36 (KHTML, like Gecko) Chrome/54.0.2840.99 Safari/537.36"
10.1.7.48 - - [23/Aug/2017:10:50:42 +0530] "GET /api/consolidated/narendramodi/?format=json&from_date=&to_date= HTTP/1.1" 200 165310 "http://10.1.7.48:4082/apsma_new/sivasankar/" "Mozilla/5.0 (Windows NT 6.3; WOW64) AppleWebKit/537.36 (KHTML, like Gecko) Chrome/54.0.2840.99 Safari/537.36"
::1 - - [23/Aug/2017:10:50:45 +0530] "OPTIONS * HTTP/1.0" 200 125 "-" "Apache/2.4.7 (Ubuntu) mod_wsgi/3.4 Python/2.7.6 (internal dummy connection)"
10.1.7.48 - - [23/Aug/2017:10:51:15 +0530] "GET /api/usermanage/getkeywords/1 HTTP/1.1" 301 291 "http://10.1.7.48:4082/apsma_new/sivasankar/" "Mozilla/5.0 (Windows NT 6.3; WOW64) AppleWebKit/537.36 (KHTML, like Gecko) Chrome/54.0.2840.99 Safari/537.36"
10.1.7.48 - - [23/Aug/2017:10:51:15 +0530] "GET /api/twitter-agg/narendramodi?format=json&from_date=&to_date= HTTP/1.1" 301 323 "http://10.1.7.48:4082/apsma_new/sivasankar/" "Mozilla/5.0 (Windows NT 6.3; WOW64) AppleWebKit/537.36 (KHTML, like Gecko) Chrome/54.0.2840.99 Safari/537.36"
10.1.7.48 - - [23/Aug/2017:10:51:15 +0530] "GET /api/news-agg/narendramodi?format=json&from_date=&to_date= HTTP/1.1" 301 320 "http://10.1.7.48:4082/apsma_new/sivasankar/" "Mozilla/5.0 (Windows NT 6.3; WOW64) AppleWebKit/537.36 (KHTML, like Gecko) Chrome/54.0.2840.99 Safari/537.36"
10.1.7.48 - - [23/Aug/2017:10:51:15 +0530] "GET /api/facebook-agg/narendramodi?format=json&from_date=&to_date= HTTP/1.1" 301 324 "http://10.1.7.48:4082/apsma_new/sivasankar/" "Mozilla/5.0 (Windows NT 6.3; WOW64) AppleWebKit/537.36 (KHTML, like Gecko) Chrome/54.0.2840.99 Safari/537.36"
10.1.7.48 - - [23/Aug/2017:10:51:15 +0530] "GET /api/topics/narendramodi?format=json&from_date=&to_date= HTTP/1.1" 301 318 "http://10.1.7.48:4082/apsma_new/sivasankar/" "Mozilla/5.0 (Windows NT 6.3; WOW64) AppleWebKit/537.36 (KHTML, like Gecko) Chrome/54.0.2840.99 Safari/537.36"
10.1.7.48 - - [23/Aug/2017:10:51:15 +0530] "GET /api/youtube-agg/narendramodi?format=json&from_date=&to_date= HTTP/1.1" 301 323 "http://10.1.7.48:4082/apsma_new/sivasankar/" "Mozilla/5.0 (Windows NT 6.3; WOW64) AppleWebKit/537.36 (KHTML, like Gecko) Chrome/54.0.2840.99 Safari/537.36"
10.1.7.48 - - [23/Aug/2017:10:51:16 +0530] "GET /api/consolidated/narendramodi?format=json&from_date=&to_date= HTTP/1.1" 301 323 "http://10.1.7.48:4082/apsma_new/sivasankar/" "Mozilla/5.0 (Windows NT 6.3; WOW64) AppleWebKit/537.36 (KHTML, like Gecko) Chrome/54.0.2840.99 Safari/537.36"
10.1.7.48 - - [23/Aug/2017:10:51:16 +0530] "GET /api/news-agg/narendramodi/?format=json&from_date=&to_date= HTTP/1.1" 200 541 "http://10.1.7.48:4082/apsma_new/sivasankar/" "Mozilla/5.0 (Windows NT 6.3; WOW64) AppleWebKit/537.36 (KHTML, like Gecko) Chrome/54.0.2840.99 Safari/537.36"
10.1.7.48 - - [23/Aug/2017:10:51:16 +0530] "GET /api/facebook-agg/narendramodi/?format=json&from_date=&to_date= HTTP/1.1" 200 574 "http://10.1.7.48:4082/apsma_new/sivasankar/" "Mozilla/5.0 (Windows NT 6.3; WOW64) AppleWebKit/537.36 (KHTML, like Gecko) Chrome/54.0.2840.99 Safari/537.36"
10.1.7.48 - - [23/Aug/2017:10:51:16 +0530] "GET /api/youtube-agg/narendramodi/?format=json&from_date=&to_date= HTTP/1.1" 200 322 "http://10.1.7.48:4082/apsma_new/sivasankar/" "Mozilla/5.0 (Windows NT 6.3; WOW64) AppleWebKit/537.36 (KHTML, like Gecko) Chrome/54.0.2840.99 Safari/537.36"
10.1.7.48 - - [23/Aug/2017:10:51:16 +0530] "GET /api/usermanage/getkeywords/1/ HTTP/1.1" 200 1865 "http://10.1.7.48:4082/apsma_new/sivasankar/" "Mozilla/5.0 (Windows NT 6.3; WOW64) AppleWebKit/537.36 (KHTML, like Gecko) Chrome/54.0.2840.99 Safari/537.36"
10.1.7.48 - - [23/Aug/2017:10:51:16 +0530] "GET /api/topics/narendramodi/?format=json&from_date=&to_date= HTTP/1.1" 200 89056 "http://10.1.7.48:4082/apsma_new/sivasankar/" "Mozilla/5.0 (Windows NT 6.3; WOW64) AppleWebKit/537.36 (KHTML, like Gecko) Chrome/54.0.2840.99 Safari/537.36"
10.1.7.48 - - [23/Aug/2017:10:51:16 +0530] "GET /api/twitter-agg/narendramodi/?format=json&from_date=&to_date= HTTP/1.1" 200 526 "http://10.1.7.48:4082/apsma_new/sivasankar/" "Mozilla/5.0 (Windows NT 6.3; WOW64) AppleWebKit/537.36 (KHTML, like Gecko) Chrome/54.0.2840.99 Safari/537.36"
10.1.7.48 - - [23/Aug/2017:10:51:16 +0530] "GET /api/sentiment/narendramodi/?format=json&from_date=&to_date= HTTP/1.1" 200 348 "http://10.1.7.48:4082/apsma_new/sivasankar/" "Mozilla/5.0 (Windows NT 6.3; WOW64) AppleWebKit/537.36 (KHTML, like Gecko) Chrome/54.0.2840.99 Safari/537.36"
10.1.7.48 - - [23/Aug/2017:10:51:16 +0530] "GET /api/consolidated/narendramodi/?format=json&from_date=&to_date= HTTP/1.1" 200 165310 "http://10.1.7.48:4082/apsma_new/sivasankar/" "Mozilla/5.0 (Windows NT 6.3; WOW64) AppleWebKit/537.36 (KHTML, like Gecko) Chrome/54.0.2840.99 Safari/537.36"
::1 - - [23/Aug/2017:10:51:25 +0530] "OPTIONS * HTTP/1.0" 200 125 "-" "Apache/2.4.7 (Ubuntu) mod_wsgi/3.4 Python/2.7.6 (internal dummy connection)"
10.1.7.48 - - [23/Aug/2017:10:51:43 +0530] "GET /api/twitter-agg/trafficking?format=json&from_date=2017-08-16&to_date=2017-08-23 HTTP/1.1" 301 342 "http://10.1.7.48:4082/apsma_new/sivasankar/" "Mozilla/5.0 (Windows NT 6.3; WOW64) AppleWebKit/537.36 (KHTML, like Gecko) Chrome/54.0.2840.99 Safari/537.36"
10.1.7.48 - - [23/Aug/2017:10:51:43 +0530] "GET /api/youtube-agg/trafficking?format=json&from_date=2017-08-16&to_date=2017-08-23 HTTP/1.1" 301 342 "http://10.1.7.48:4082/apsma_new/sivasankar/" "Mozilla/5.0 (Windows NT 6.3; WOW64) AppleWebKit/537.36 (KHTML, like Gecko) Chrome/54.0.2840.99 Safari/537.36"
10.1.7.48 - - [23/Aug/2017:10:51:43 +0530] "GET /api/facebook-agg/trafficking?format=json&from_date=2017-08-16&to_date=2017-08-23 HTTP/1.1" 301 343 "http://10.1.7.48:4082/apsma_new/sivasankar/" "Mozilla/5.0 (Windows NT 6.3; WOW64) AppleWebKit/537.36 (KHTML, like Gecko) Chrome/54.0.2840.99 Safari/537.36"
10.1.7.48 - - [23/Aug/2017:10:51:43 +0530] "GET /api/news-agg/trafficking?format=json&from_date=2017-08-16&to_date=2017-08-23 HTTP/1.1" 301 339 "http://10.1.7.48:4082/apsma_new/sivasankar/" "Mozilla/5.0 (Windows NT 6.3; WOW64) AppleWebKit/537.36 (KHTML, like Gecko) Chrome/54.0.2840.99 Safari/537.36"
10.1.7.48 - - [23/Aug/2017:10:51:43 +0530] "GET /api/topics/trafficking?format=json&from_date=2017-08-16&to_date=2017-08-23 HTTP/1.1" 301 337 "http://10.1.7.48:4082/apsma_new/sivasankar/" "Mozilla/5.0 (Windows NT 6.3; WOW64) AppleWebKit/537.36 (KHTML, like Gecko) Chrome/54.0.2840.99 Safari/537.36"
10.1.7.48 - - [23/Aug/2017:10:51:43 +0530] "GET /api/sentiment/trafficking/?format=json&from_date=2017-08-16&to_date=2017-08-23 HTTP/1.1" 200 343 "http://10.1.7.48:4082/apsma_new/sivasankar/" "Mozilla/5.0 (Windows NT 6.3; WOW64) AppleWebKit/537.36 (KHTML, like Gecko) Chrome/54.0.2840.99 Safari/537.36"
10.1.7.48 - - [23/Aug/2017:10:51:43 +0530] "GET /api/consolidated/trafficking?format=json&from_date=2017-08-16&to_date=2017-08-23 HTTP/1.1" 301 342 "http://10.1.7.48:4082/apsma_new/sivasankar/" "Mozilla/5.0 (Windows NT 6.3; WOW64) AppleWebKit/537.36 (KHTML, like Gecko) Chrome/54.0.2840.99 Safari/537.36"
10.1.7.48 - - [23/Aug/2017:10:51:46 +0530] "GET /api/news-agg/trafficking/?format=json&from_date=2017-08-16&to_date=2017-08-23 HTTP/1.1" 200 384 "http://10.1.7.48:4082/apsma_new/sivasankar/" "Mozilla/5.0 (Windows NT 6.3; WOW64) AppleWebKit/537.36 (KHTML, like Gecko) Chrome/54.0.2840.99 Safari/537.36"
10.1.7.48 - - [23/Aug/2017:10:51:46 +0530] "GET /api/facebook-agg/trafficking/?format=json&from_date=2017-08-16&to_date=2017-08-23 HTTP/1.1" 200 540 "http://10.1.7.48:4082/apsma_new/sivasankar/" "Mozilla/5.0 (Windows NT 6.3; WOW64) AppleWebKit/537.36 (KHTML, like Gecko) Chrome/54.0.2840.99 Safari/537.36"
10.1.7.48 - - [23/Aug/2017:10:51:46 +0530] "GET /api/youtube-agg/trafficking/?format=json&from_date=2017-08-16&to_date=2017-08-23 HTTP/1.1" 200 322 "http://10.1.7.48:4082/apsma_new/sivasankar/" "Mozilla/5.0 (Windows NT 6.3; WOW64) AppleWebKit/537.36 (KHTML, like Gecko) Chrome/54.0.2840.99 Safari/537.36"
10.1.7.48 - - [23/Aug/2017:10:51:46 +0530] "GET /api/usermanage/getkeywords/1/ HTTP/1.1" 200 1865 "http://10.1.7.48:4082/apsma_new/sivasankar/" "Mozilla/5.0 (Windows NT 6.3; WOW64) AppleWebKit/537.36 (KHTML, like Gecko) Chrome/54.0.2840.99 Safari/537.36"
10.1.7.48 - - [23/Aug/2017:10:51:46 +0530] "GET /api/twitter-agg/trafficking/?format=json&from_date=2017-08-16&to_date=2017-08-23 HTTP/1.1" 200 356 "http://10.1.7.48:4082/apsma_new/sivasankar/" "Mozilla/5.0 (Windows NT 6.3; WOW64) AppleWebKit/537.36 (KHTML, like Gecko) Chrome/54.0.2840.99 Safari/537.36"
10.1.7.48 - - [23/Aug/2017:10:51:46 +0530] "GET /api/consolidated/trafficking/?format=json&from_date=2017-08-16&to_date=2017-08-23 HTTP/1.1" 200 120034 "http://10.1.7.48:4082/apsma_new/sivasankar/" "Mozilla/5.0 (Windows NT 6.3; WOW64) AppleWebKit/537.36 (KHTML, like Gecko) Chrome/54.0.2840.99 Safari/537.36"
10.1.7.48 - - [23/Aug/2017:10:51:46 +0530] "GET /api/topics/trafficking/?format=json&from_date=2017-08-16&to_date=2017-08-23 HTTP/1.1" 200 103141 "http://10.1.7.48:4082/apsma_new/sivasankar/" "Mozilla/5.0 (Windows NT 6.3; WOW64) AppleWebKit/537.36 (KHTML, like Gecko) Chrome/54.0.2840.99 Safari/537.36"
10.1.11.2 - - [23/Aug/2017:10:53:18 +0530] "GET /api/consolidated/trafficking/?format=json&from_date=2017-08-16&to_date=2017-08-23 HTTP/1.1" 200 117568 "-" "Mozilla/5.0 (X11; Ubuntu; Linux x86_64; rv:54.0) Gecko/20100101 Firefox/54.0"
10.1.11.2 - - [23/Aug/2017:10:54:25 +0530] "GET /favicon.ico HTTP/1.1" 404 2836 "-" "Mozilla/5.0 (X11; Ubuntu; Linux x86_64; rv:54.0) Gecko/20100101 Firefox/54.0"
10.1.11.2 - - [23/Aug/2017:10:54:25 +0530] "GET /favicon.ico HTTP/1.1" 404 2836 "-" "Mozilla/5.0 (X11; Ubuntu; Linux x86_64; rv:54.0) Gecko/20100101 Firefox/54.0"
::1 - - [23/Aug/2017:10:54:31 +0530] "OPTIONS * HTTP/1.0" 200 125 "-" "Apache/2.4.7 (Ubuntu) mod_wsgi/3.4 Python/2.7.6 (internal dummy connection)"
10.1.7.48 - - [23/Aug/2017:11:15:34 +0530] "GET /api/usermanage/getkeywords/1 HTTP/1.1" 301 291 "http://10.1.7.48:4082/apsma_new/sivasankar/" "Mozilla/5.0 (Windows NT 6.3; WOW64) AppleWebKit/537.36 (KHTML, like Gecko) Chrome/54.0.2840.99 Safari/537.36"
10.1.7.48 - - [23/Aug/2017:11:15:34 +0530] "GET /api/twitter-agg/narendramodi?format=json&from_date=&to_date= HTTP/1.1" 301 323 "http://10.1.7.48:4082/apsma_new/sivasankar/" "Mozilla/5.0 (Windows NT 6.3; WOW64) AppleWebKit/537.36 (KHTML, like Gecko) Chrome/54.0.2840.99 Safari/537.36"
10.1.7.48 - - [23/Aug/2017:11:15:34 +0530] "GET /api/news-agg/narendramodi?format=json&from_date=&to_date= HTTP/1.1" 301 320 "http://10.1.7.48:4082/apsma_new/sivasankar/" "Mozilla/5.0 (Windows NT 6.3; WOW64) AppleWebKit/537.36 (KHTML, like Gecko) Chrome/54.0.2840.99 Safari/537.36"
10.1.7.48 - - [23/Aug/2017:11:15:34 +0530] "GET /api/youtube-agg/narendramodi?format=json&from_date=&to_date= HTTP/1.1" 301 323 "http://10.1.7.48:4082/apsma_new/sivasankar/" "Mozilla/5.0 (Windows NT 6.3; WOW64) AppleWebKit/537.36 (KHTML, like Gecko) Chrome/54.0.2840.99 Safari/537.36"
10.1.7.48 - - [23/Aug/2017:11:15:34 +0530] "GET /api/topics/narendramodi?format=json&from_date=&to_date= HTTP/1.1" 301 318 "http://10.1.7.48:4082/apsma_new/sivasankar/" "Mozilla/5.0 (Windows NT 6.3; WOW64) AppleWebKit/537.36 (KHTML, like Gecko) Chrome/54.0.2840.99 Safari/537.36"
10.1.7.48 - - [23/Aug/2017:11:15:34 +0530] "GET /api/facebook-agg/narendramodi?format=json&from_date=&to_date= HTTP/1.1" 301 324 "http://10.1.7.48:4082/apsma_new/sivasankar/" "Mozilla/5.0 (Windows NT 6.3; WOW64) AppleWebKit/537.36 (KHTML, like Gecko) Chrome/54.0.2840.99 Safari/537.36"
10.1.7.48 - - [23/Aug/2017:11:15:34 +0530] "GET /api/consolidated/narendramodi?format=json&from_date=&to_date= HTTP/1.1" 301 323 "http://10.1.7.48:4082/apsma_new/sivasankar/" "Mozilla/5.0 (Windows NT 6.3; WOW64) AppleWebKit/537.36 (KHTML, like Gecko) Chrome/54.0.2840.99 Safari/537.36"
10.1.7.48 - - [23/Aug/2017:11:15:34 +0530] "GET /api/youtube-agg/narendramodi/?format=json&from_date=&to_date= HTTP/1.1" 200 322 "http://10.1.7.48:4082/apsma_new/sivasankar/" "Mozilla/5.0 (Windows NT 6.3; WOW64) AppleWebKit/537.36 (KHTML, like Gecko) Chrome/54.0.2840.99 Safari/537.36"
10.1.7.48 - - [23/Aug/2017:11:15:34 +0530] "GET /api/news-agg/narendramodi/?format=json&from_date=&to_date= HTTP/1.1" 200 541 "http://10.1.7.48:4082/apsma_new/sivasankar/" "Mozilla/5.0 (Windows NT 6.3; WOW64) AppleWebKit/537.36 (KHTML, like Gecko) Chrome/54.0.2840.99 Safari/537.36"
10.1.7.48 - - [23/Aug/2017:11:15:34 +0530] "GET /api/usermanage/getkeywords/1/ HTTP/1.1" 200 1865 "http://10.1.7.48:4082/apsma_new/sivasankar/" "Mozilla/5.0 (Windows NT 6.3; WOW64) AppleWebKit/537.36 (KHTML, like Gecko) Chrome/54.0.2840.99 Safari/537.36"
10.1.7.48 - - [23/Aug/2017:11:15:34 +0530] "GET /api/facebook-agg/narendramodi/?format=json&from_date=&to_date= HTTP/1.1" 200 574 "http://10.1.7.48:4082/apsma_new/sivasankar/" "Mozilla/5.0 (Windows NT 6.3; WOW64) AppleWebKit/537.36 (KHTML, like Gecko) Chrome/54.0.2840.99 Safari/537.36"
10.1.7.48 - - [23/Aug/2017:11:15:34 +0530] "GET /api/twitter-agg/narendramodi/?format=json&from_date=&to_date= HTTP/1.1" 200 526 "http://10.1.7.48:4082/apsma_new/sivasankar/" "Mozilla/5.0 (Windows NT 6.3; WOW64) AppleWebKit/537.36 (KHTML, like Gecko) Chrome/54.0.2840.99 Safari/537.36"
10.1.7.48 - - [23/Aug/2017:11:15:34 +0530] "GET /api/sentiment/narendramodi/?format=json&from_date=&to_date= HTTP/1.1" 200 348 "http://10.1.7.48:4082/apsma_new/sivasankar/" "Mozilla/5.0 (Windows NT 6.3; WOW64) AppleWebKit/537.36 (KHTML, like Gecko) Chrome/54.0.2840.99 Safari/537.36"
10.1.7.48 - - [23/Aug/2017:11:15:35 +0530] "GET /api/consolidated/narendramodi/?format=json&from_date=&to_date= HTTP/1.1" 200 166002 "http://10.1.7.48:4082/apsma_new/sivasankar/" "Mozilla/5.0 (Windows NT 6.3; WOW64) AppleWebKit/537.36 (KHTML, like Gecko) Chrome/54.0.2840.99 Safari/537.36"
10.1.7.48 - - [23/Aug/2017:11:16:05 +0530] "GET /api/usermanage/getkeywords/1 HTTP/1.1" 301 291 "http://10.1.7.48:4082/apsma_new/sivasankar/" "Mozilla/5.0 (Windows NT 6.3; WOW64) AppleWebKit/537.36 (KHTML, like Gecko) Chrome/54.0.2840.99 Safari/537.36"
10.1.7.48 - - [23/Aug/2017:11:16:05 +0530] "GET /api/twitter-agg/narendramodi?format=json&from_date=&to_date= HTTP/1.1" 301 323 "http://10.1.7.48:4082/apsma_new/sivasankar/" "Mozilla/5.0 (Windows NT 6.3; WOW64) AppleWebKit/537.36 (KHTML, like Gecko) Chrome/54.0.2840.99 Safari/537.36"
10.1.7.48 - - [23/Aug/2017:11:16:05 +0530] "GET /api/news-agg/narendramodi?format=json&from_date=&to_date= HTTP/1.1" 301 320 "http://10.1.7.48:4082/apsma_new/sivasankar/" "Mozilla/5.0 (Windows NT 6.3; WOW64) AppleWebKit/537.36 (KHTML, like Gecko) Chrome/54.0.2840.99 Safari/537.36"
10.1.7.48 - - [23/Aug/2017:11:16:05 +0530] "GET /api/youtube-agg/narendramodi?format=json&from_date=&to_date= HTTP/1.1" 301 323 "http://10.1.7.48:4082/apsma_new/sivasankar/" "Mozilla/5.0 (Windows NT 6.3; WOW64) AppleWebKit/537.36 (KHTML, like Gecko) Chrome/54.0.2840.99 Safari/537.36"
10.1.7.48 - - [23/Aug/2017:11:16:05 +0530] "GET /api/topics/narendramodi?format=json&from_date=&to_date= HTTP/1.1" 301 318 "http://10.1.7.48:4082/apsma_new/sivasankar/" "Mozilla/5.0 (Windows NT 6.3; WOW64) AppleWebKit/537.36 (KHTML, like Gecko) Chrome/54.0.2840.99 Safari/537.36"
10.1.7.48 - - [23/Aug/2017:11:16:05 +0530] "GET /api/facebook-agg/narendramodi?format=json&from_date=&to_date= HTTP/1.1" 301 324 "http://10.1.7.48:4082/apsma_new/sivasankar/" "Mozilla/5.0 (Windows NT 6.3; WOW64) AppleWebKit/537.36 (KHTML, like Gecko) Chrome/54.0.2840.99 Safari/537.36"
10.1.7.48 - - [23/Aug/2017:11:16:05 +0530] "GET /api/consolidated/narendramodi?format=json&from_date=&to_date= HTTP/1.1" 301 323 "http://10.1.7.48:4082/apsma_new/sivasankar/" "Mozilla/5.0 (Windows NT 6.3; WOW64) AppleWebKit/537.36 (KHTML, like Gecko) Chrome/54.0.2840.99 Safari/537.36"
10.1.7.48 - - [23/Aug/2017:11:16:05 +0530] "GET /api/youtube-agg/narendramodi/?format=json&from_date=&to_date= HTTP/1.1" 200 322 "http://10.1.7.48:4082/apsma_new/sivasankar/" "Mozilla/5.0 (Windows NT 6.3; WOW64) AppleWebKit/537.36 (KHTML, like Gecko) Chrome/54.0.2840.99 Safari/537.36"
10.1.7.48 - - [23/Aug/2017:11:16:05 +0530] "GET /api/news-agg/narendramodi/?format=json&from_date=&to_date= HTTP/1.1" 200 541 "http://10.1.7.48:4082/apsma_new/sivasankar/" "Mozilla/5.0 (Windows NT 6.3; WOW64) AppleWebKit/537.36 (KHTML, like Gecko) Chrome/54.0.2840.99 Safari/537.36"
10.1.7.48 - - [23/Aug/2017:11:16:05 +0530] "GET /api/facebook-agg/narendramodi/?format=json&from_date=&to_date= HTTP/1.1" 200 574 "http://10.1.7.48:4082/apsma_new/sivasankar/" "Mozilla/5.0 (Windows NT 6.3; WOW64) AppleWebKit/537.36 (KHTML, like Gecko) Chrome/54.0.2840.99 Safari/537.36"
10.1.7.48 - - [23/Aug/2017:11:16:05 +0530] "GET /api/usermanage/getkeywords/1/ HTTP/1.1" 200 1865 "http://10.1.7.48:4082/apsma_new/sivasankar/" "Mozilla/5.0 (Windows NT 6.3; WOW64) AppleWebKit/537.36 (KHTML, like Gecko) Chrome/54.0.2840.99 Safari/537.36"
10.1.7.48 - - [23/Aug/2017:11:16:05 +0530] "GET /api/twitter-agg/narendramodi/?format=json&from_date=&to_date= HTTP/1.1" 200 526 "http://10.1.7.48:4082/apsma_new/sivasankar/" "Mozilla/5.0 (Windows NT 6.3; WOW64) AppleWebKit/537.36 (KHTML, like Gecko) Chrome/54.0.2840.99 Safari/537.36"
10.1.7.48 - - [23/Aug/2017:11:16:05 +0530] "GET /api/sentiment/narendramodi/?format=json&from_date=&to_date= HTTP/1.1" 200 348 "http://10.1.7.48:4082/apsma_new/sivasankar/" "Mozilla/5.0 (Windows NT 6.3; WOW64) AppleWebKit/537.36 (KHTML, like Gecko) Chrome/54.0.2840.99 Safari/537.36"
10.1.7.48 - - [23/Aug/2017:11:16:06 +0530] "GET /api/consolidated/narendramodi/?format=json&from_date=&to_date= HTTP/1.1" 200 166002 "http://10.1.7.48:4082/apsma_new/sivasankar/" "Mozilla/5.0 (Windows NT 6.3; WOW64) AppleWebKit/537.36 (KHTML, like Gecko) Chrome/54.0.2840.99 Safari/537.36"
10.1.7.48 - - [23/Aug/2017:11:15:34 +0530] "GET /api/topics/narendramodi/?format=json&from_date=&to_date= HTTP/1.1" 200 85961 "http://10.1.7.48:4082/apsma_new/sivasankar/" "Mozilla/5.0 (Windows NT 6.3; WOW64) AppleWebKit/537.36 (KHTML, like Gecko) Chrome/54.0.2840.99 Safari/537.36"
::1 - - [23/Aug/2017:11:16:53 +0530] "OPTIONS * HTTP/1.0" 200 125 "-" "Apache/2.4.7 (Ubuntu) mod_wsgi/3.4 Python/2.7.6 (internal dummy connection)"
10.1.7.48 - - [23/Aug/2017:11:17:17 +0530] "GET /api/youtube-agg/narendramodi?format=json&from_date=&to_date= HTTP/1.1" 301 323 "http://10.1.7.48:4082/apsma_new/sivasankar/" "Mozilla/5.0 (Windows NT 6.3; WOW64) AppleWebKit/537.36 (KHTML, like Gecko) Chrome/54.0.2840.99 Safari/537.36"
10.1.7.48 - - [23/Aug/2017:11:17:17 +0530] "GET /api/twitter-agg/narendramodi?format=json&from_date=&to_date= HTTP/1.1" 301 323 "http://10.1.7.48:4082/apsma_new/sivasankar/" "Mozilla/5.0 (Windows NT 6.3; WOW64) AppleWebKit/537.36 (KHTML, like Gecko) Chrome/54.0.2840.99 Safari/537.36"
10.1.7.48 - - [23/Aug/2017:11:17:17 +0530] "GET /api/facebook-agg/narendramodi?format=json&from_date=&to_date= HTTP/1.1" 301 324 "http://10.1.7.48:4082/apsma_new/sivasankar/" "Mozilla/5.0 (Windows NT 6.3; WOW64) AppleWebKit/537.36 (KHTML, like Gecko) Chrome/54.0.2840.99 Safari/537.36"
10.1.7.48 - - [23/Aug/2017:11:17:17 +0530] "GET /api/usermanage/getkeywords/1 HTTP/1.1" 301 291 "http://10.1.7.48:4082/apsma_new/sivasankar/" "Mozilla/5.0 (Windows NT 6.3; WOW64) AppleWebKit/537.36 (KHTML, like Gecko) Chrome/54.0.2840.99 Safari/537.36"
10.1.7.48 - - [23/Aug/2017:11:17:17 +0530] "GET /api/news-agg/narendramodi?format=json&from_date=&to_date= HTTP/1.1" 301 320 "http://10.1.7.48:4082/apsma_new/sivasankar/" "Mozilla/5.0 (Windows NT 6.3; WOW64) AppleWebKit/537.36 (KHTML, like Gecko) Chrome/54.0.2840.99 Safari/537.36"
10.1.7.48 - - [23/Aug/2017:11:17:17 +0530] "GET /api/topics/narendramodi?format=json&from_date=&to_date= HTTP/1.1" 301 318 "http://10.1.7.48:4082/apsma_new/sivasankar/" "Mozilla/5.0 (Windows NT 6.3; WOW64) AppleWebKit/537.36 (KHTML, like Gecko) Chrome/54.0.2840.99 Safari/537.36"
10.1.7.48 - - [23/Aug/2017:11:17:18 +0530] "GET /api/consolidated/narendramodi?format=json&from_date=&to_date= HTTP/1.1" 301 323 "http://10.1.7.48:4082/apsma_new/sivasankar/" "Mozilla/5.0 (Windows NT 6.3; WOW64) AppleWebKit/537.36 (KHTML, like Gecko) Chrome/54.0.2840.99 Safari/537.36"
10.1.7.48 - - [23/Aug/2017:11:17:18 +0530] "GET /api/youtube-agg/narendramodi/?format=json&from_date=&to_date= HTTP/1.1" 200 322 "http://10.1.7.48:4082/apsma_new/sivasankar/" "Mozilla/5.0 (Windows NT 6.3; WOW64) AppleWebKit/537.36 (KHTML, like Gecko) Chrome/54.0.2840.99 Safari/537.36"
10.1.7.48 - - [23/Aug/2017:11:17:18 +0530] "GET /api/news-agg/narendramodi/?format=json&from_date=&to_date= HTTP/1.1" 200 541 "http://10.1.7.48:4082/apsma_new/sivasankar/" "Mozilla/5.0 (Windows NT 6.3; WOW64) AppleWebKit/537.36 (KHTML, like Gecko) Chrome/54.0.2840.99 Safari/537.36"
10.1.7.48 - - [23/Aug/2017:11:17:18 +0530] "GET /api/facebook-agg/narendramodi/?format=json&from_date=&to_date= HTTP/1.1" 200 574 "http://10.1.7.48:4082/apsma_new/sivasankar/" "Mozilla/5.0 (Windows NT 6.3; WOW64) AppleWebKit/537.36 (KHTML, like Gecko) Chrome/54.0.2840.99 Safari/537.36"
10.1.7.48 - - [23/Aug/2017:11:17:18 +0530] "GET /api/usermanage/getkeywords/1/ HTTP/1.1" 200 1865 "http://10.1.7.48:4082/apsma_new/sivasankar/" "Mozilla/5.0 (Windows NT 6.3; WOW64) AppleWebKit/537.36 (KHTML, like Gecko) Chrome/54.0.2840.99 Safari/537.36"
10.1.7.48 - - [23/Aug/2017:11:17:18 +0530] "GET /api/twitter-agg/narendramodi/?format=json&from_date=&to_date= HTTP/1.1" 200 526 "http://10.1.7.48:4082/apsma_new/sivasankar/" "Mozilla/5.0 (Windows NT 6.3; WOW64) AppleWebKit/537.36 (KHTML, like Gecko) Chrome/54.0.2840.99 Safari/537.36"
10.1.7.48 - - [23/Aug/2017:11:17:18 +0530] "GET /api/topics/narendramodi/?format=json&from_date=&to_date= HTTP/1.1" 200 85961 "http://10.1.7.48:4082/apsma_new/sivasankar/" "Mozilla/5.0 (Windows NT 6.3; WOW64) AppleWebKit/537.36 (KHTML, like Gecko) Chrome/54.0.2840.99 Safari/537.36"
10.1.7.48 - - [23/Aug/2017:11:17:18 +0530] "GET /api/sentiment/narendramodi/?format=json&from_date=&to_date= HTTP/1.1" 200 348 "http://10.1.7.48:4082/apsma_new/sivasankar/" "Mozilla/5.0 (Windows NT 6.3; WOW64) AppleWebKit/537.36 (KHTML, like Gecko) Chrome/54.0.2840.99 Safari/537.36"
10.1.7.48 - - [23/Aug/2017:11:17:18 +0530] "GET /api/consolidated/narendramodi/?format=json&from_date=&to_date= HTTP/1.1" 200 166002 "http://10.1.7.48:4082/apsma_new/sivasankar/" "Mozilla/5.0 (Windows NT 6.3; WOW64) AppleWebKit/537.36 (KHTML, like Gecko) Chrome/54.0.2840.99 Safari/537.36"
10.1.7.48 - - [23/Aug/2017:11:16:05 +0530] "GET /api/topics/narendramodi/?format=json&from_date=&to_date= HTTP/1.1" 200 85961 "http://10.1.7.48:4082/apsma_new/sivasankar/" "Mozilla/5.0 (Windows NT 6.3; WOW64) AppleWebKit/537.36 (KHTML, like Gecko) Chrome/54.0.2840.99 Safari/537.36"
::1 - - [23/Aug/2017:11:17:25 +0530] "OPTIONS * HTTP/1.0" 200 125 "-" "Apache/2.4.7 (Ubuntu) mod_wsgi/3.4 Python/2.7.6 (internal dummy connection)"
::1 - - [23/Aug/2017:11:17:26 +0530] "OPTIONS * HTTP/1.0" 200 125 "-" "Apache/2.4.7 (Ubuntu) mod_wsgi/3.4 Python/2.7.6 (internal dummy connection)"
10.1.7.48 - - [23/Aug/2017:11:19:02 +0530] "GET /api/usermanage/getkeywords/1 HTTP/1.1" 301 291 "http://10.1.7.48:4082/apsma_new/sivasankar/" "Mozilla/5.0 (Windows NT 6.3; WOW64) AppleWebKit/537.36 (KHTML, like Gecko) Chrome/54.0.2840.99 Safari/537.36"
10.1.7.48 - - [23/Aug/2017:11:19:02 +0530] "GET /api/twitter-agg/narendramodi?format=json&from_date=&to_date= HTTP/1.1" 301 323 "http://10.1.7.48:4082/apsma_new/sivasankar/" "Mozilla/5.0 (Windows NT 6.3; WOW64) AppleWebKit/537.36 (KHTML, like Gecko) Chrome/54.0.2840.99 Safari/537.36"
10.1.7.48 - - [23/Aug/2017:11:19:02 +0530] "GET /api/news-agg/narendramodi?format=json&from_date=&to_date= HTTP/1.1" 301 320 "http://10.1.7.48:4082/apsma_new/sivasankar/" "Mozilla/5.0 (Windows NT 6.3; WOW64) AppleWebKit/537.36 (KHTML, like Gecko) Chrome/54.0.2840.99 Safari/537.36"
10.1.7.48 - - [23/Aug/2017:11:19:02 +0530] "GET /api/youtube-agg/narendramodi?format=json&from_date=&to_date= HTTP/1.1" 301 323 "http://10.1.7.48:4082/apsma_new/sivasankar/" "Mozilla/5.0 (Windows NT 6.3; WOW64) AppleWebKit/537.36 (KHTML, like Gecko) Chrome/54.0.2840.99 Safari/537.36"
10.1.7.48 - - [23/Aug/2017:11:19:02 +0530] "GET /api/topics/narendramodi?format=json&from_date=&to_date= HTTP/1.1" 301 318 "http://10.1.7.48:4082/apsma_new/sivasankar/" "Mozilla/5.0 (Windows NT 6.3; WOW64) AppleWebKit/537.36 (KHTML, like Gecko) Chrome/54.0.2840.99 Safari/537.36"
10.1.7.48 - - [23/Aug/2017:11:19:02 +0530] "GET /api/facebook-agg/narendramodi?format=json&from_date=&to_date= HTTP/1.1" 301 324 "http://10.1.7.48:4082/apsma_new/sivasankar/" "Mozilla/5.0 (Windows NT 6.3; WOW64) AppleWebKit/537.36 (KHTML, like Gecko) Chrome/54.0.2840.99 Safari/537.36"
10.1.7.48 - - [23/Aug/2017:11:19:02 +0530] "GET /api/consolidated/narendramodi?format=json&from_date=&to_date= HTTP/1.1" 301 323 "http://10.1.7.48:4082/apsma_new/sivasankar/" "Mozilla/5.0 (Windows NT 6.3; WOW64) AppleWebKit/537.36 (KHTML, like Gecko) Chrome/54.0.2840.99 Safari/537.36"
10.1.7.48 - - [23/Aug/2017:11:19:02 +0530] "GET /api/news-agg/narendramodi/?format=json&from_date=&to_date= HTTP/1.1" 200 541 "http://10.1.7.48:4082/apsma_new/sivasankar/" "Mozilla/5.0 (Windows NT 6.3; WOW64) AppleWebKit/537.36 (KHTML, like Gecko) Chrome/54.0.2840.99 Safari/537.36"
10.1.7.48 - - [23/Aug/2017:11:19:02 +0530] "GET /api/youtube-agg/narendramodi/?format=json&from_date=&to_date= HTTP/1.1" 200 322 "http://10.1.7.48:4082/apsma_new/sivasankar/" "Mozilla/5.0 (Windows NT 6.3; WOW64) AppleWebKit/537.36 (KHTML, like Gecko) Chrome/54.0.2840.99 Safari/537.36"
10.1.7.48 - - [23/Aug/2017:11:19:02 +0530] "GET /api/facebook-agg/narendramodi/?format=json&from_date=&to_date= HTTP/1.1" 200 574 "http://10.1.7.48:4082/apsma_new/sivasankar/" "Mozilla/5.0 (Windows NT 6.3; WOW64) AppleWebKit/537.36 (KHTML, like Gecko) Chrome/54.0.2840.99 Safari/537.36"
10.1.7.48 - - [23/Aug/2017:11:19:02 +0530] "GET /api/usermanage/getkeywords/1/ HTTP/1.1" 200 1865 "http://10.1.7.48:4082/apsma_new/sivasankar/" "Mozilla/5.0 (Windows NT 6.3; WOW64) AppleWebKit/537.36 (KHTML, like Gecko) Chrome/54.0.2840.99 Safari/537.36"
10.1.7.48 - - [23/Aug/2017:11:19:02 +0530] "GET /api/topics/narendramodi/?format=json&from_date=&to_date= HTTP/1.1" 200 85961 "http://10.1.7.48:4082/apsma_new/sivasankar/" "Mozilla/5.0 (Windows NT 6.3; WOW64) AppleWebKit/537.36 (KHTML, like Gecko) Chrome/54.0.2840.99 Safari/537.36"
10.1.7.48 - - [23/Aug/2017:11:19:02 +0530] "GET /api/twitter-agg/narendramodi/?format=json&from_date=&to_date= HTTP/1.1" 200 526 "http://10.1.7.48:4082/apsma_new/sivasankar/" "Mozilla/5.0 (Windows NT 6.3; WOW64) AppleWebKit/537.36 (KHTML, like Gecko) Chrome/54.0.2840.99 Safari/537.36"
10.1.7.48 - - [23/Aug/2017:11:19:02 +0530] "GET /api/sentiment/narendramodi/?format=json&from_date=&to_date= HTTP/1.1" 200 348 "http://10.1.7.48:4082/apsma_new/sivasankar/" "Mozilla/5.0 (Windows NT 6.3; WOW64) AppleWebKit/537.36 (KHTML, like Gecko) Chrome/54.0.2840.99 Safari/537.36"
10.1.7.48 - - [23/Aug/2017:11:19:03 +0530] "GET /api/consolidated/narendramodi/?format=json&from_date=&to_date= HTTP/1.1" 200 166002 "http://10.1.7.48:4082/apsma_new/sivasankar/" "Mozilla/5.0 (Windows NT 6.3; WOW64) AppleWebKit/537.36 (KHTML, like Gecko) Chrome/54.0.2840.99 Safari/537.36"
::1 - - [23/Aug/2017:11:19:12 +0530] "OPTIONS * HTTP/1.0" 200 125 "-" "Apache/2.4.7 (Ubuntu) mod_wsgi/3.4 Python/2.7.6 (internal dummy connection)"
127.0.0.1 - - [23/Aug/2017:11:28:50 +0530] "GET /api/wordcloud/narendramodi/ HTTP/1.1" 200 1810 "-" "Mozilla/5.0 (X11; Ubuntu; Linux x86_64; rv:45.0) Gecko/20100101 Firefox/45.0"
127.0.0.1 - - [23/Aug/2017:11:28:55 +0530] "GET /static/rest_framework/css/bootstrap-tweaks.css HTTP/1.1" 200 1592 "http://apsmaapi.msr-it.com/api/wordcloud/narendramodi/" "Mozilla/5.0 (X11; Ubuntu; Linux x86_64; rv:45.0) Gecko/20100101 Firefox/45.0"
127.0.0.1 - - [23/Aug/2017:11:28:55 +0530] "GET /static/rest_framework/css/prettify.css HTTP/1.1" 200 725 "http://apsmaapi.msr-it.com/api/wordcloud/narendramodi/" "Mozilla/5.0 (X11; Ubuntu; Linux x86_64; rv:45.0) Gecko/20100101 Firefox/45.0"
127.0.0.1 - - [23/Aug/2017:11:28:55 +0530] "GET /static/rest_framework/css/bootstrap.min.css HTTP/1.1" 200 20082 "http://apsmaapi.msr-it.com/api/wordcloud/narendramodi/" "Mozilla/5.0 (X11; Ubuntu; Linux x86_64; rv:45.0) Gecko/20100101 Firefox/45.0"
127.0.0.1 - - [23/Aug/2017:11:28:55 +0530] "GET /static/rest_framework/css/default.css HTTP/1.1" 200 930 "http://apsmaapi.msr-it.com/api/wordcloud/narendramodi/" "Mozilla/5.0 (X11; Ubuntu; Linux x86_64; rv:45.0) Gecko/20100101 Firefox/45.0"
127.0.0.1 - - [23/Aug/2017:11:28:55 +0530] "GET /static/rest_framework/js/csrf.js HTTP/1.1" 200 1139 "http://apsmaapi.msr-it.com/api/wordcloud/narendramodi/" "Mozilla/5.0 (X11; Ubuntu; Linux x86_64; rv:45.0) Gecko/20100101 Firefox/45.0"
127.0.0.1 - - [23/Aug/2017:11:28:55 +0530] "GET /static/rest_framework/js/ajax-form.js HTTP/1.1" 200 1586 "http://apsmaapi.msr-it.com/api/wordcloud/narendramodi/" "Mozilla/5.0 (X11; Ubuntu; Linux x86_64; rv:45.0) Gecko/20100101 Firefox/45.0"
127.0.0.1 - - [23/Aug/2017:11:28:55 +0530] "GET /static/rest_framework/js/prettify-min.js HTTP/1.1" 200 6375 "http://apsmaapi.msr-it.com/api/wordcloud/narendramodi/" "Mozilla/5.0 (X11; Ubuntu; Linux x86_64; rv:45.0) Gecko/20100101 Firefox/45.0"
127.0.0.1 - - [23/Aug/2017:11:28:55 +0530] "GET /static/rest_framework/js/bootstrap.min.js HTTP/1.1" 200 10184 "http://apsmaapi.msr-it.com/api/wordcloud/narendramodi/" "Mozilla/5.0 (X11; Ubuntu; Linux x86_64; rv:45.0) Gecko/20100101 Firefox/45.0"
127.0.0.1 - - [23/Aug/2017:11:28:55 +0530] "GET /static/rest_framework/js/default.js HTTP/1.1" 200 916 "http://apsmaapi.msr-it.com/api/wordcloud/narendramodi/" "Mozilla/5.0 (X11; Ubuntu; Linux x86_64; rv:45.0) Gecko/20100101 Firefox/45.0"
127.0.0.1 - - [23/Aug/2017:11:28:55 +0530] "GET /static/rest_framework/js/jquery-1.12.4.min.js HTTP/1.1" 200 34112 "http://apsmaapi.msr-it.com/api/wordcloud/narendramodi/" "Mozilla/5.0 (X11; Ubuntu; Linux x86_64; rv:45.0) Gecko/20100101 Firefox/45.0"
127.0.0.1 - - [23/Aug/2017:11:28:55 +0530] "GET /static/rest_framework/img/grid.png HTTP/1.1" 304 179 "http://apsmaapi.msr-it.com/static/rest_framework/css/bootstrap-tweaks.css" "Mozilla/5.0 (X11; Ubuntu; Linux x86_64; rv:45.0) Gecko/20100101 Firefox/45.0"
127.0.0.1 - - [23/Aug/2017:11:29:33 +0530] "GET /api/wordcloud/narendramodi/ HTTP/1.1" 200 2289 "-" "Mozilla/5.0 (X11; Ubuntu; Linux x86_64; rv:45.0) Gecko/20100101 Firefox/45.0"
127.0.0.1 - - [23/Aug/2017:11:29:46 +0530] "GET /static/rest_framework/css/bootstrap-tweaks.css HTTP/1.1" 200 1592 "http://apsmaapi.msr-it.com/api/wordcloud/narendramodi/" "Mozilla/5.0 (X11; Ubuntu; Linux x86_64; rv:45.0) Gecko/20100101 Firefox/45.0"
127.0.0.1 - - [23/Aug/2017:11:29:46 +0530] "GET /static/rest_framework/css/prettify.css HTTP/1.1" 200 724 "http://apsmaapi.msr-it.com/api/wordcloud/narendramodi/" "Mozilla/5.0 (X11; Ubuntu; Linux x86_64; rv:45.0) Gecko/20100101 Firefox/45.0"
127.0.0.1 - - [23/Aug/2017:11:29:46 +0530] "GET /static/rest_framework/css/bootstrap.min.css HTTP/1.1" 200 20082 "http://apsmaapi.msr-it.com/api/wordcloud/narendramodi/" "Mozilla/5.0 (X11; Ubuntu; Linux x86_64; rv:45.0) Gecko/20100101 Firefox/45.0"
127.0.0.1 - - [23/Aug/2017:11:29:46 +0530] "GET /static/rest_framework/css/default.css HTTP/1.1" 200 930 "http://apsmaapi.msr-it.com/api/wordcloud/narendramodi/" "Mozilla/5.0 (X11; Ubuntu; Linux x86_64; rv:45.0) Gecko/20100101 Firefox/45.0"
127.0.0.1 - - [23/Aug/2017:11:29:46 +0530] "GET /static/rest_framework/js/ajax-form.js HTTP/1.1" 200 1587 "http://apsmaapi.msr-it.com/api/wordcloud/narendramodi/" "Mozilla/5.0 (X11; Ubuntu; Linux x86_64; rv:45.0) Gecko/20100101 Firefox/45.0"
127.0.0.1 - - [23/Aug/2017:11:29:46 +0530] "GET /static/rest_framework/js/csrf.js HTTP/1.1" 200 1139 "http://apsmaapi.msr-it.com/api/wordcloud/narendramodi/" "Mozilla/5.0 (X11; Ubuntu; Linux x86_64; rv:45.0) Gecko/20100101 Firefox/45.0"
127.0.0.1 - - [23/Aug/2017:11:29:46 +0530] "GET /static/rest_framework/js/bootstrap.min.js HTTP/1.1" 200 10184 "http://apsmaapi.msr-it.com/api/wordcloud/narendramodi/" "Mozilla/5.0 (X11; Ubuntu; Linux x86_64; rv:45.0) Gecko/20100101 Firefox/45.0"
127.0.0.1 - - [23/Aug/2017:11:29:46 +0530] "GET /static/rest_framework/js/jquery-1.12.4.min.js HTTP/1.1" 200 34112 "http://apsmaapi.msr-it.com/api/wordcloud/narendramodi/" "Mozilla/5.0 (X11; Ubuntu; Linux x86_64; rv:45.0) Gecko/20100101 Firefox/45.0"
127.0.0.1 - - [23/Aug/2017:11:29:46 +0530] "GET /static/rest_framework/js/default.js HTTP/1.1" 200 917 "http://apsmaapi.msr-it.com/api/wordcloud/narendramodi/" "Mozilla/5.0 (X11; Ubuntu; Linux x86_64; rv:45.0) Gecko/20100101 Firefox/45.0"
127.0.0.1 - - [23/Aug/2017:11:29:46 +0530] "GET /static/rest_framework/js/prettify-min.js HTTP/1.1" 200 6376 "http://apsmaapi.msr-it.com/api/wordcloud/narendramodi/" "Mozilla/5.0 (X11; Ubuntu; Linux x86_64; rv:45.0) Gecko/20100101 Firefox/45.0"
127.0.0.1 - - [23/Aug/2017:11:29:46 +0530] "GET /static/rest_framework/img/grid.png HTTP/1.1" 304 179 "http://apsmaapi.msr-it.com/static/rest_framework/css/bootstrap-tweaks.css" "Mozilla/5.0 (X11; Ubuntu; Linux x86_64; rv:45.0) Gecko/20100101 Firefox/45.0"
::1 - - [23/Aug/2017:11:29:51 +0530] "OPTIONS * HTTP/1.0" 200 125 "-" "Apache/2.4.7 (Ubuntu) mod_wsgi/3.4 Python/2.7.6 (internal dummy connection)"
::1 - - [23/Aug/2017:11:29:52 +0530] "OPTIONS * HTTP/1.0" 200 125 "-" "Apache/2.4.7 (Ubuntu) mod_wsgi/3.4 Python/2.7.6 (internal dummy connection)"
::1 - - [23/Aug/2017:11:29:53 +0530] "OPTIONS * HTTP/1.0" 200 125 "-" "Apache/2.4.7 (Ubuntu) mod_wsgi/3.4 Python/2.7.6 (internal dummy connection)"
127.0.0.1 - - [23/Aug/2017:11:30:05 +0530] "GET /api/wordcloud/kalam/ HTTP/1.1" 200 1946 "-" "Mozilla/5.0 (X11; Ubuntu; Linux x86_64; rv:45.0) Gecko/20100101 Firefox/45.0"
10.1.11.22 - - [23/Aug/2017:11:43:38 +0530] "PUT /api/usermanage/updatechannel/5/ HTTP/1.1" 200 380 "-" "Mozilla/5.0 (X11; Linux x86_64) AppleWebKit/537.36 (KHTML, like Gecko) Chrome/59.0.3071.115 Safari/537.36"
::1 - - [23/Aug/2017:12:03:49 +0530] "OPTIONS * HTTP/1.0" 200 125 "-" "Apache/2.4.7 (Ubuntu) mod_wsgi/3.4 Python/2.7.6 (internal dummy connection)"
10.1.7.48 - - [23/Aug/2017:12:05:03 +0530] "GET /api/twitter-agg/narendramodi?format=json&from_date=&to_date= HTTP/1.1" 301 323 "http://10.1.7.48:4082/apsma_new/sivasankar/" "Mozilla/5.0 (Windows NT 6.3; WOW64) AppleWebKit/537.36 (KHTML, like Gecko) Chrome/54.0.2840.99 Safari/537.36"
10.1.7.48 - - [23/Aug/2017:12:05:03 +0530] "GET /api/usermanage/getkeywords/1 HTTP/1.1" 301 291 "http://10.1.7.48:4082/apsma_new/sivasankar/" "Mozilla/5.0 (Windows NT 6.3; WOW64) AppleWebKit/537.36 (KHTML, like Gecko) Chrome/54.0.2840.99 Safari/537.36"
10.1.7.48 - - [23/Aug/2017:12:05:03 +0530] "GET /api/youtube-agg/narendramodi?format=json&from_date=&to_date= HTTP/1.1" 301 323 "http://10.1.7.48:4082/apsma_new/sivasankar/" "Mozilla/5.0 (Windows NT 6.3; WOW64) AppleWebKit/537.36 (KHTML, like Gecko) Chrome/54.0.2840.99 Safari/537.36"
10.1.7.48 - - [23/Aug/2017:12:05:03 +0530] "GET /api/topics/narendramodi?format=json&from_date=&to_date= HTTP/1.1" 301 318 "http://10.1.7.48:4082/apsma_new/sivasankar/" "Mozilla/5.0 (Windows NT 6.3; WOW64) AppleWebKit/537.36 (KHTML, like Gecko) Chrome/54.0.2840.99 Safari/537.36"
10.1.7.48 - - [23/Aug/2017:12:05:03 +0530] "GET /api/news-agg/narendramodi?format=json&from_date=&to_date= HTTP/1.1" 301 320 "http://10.1.7.48:4082/apsma_new/sivasankar/" "Mozilla/5.0 (Windows NT 6.3; WOW64) AppleWebKit/537.36 (KHTML, like Gecko) Chrome/54.0.2840.99 Safari/537.36"
10.1.7.48 - - [23/Aug/2017:12:05:03 +0530] "GET /api/facebook-agg/narendramodi?format=json&from_date=&to_date= HTTP/1.1" 301 324 "http://10.1.7.48:4082/apsma_new/sivasankar/" "Mozilla/5.0 (Windows NT 6.3; WOW64) AppleWebKit/537.36 (KHTML, like Gecko) Chrome/54.0.2840.99 Safari/537.36"
10.1.7.48 - - [23/Aug/2017:12:05:03 +0530] "GET /api/consolidated/narendramodi?format=json&from_date=&to_date= HTTP/1.1" 301 323 "http://10.1.7.48:4082/apsma_new/sivasankar/" "Mozilla/5.0 (Windows NT 6.3; WOW64) AppleWebKit/537.36 (KHTML, like Gecko) Chrome/54.0.2840.99 Safari/537.36"
10.1.7.48 - - [23/Aug/2017:12:05:03 +0530] "GET /api/youtube-agg/narendramodi/?format=json&from_date=&to_date= HTTP/1.1" 200 322 "http://10.1.7.48:4082/apsma_new/sivasankar/" "Mozilla/5.0 (Windows NT 6.3; WOW64) AppleWebKit/537.36 (KHTML, like Gecko) Chrome/54.0.2840.99 Safari/537.36"
10.1.7.48 - - [23/Aug/2017:12:05:03 +0530] "GET /api/news-agg/narendramodi/?format=json&from_date=&to_date= HTTP/1.1" 200 541 "http://10.1.7.48:4082/apsma_new/sivasankar/" "Mozilla/5.0 (Windows NT 6.3; WOW64) AppleWebKit/537.36 (KHTML, like Gecko) Chrome/54.0.2840.99 Safari/537.36"
10.1.7.48 - - [23/Aug/2017:12:05:03 +0530] "GET /api/sentiment/narendramodi/?format=json&from_date=&to_date= HTTP/1.1" 404 13185 "http://10.1.7.48:4082/apsma_new/sivasankar/" "Mozilla/5.0 (Windows NT 6.3; WOW64) AppleWebKit/537.36 (KHTML, like Gecko) Chrome/54.0.2840.99 Safari/537.36"
10.1.7.48 - - [23/Aug/2017:12:05:03 +0530] "GET /api/usermanage/getkeywords/1/ HTTP/1.1" 200 1865 "http://10.1.7.48:4082/apsma_new/sivasankar/" "Mozilla/5.0 (Windows NT 6.3; WOW64) AppleWebKit/537.36 (KHTML, like Gecko) Chrome/54.0.2840.99 Safari/537.36"
10.1.7.48 - - [23/Aug/2017:12:05:03 +0530] "GET /api/facebook-agg/narendramodi/?format=json&from_date=&to_date= HTTP/1.1" 200 574 "http://10.1.7.48:4082/apsma_new/sivasankar/" "Mozilla/5.0 (Windows NT 6.3; WOW64) AppleWebKit/537.36 (KHTML, like Gecko) Chrome/54.0.2840.99 Safari/537.36"
10.1.7.48 - - [23/Aug/2017:12:05:03 +0530] "GET /api/twitter-agg/narendramodi/?format=json&from_date=&to_date= HTTP/1.1" 200 526 "http://10.1.7.48:4082/apsma_new/sivasankar/" "Mozilla/5.0 (Windows NT 6.3; WOW64) AppleWebKit/537.36 (KHTML, like Gecko) Chrome/54.0.2840.99 Safari/537.36"
10.1.7.48 - - [23/Aug/2017:12:05:04 +0530] "GET /api/consolidated/narendramodi/?format=json&from_date=&to_date= HTTP/1.1" 200 166002 "http://10.1.7.48:4082/apsma_new/sivasankar/" "Mozilla/5.0 (Windows NT 6.3; WOW64) AppleWebKit/537.36 (KHTML, like Gecko) Chrome/54.0.2840.99 Safari/537.36"
10.1.7.48 - - [23/Aug/2017:12:05:18 +0530] "GET /api/twitter-agg/narendramodi?format=json&from_date=&to_date= HTTP/1.1" 301 323 "http://10.1.7.48:4082/apsma_new/sivasankar/" "Mozilla/5.0 (Windows NT 6.3; WOW64) AppleWebKit/537.36 (KHTML, like Gecko) Chrome/54.0.2840.99 Safari/537.36"
10.1.7.48 - - [23/Aug/2017:12:05:18 +0530] "GET /api/news-agg/narendramodi?format=json&from_date=&to_date= HTTP/1.1" 301 320 "http://10.1.7.48:4082/apsma_new/sivasankar/" "Mozilla/5.0 (Windows NT 6.3; WOW64) AppleWebKit/537.36 (KHTML, like Gecko) Chrome/54.0.2840.99 Safari/537.36"
10.1.7.48 - - [23/Aug/2017:12:05:18 +0530] "GET /api/usermanage/getkeywords/1 HTTP/1.1" 301 291 "http://10.1.7.48:4082/apsma_new/sivasankar/" "Mozilla/5.0 (Windows NT 6.3; WOW64) AppleWebKit/537.36 (KHTML, like Gecko) Chrome/54.0.2840.99 Safari/537.36"
10.1.7.48 - - [23/Aug/2017:12:05:18 +0530] "GET /api/topics/narendramodi?format=json&from_date=&to_date= HTTP/1.1" 301 318 "http://10.1.7.48:4082/apsma_new/sivasankar/" "Mozilla/5.0 (Windows NT 6.3; WOW64) AppleWebKit/537.36 (KHTML, like Gecko) Chrome/54.0.2840.99 Safari/537.36"
10.1.7.48 - - [23/Aug/2017:12:05:18 +0530] "GET /api/facebook-agg/narendramodi?format=json&from_date=&to_date= HTTP/1.1" 301 324 "http://10.1.7.48:4082/apsma_new/sivasankar/" "Mozilla/5.0 (Windows NT 6.3; WOW64) AppleWebKit/537.36 (KHTML, like Gecko) Chrome/54.0.2840.99 Safari/537.36"
10.1.7.48 - - [23/Aug/2017:12:05:18 +0530] "GET /api/youtube-agg/narendramodi?format=json&from_date=&to_date= HTTP/1.1" 301 323 "http://10.1.7.48:4082/apsma_new/sivasankar/" "Mozilla/5.0 (Windows NT 6.3; WOW64) AppleWebKit/537.36 (KHTML, like Gecko) Chrome/54.0.2840.99 Safari/537.36"
10.1.7.48 - - [23/Aug/2017:12:05:18 +0530] "GET /api/consolidated/narendramodi?format=json&from_date=&to_date= HTTP/1.1" 301 323 "http://10.1.7.48:4082/apsma_new/sivasankar/" "Mozilla/5.0 (Windows NT 6.3; WOW64) AppleWebKit/537.36 (KHTML, like Gecko) Chrome/54.0.2840.99 Safari/537.36"
10.1.7.48 - - [23/Aug/2017:12:05:18 +0530] "GET /api/news-agg/narendramodi/?format=json&from_date=&to_date= HTTP/1.1" 200 541 "http://10.1.7.48:4082/apsma_new/sivasankar/" "Mozilla/5.0 (Windows NT 6.3; WOW64) AppleWebKit/537.36 (KHTML, like Gecko) Chrome/54.0.2840.99 Safari/537.36"
10.1.7.48 - - [23/Aug/2017:12:05:18 +0530] "GET /api/facebook-agg/narendramodi/?format=json&from_date=&to_date= HTTP/1.1" 200 574 "http://10.1.7.48:4082/apsma_new/sivasankar/" "Mozilla/5.0 (Windows NT 6.3; WOW64) AppleWebKit/537.36 (KHTML, like Gecko) Chrome/54.0.2840.99 Safari/537.36"
10.1.7.48 - - [23/Aug/2017:12:05:18 +0530] "GET /api/youtube-agg/narendramodi/?format=json&from_date=&to_date= HTTP/1.1" 200 322 "http://10.1.7.48:4082/apsma_new/sivasankar/" "Mozilla/5.0 (Windows NT 6.3; WOW64) AppleWebKit/537.36 (KHTML, like Gecko) Chrome/54.0.2840.99 Safari/537.36"
10.1.7.48 - - [23/Aug/2017:12:05:18 +0530] "GET /api/usermanage/getkeywords/1/ HTTP/1.1" 200 1865 "http://10.1.7.48:4082/apsma_new/sivasankar/" "Mozilla/5.0 (Windows NT 6.3; WOW64) AppleWebKit/537.36 (KHTML, like Gecko) Chrome/54.0.2840.99 Safari/537.36"
10.1.7.48 - - [23/Aug/2017:12:05:18 +0530] "GET /api/sentiment/narendramodi/?format=json&from_date=&to_date= HTTP/1.1" 404 13185 "http://10.1.7.48:4082/apsma_new/sivasankar/" "Mozilla/5.0 (Windows NT 6.3; WOW64) AppleWebKit/537.36 (KHTML, like Gecko) Chrome/54.0.2840.99 Safari/537.36"
10.1.7.48 - - [23/Aug/2017:12:05:18 +0530] "GET /api/twitter-agg/narendramodi/?format=json&from_date=&to_date= HTTP/1.1" 200 526 "http://10.1.7.48:4082/apsma_new/sivasankar/" "Mozilla/5.0 (Windows NT 6.3; WOW64) AppleWebKit/537.36 (KHTML, like Gecko) Chrome/54.0.2840.99 Safari/537.36"
10.1.7.48 - - [23/Aug/2017:12:05:19 +0530] "GET /api/consolidated/narendramodi/?format=json&from_date=&to_date= HTTP/1.1" 200 166002 "http://10.1.7.48:4082/apsma_new/sivasankar/" "Mozilla/5.0 (Windows NT 6.3; WOW64) AppleWebKit/537.36 (KHTML, like Gecko) Chrome/54.0.2840.99 Safari/537.36"
10.1.7.48 - - [23/Aug/2017:12:05:03 +0530] "GET /api/topics/narendramodi/?format=json&from_date=&to_date= HTTP/1.1" 200 88080 "http://10.1.7.48:4082/apsma_new/sivasankar/" "Mozilla/5.0 (Windows NT 6.3; WOW64) AppleWebKit/537.36 (KHTML, like Gecko) Chrome/54.0.2840.99 Safari/537.36"
::1 - - [23/Aug/2017:12:06:00 +0530] "OPTIONS * HTTP/1.0" 200 125 "-" "Apache/2.4.7 (Ubuntu) mod_wsgi/3.4 Python/2.7.6 (internal dummy connection)"
10.1.7.48 - - [23/Aug/2017:12:05:18 +0530] "GET /api/topics/narendramodi/?format=json&from_date=&to_date= HTTP/1.1" 200 85961 "http://10.1.7.48:4082/apsma_new/sivasankar/" "Mozilla/5.0 (Windows NT 6.3; WOW64) AppleWebKit/537.36 (KHTML, like Gecko) Chrome/54.0.2840.99 Safari/537.36"
::1 - - [23/Aug/2017:12:06:20 +0530] "OPTIONS * HTTP/1.0" 200 125 "-" "Apache/2.4.7 (Ubuntu) mod_wsgi/3.4 Python/2.7.6 (internal dummy connection)"
10.1.7.48 - - [23/Aug/2017:12:14:48 +0530] "GET /api/usermanage/getkeywords/1 HTTP/1.1" 301 291 "http://10.1.7.48:4082/apsma_new/sivasankar/" "Mozilla/5.0 (Windows NT 6.3; WOW64) AppleWebKit/537.36 (KHTML, like Gecko) Chrome/54.0.2840.99 Safari/537.36"
10.1.7.48 - - [23/Aug/2017:12:14:48 +0530] "GET /api/twitter-agg/narendramodi?format=json&from_date=&to_date= HTTP/1.1" 301 323 "http://10.1.7.48:4082/apsma_new/sivasankar/" "Mozilla/5.0 (Windows NT 6.3; WOW64) AppleWebKit/537.36 (KHTML, like Gecko) Chrome/54.0.2840.99 Safari/537.36"
10.1.7.48 - - [23/Aug/2017:12:14:48 +0530] "GET /api/youtube-agg/narendramodi?format=json&from_date=&to_date= HTTP/1.1" 301 323 "http://10.1.7.48:4082/apsma_new/sivasankar/" "Mozilla/5.0 (Windows NT 6.3; WOW64) AppleWebKit/537.36 (KHTML, like Gecko) Chrome/54.0.2840.99 Safari/537.36"
10.1.7.48 - - [23/Aug/2017:12:14:48 +0530] "GET /api/news-agg/narendramodi?format=json&from_date=&to_date= HTTP/1.1" 301 320 "http://10.1.7.48:4082/apsma_new/sivasankar/" "Mozilla/5.0 (Windows NT 6.3; WOW64) AppleWebKit/537.36 (KHTML, like Gecko) Chrome/54.0.2840.99 Safari/537.36"
10.1.7.48 - - [23/Aug/2017:12:14:48 +0530] "GET /api/facebook-agg/narendramodi?format=json&from_date=&to_date= HTTP/1.1" 301 323 "http://10.1.7.48:4082/apsma_new/sivasankar/" "Mozilla/5.0 (Windows NT 6.3; WOW64) AppleWebKit/537.36 (KHTML, like Gecko) Chrome/54.0.2840.99 Safari/537.36"
