10.1.7.48 - - [23/Aug/2017:12:14:48 +0530] "GET /api/topics/narendramodi?format=json&from_date=&to_date= HTTP/1.1" 301 317 "http://10.1.7.48:4082/apsma_new/sivasankar/" "Mozilla/5.0 (Windows NT 6.3; WOW64) AppleWebKit/537.36 (KHTML, like Gecko) Chrome/54.0.2840.99 Safari/537.36"
10.1.7.48 - - [23/Aug/2017:12:14:48 +0530] "GET /api/sentiment/narendramodi/?format=json&from_date=&to_date= HTTP/1.1" 404 13185 "http://10.1.7.48:4082/apsma_new/sivasankar/" "Mozilla/5.0 (Windows NT 6.3; WOW64) AppleWebKit/537.36 (KHTML, like Gecko) Chrome/54.0.2840.99 Safari/537.36"
10.1.7.48 - - [23/Aug/2017:12:14:48 +0530] "GET /api/consolidated/narendramodi?format=json&from_date=&to_date= HTTP/1.1" 301 323 "http://10.1.7.48:4082/apsma_new/sivasankar/" "Mozilla/5.0 (Windows NT 6.3; WOW64) AppleWebKit/537.36 (KHTML, like Gecko) Chrome/54.0.2840.99 Safari/537.36"
10.1.7.48 - - [23/Aug/2017:12:14:48 +0530] "GET /api/usermanage/getkeywords/1/ HTTP/1.1" 200 1865 "http://10.1.7.48:4082/apsma_new/sivasankar/" "Mozilla/5.0 (Windows NT 6.3; WOW64) AppleWebKit/537.36 (KHTML, like Gecko) Chrome/54.0.2840.99 Safari/537.36"
10.1.7.48 - - [23/Aug/2017:12:14:48 +0530] "GET /api/youtube-agg/narendramodi/?format=json&from_date=&to_date= HTTP/1.1" 200 322 "http://10.1.7.48:4082/apsma_new/sivasankar/" "Mozilla/5.0 (Windows NT 6.3; WOW64) AppleWebKit/537.36 (KHTML, like Gecko) Chrome/54.0.2840.99 Safari/537.36"
10.1.7.48 - - [23/Aug/2017:12:14:48 +0530] "GET /api/news-agg/narendramodi/?format=json&from_date=&to_date= HTTP/1.1" 200 541 "http://10.1.7.48:4082/apsma_new/sivasankar/" "Mozilla/5.0 (Windows NT 6.3; WOW64) AppleWebKit/537.36 (KHTML, like Gecko) Chrome/54.0.2840.99 Safari/537.36"
10.1.7.48 - - [23/Aug/2017:12:14:48 +0530] "GET /api/facebook-agg/narendramodi/?format=json&from_date=&to_date= HTTP/1.1" 200 574 "http://10.1.7.48:4082/apsma_new/sivasankar/" "Mozilla/5.0 (Windows NT 6.3; WOW64) AppleWebKit/537.36 (KHTML, like Gecko) Chrome/54.0.2840.99 Safari/537.36"
10.1.7.48 - - [23/Aug/2017:12:14:48 +0530] "GET /api/twitter-agg/narendramodi/?format=json&from_date=&to_date= HTTP/1.1" 200 526 "http://10.1.7.48:4082/apsma_new/sivasankar/" "Mozilla/5.0 (Windows NT 6.3; WOW64) AppleWebKit/537.36 (KHTML, like Gecko) Chrome/54.0.2840.99 Safari/537.36"
10.1.7.48 - - [23/Aug/2017:12:14:48 +0530] "GET /api/consolidated/narendramodi/?format=json&from_date=&to_date= HTTP/1.1" 200 166002 "http://10.1.7.48:4082/apsma_new/sivasankar/" "Mozilla/5.0 (Windows NT 6.3; WOW64) AppleWebKit/537.36 (KHTML, like Gecko) Chrome/54.0.2840.99 Safari/537.36"
10.1.7.48 - - [23/Aug/2017:12:14:48 +0530] "GET /api/wordcloud/narendramodi/?format=json&from_date=&to_date= HTTP/1.1" 200 2589 "http://10.1.7.48:4082/apsma_new/sivasankar/" "Mozilla/5.0 (Windows NT 6.3; WOW64) AppleWebKit/537.36 (KHTML, like Gecko) Chrome/54.0.2840.99 Safari/537.36"
10.1.7.48 - - [23/Aug/2017:12:14:48 +0530] "GET /api/topics/narendramodi/?format=json&from_date=&to_date= HTTP/1.1" 200 85961 "http://10.1.7.48:4082/apsma_new/sivasankar/" "Mozilla/5.0 (Windows NT 6.3; WOW64) AppleWebKit/537.36 (KHTML, like Gecko) Chrome/54.0.2840.99 Safari/537.36"
10.1.11.22 - - [23/Aug/2017:12:19:22 +0530] "GET /api/sentiment/narendramodi/ HTTP/1.1" 404 13114 "-" "Mozilla/5.0 (X11; Linux x86_64) AppleWebKit/537.36 (KHTML, like Gecko) Chrome/59.0.3071.115 Safari/537.36"
10.1.11.2 - - [23/Aug/2017:12:19:54 +0530] "GET /api/youtube-agg/narendramodi/?format=json&from_date=&to_date= HTTP/1.1" 200 323 "http://apsma.msr-it.com/" "Mozilla/5.0 (X11; Ubuntu; Linux x86_64; rv:54.0) Gecko/20100101 Firefox/54.0"
10.1.11.2 - - [23/Aug/2017:12:19:54 +0530] "GET /api/news-agg/narendramodi/?format=json&from_date=&to_date= HTTP/1.1" 200 542 "http://apsma.msr-it.com/" "Mozilla/5.0 (X11; Ubuntu; Linux x86_64; rv:54.0) Gecko/20100101 Firefox/54.0"
10.1.11.2 - - [23/Aug/2017:12:19:54 +0530] "GET /api/facebook-agg/narendramodi/?format=json&from_date=&to_date= HTTP/1.1" 200 575 "http://apsma.msr-it.com/" "Mozilla/5.0 (X11; Ubuntu; Linux x86_64; rv:54.0) Gecko/20100101 Firefox/54.0"
10.1.11.2 - - [23/Aug/2017:12:19:54 +0530] "GET /api/usermanage/getkeywords/1/ HTTP/1.1" 200 1866 "http://apsma.msr-it.com/" "Mozilla/5.0 (X11; Ubuntu; Linux x86_64; rv:54.0) Gecko/20100101 Firefox/54.0"
10.1.11.2 - - [23/Aug/2017:12:19:54 +0530] "GET /api/topics/narendramodi/?format=json&from_date=&to_date= HTTP/1.1" 200 85962 "http://apsma.msr-it.com/" "Mozilla/5.0 (X11; Ubuntu; Linux x86_64; rv:54.0) Gecko/20100101 Firefox/54.0"
10.1.11.2 - - [23/Aug/2017:12:19:54 +0530] "GET /api/twitter-agg/narendramodi/?format=json&from_date=&to_date= HTTP/1.1" 200 527 "http://apsma.msr-it.com/" "Mozilla/5.0 (X11; Ubuntu; Linux x86_64; rv:54.0) Gecko/20100101 Firefox/54.0"
10.1.11.2 - - [23/Aug/2017:12:19:54 +0530] "GET /api/consolidated/narendramodi/?format=json&from_date=&to_date= HTTP/1.1" 200 166002 "http://apsma.msr-it.com/" "Mozilla/5.0 (X11; Ubuntu; Linux x86_64; rv:54.0) Gecko/20100101 Firefox/54.0"
10.1.7.48 - - [23/Aug/2017:12:19:59 +0530] "GET /api/usermanage/getkeywords/1 HTTP/1.1" 301 291 "http://10.1.7.48:4082/apsma_new/sivasankar/" "Mozilla/5.0 (Windows NT 6.3; WOW64) AppleWebKit/537.36 (KHTML, like Gecko) Chrome/54.0.2840.99 Safari/537.36"
10.1.7.48 - - [23/Aug/2017:12:19:59 +0530] "GET /api/twitter-agg/narendramodi?format=json&from_date=&to_date= HTTP/1.1" 301 323 "http://10.1.7.48:4082/apsma_new/sivasankar/" "Mozilla/5.0 (Windows NT 6.3; WOW64) AppleWebKit/537.36 (KHTML, like Gecko) Chrome/54.0.2840.99 Safari/537.36"
10.1.7.48 - - [23/Aug/2017:12:19:59 +0530] "GET /api/news-agg/narendramodi?format=json&from_date=&to_date= HTTP/1.1" 301 320 "http://10.1.7.48:4082/apsma_new/sivasankar/" "Mozilla/5.0 (Windows NT 6.3; WOW64) AppleWebKit/537.36 (KHTML, like Gecko) Chrome/54.0.2840.99 Safari/537.36"
10.1.7.48 - - [23/Aug/2017:12:19:59 +0530] "GET /api/youtube-agg/narendramodi?format=json&from_date=&to_date= HTTP/1.1" 301 323 "http://10.1.7.48:4082/apsma_new/sivasankar/" "Mozilla/5.0 (Windows NT 6.3; WOW64) AppleWebKit/537.36 (KHTML, like Gecko) Chrome/54.0.2840.99 Safari/537.36"
10.1.7.48 - - [23/Aug/2017:12:19:59 +0530] "GET /api/facebook-agg/narendramodi?format=json&from_date=&to_date= HTTP/1.1" 301 324 "http://10.1.7.48:4082/apsma_new/sivasankar/" "Mozilla/5.0 (Windows NT 6.3; WOW64) AppleWebKit/537.36 (KHTML, like Gecko) Chrome/54.0.2840.99 Safari/537.36"
10.1.7.48 - - [23/Aug/2017:12:19:59 +0530] "GET /api/topics/narendramodi?format=json&from_date=&to_date= HTTP/1.1" 301 318 "http://10.1.7.48:4082/apsma_new/sivasankar/" "Mozilla/5.0 (Windows NT 6.3; WOW64) AppleWebKit/537.36 (KHTML, like Gecko) Chrome/54.0.2840.99 Safari/537.36"
10.1.7.48 - - [23/Aug/2017:12:19:59 +0530] "GET /api/consolidated/narendramodi?format=json&from_date=&to_date= HTTP/1.1" 301 323 "http://10.1.7.48:4082/apsma_new/sivasankar/" "Mozilla/5.0 (Windows NT 6.3; WOW64) AppleWebKit/537.36 (KHTML, like Gecko) Chrome/54.0.2840.99 Safari/537.36"
10.1.7.48 - - [23/Aug/2017:12:19:59 +0530] "GET /api/news-agg/narendramodi/?format=json&from_date=&to_date= HTTP/1.1" 200 541 "http://10.1.7.48:4082/apsma_new/sivasankar/" "Mozilla/5.0 (Windows NT 6.3; WOW64) AppleWebKit/537.36 (KHTML, like Gecko) Chrome/54.0.2840.99 Safari/537.36"
10.1.7.48 - - [23/Aug/2017:12:19:59 +0530] "GET /api/sentiment/narendramodi/?format=json&from_date=&to_date= HTTP/1.1" 404 13185 "http://10.1.7.48:4082/apsma_new/sivasankar/" "Mozilla/5.0 (Windows NT 6.3; WOW64) AppleWebKit/537.36 (KHTML, like Gecko) Chrome/54.0.2840.99 Safari/537.36"
10.1.7.48 - - [23/Aug/2017:12:19:59 +0530] "GET /api/usermanage/getkeywords/1/ HTTP/1.1" 200 1865 "http://10.1.7.48:4082/apsma_new/sivasankar/" "Mozilla/5.0 (Windows NT 6.3; WOW64) AppleWebKit/537.36 (KHTML, like Gecko) Chrome/54.0.2840.99 Safari/537.36"
10.1.7.48 - - [23/Aug/2017:12:19:59 +0530] "GET /api/youtube-agg/narendramodi/?format=json&from_date=&to_date= HTTP/1.1" 200 322 "http://10.1.7.48:4082/apsma_new/sivasankar/" "Mozilla/5.0 (Windows NT 6.3; WOW64) AppleWebKit/537.36 (KHTML, like Gecko) Chrome/54.0.2840.99 Safari/537.36"
10.1.7.48 - - [23/Aug/2017:12:19:59 +0530] "GET /api/facebook-agg/narendramodi/?format=json&from_date=&to_date= HTTP/1.1" 200 574 "http://10.1.7.48:4082/apsma_new/sivasankar/" "Mozilla/5.0 (Windows NT 6.3; WOW64) AppleWebKit/537.36 (KHTML, like Gecko) Chrome/54.0.2840.99 Safari/537.36"
10.1.7.48 - - [23/Aug/2017:12:19:59 +0530] "GET /api/wordcloud/narendramodi/?format=json&from_date=&to_date= HTTP/1.1" 200 2589 "http://10.1.7.48:4082/apsma_new/sivasankar/" "Mozilla/5.0 (Windows NT 6.3; WOW64) AppleWebKit/537.36 (KHTML, like Gecko) Chrome/54.0.2840.99 Safari/537.36"
10.1.7.48 - - [23/Aug/2017:12:19:59 +0530] "GET /api/twitter-agg/narendramodi/?format=json&from_date=&to_date= HTTP/1.1" 200 526 "http://10.1.7.48:4082/apsma_new/sivasankar/" "Mozilla/5.0 (Windows NT 6.3; WOW64) AppleWebKit/537.36 (KHTML, like Gecko) Chrome/54.0.2840.99 Safari/537.36"
10.1.7.48 - - [23/Aug/2017:12:19:59 +0530] "GET /api/topics/narendramodi/?format=json&from_date=&to_date= HTTP/1.1" 200 85961 "http://10.1.7.48:4082/apsma_new/sivasankar/" "Mozilla/5.0 (Windows NT 6.3; WOW64) AppleWebKit/537.36 (KHTML, like Gecko) Chrome/54.0.2840.99 Safari/537.36"
10.1.7.48 - - [23/Aug/2017:12:19:59 +0530] "GET /api/consolidated/narendramodi/?format=json&from_date=&to_date= HTTP/1.1" 200 166002 "http://10.1.7.48:4082/apsma_new/sivasankar/" "Mozilla/5.0 (Windows NT 6.3; WOW64) AppleWebKit/537.36 (KHTML, like Gecko) Chrome/54.0.2840.99 Safari/537.36"
::1 - - [23/Aug/2017:12:20:07 +0530] "OPTIONS * HTTP/1.0" 200 125 "-" "Apache/2.4.7 (Ubuntu) mod_wsgi/3.4 Python/2.7.6 (internal dummy connection)"
::1 - - [23/Aug/2017:12:20:08 +0530] "OPTIONS * HTTP/1.0" 200 125 "-" "Apache/2.4.7 (Ubuntu) mod_wsgi/3.4 Python/2.7.6 (internal dummy connection)"
10.1.7.48 - - [23/Aug/2017:12:20:34 +0530] "GET /api/usermanage/getkeywords/1 HTTP/1.1" 301 291 "http://10.1.7.48:4082/apsma_new/sivasankar/" "Mozilla/5.0 (Windows NT 6.3; WOW64) AppleWebKit/537.36 (KHTML, like Gecko) Chrome/54.0.2840.99 Safari/537.36"
10.1.7.48 - - [23/Aug/2017:12:20:34 +0530] "GET /api/twitter-agg/narendramodi?format=json&from_date=&to_date= HTTP/1.1" 301 323 "http://10.1.7.48:4082/apsma_new/sivasankar/" "Mozilla/5.0 (Windows NT 6.3; WOW64) AppleWebKit/537.36 (KHTML, like Gecko) Chrome/54.0.2840.99 Safari/537.36"
10.1.7.48 - - [23/Aug/2017:12:20:34 +0530] "GET /api/news-agg/narendramodi?format=json&from_date=&to_date= HTTP/1.1" 301 320 "http://10.1.7.48:4082/apsma_new/sivasankar/" "Mozilla/5.0 (Windows NT 6.3; WOW64) AppleWebKit/537.36 (KHTML, like Gecko) Chrome/54.0.2840.99 Safari/537.36"
10.1.7.48 - - [23/Aug/2017:12:20:34 +0530] "GET /api/facebook-agg/narendramodi?format=json&from_date=&to_date= HTTP/1.1" 301 324 "http://10.1.7.48:4082/apsma_new/sivasankar/" "Mozilla/5.0 (Windows NT 6.3; WOW64) AppleWebKit/537.36 (KHTML, like Gecko) Chrome/54.0.2840.99 Safari/537.36"
10.1.7.48 - - [23/Aug/2017:12:20:34 +0530] "GET /api/topics/narendramodi?format=json&from_date=&to_date= HTTP/1.1" 301 318 "http://10.1.7.48:4082/apsma_new/sivasankar/" "Mozilla/5.0 (Windows NT 6.3; WOW64) AppleWebKit/537.36 (KHTML, like Gecko) Chrome/54.0.2840.99 Safari/537.36"
10.1.7.48 - - [23/Aug/2017:12:20:34 +0530] "GET /api/youtube-agg/narendramodi?format=json&from_date=&to_date= HTTP/1.1" 301 323 "http://10.1.7.48:4082/apsma_new/sivasankar/" "Mozilla/5.0 (Windows NT 6.3; WOW64) AppleWebKit/537.36 (KHTML, like Gecko) Chrome/54.0.2840.99 Safari/537.36"
10.1.7.48 - - [23/Aug/2017:12:20:34 +0530] "GET /api/consolidated/narendramodi?format=json&from_date=&to_date= HTTP/1.1" 301 323 "http://10.1.7.48:4082/apsma_new/sivasankar/" "Mozilla/5.0 (Windows NT 6.3; WOW64) AppleWebKit/537.36 (KHTML, like Gecko) Chrome/54.0.2840.99 Safari/537.36"
10.1.7.48 - - [23/Aug/2017:12:20:34 +0530] "GET /api/news-agg/narendramodi/?format=json&from_date=&to_date= HTTP/1.1" 200 541 "http://10.1.7.48:4082/apsma_new/sivasankar/" "Mozilla/5.0 (Windows NT 6.3; WOW64) AppleWebKit/537.36 (KHTML, like Gecko) Chrome/54.0.2840.99 Safari/537.36"
10.1.7.48 - - [23/Aug/2017:12:20:34 +0530] "GET /api/facebook-agg/narendramodi/?format=json&from_date=&to_date= HTTP/1.1" 200 574 "http://10.1.7.48:4082/apsma_new/sivasankar/" "Mozilla/5.0 (Windows NT 6.3; WOW64) AppleWebKit/537.36 (KHTML, like Gecko) Chrome/54.0.2840.99 Safari/537.36"
10.1.7.48 - - [23/Aug/2017:12:20:34 +0530] "GET /api/sentiment/narendramodi/?format=json&from_date=&to_date= HTTP/1.1" 404 13185 "http://10.1.7.48:4082/apsma_new/sivasankar/" "Mozilla/5.0 (Windows NT 6.3; WOW64) AppleWebKit/537.36 (KHTML, like Gecko) Chrome/54.0.2840.99 Safari/537.36"
10.1.7.48 - - [23/Aug/2017:12:20:34 +0530] "GET /api/youtube-agg/narendramodi/?format=json&from_date=&to_date= HTTP/1.1" 200 322 "http://10.1.7.48:4082/apsma_new/sivasankar/" "Mozilla/5.0 (Windows NT 6.3; WOW64) AppleWebKit/537.36 (KHTML, like Gecko) Chrome/54.0.2840.99 Safari/537.36"
10.1.7.48 - - [23/Aug/2017:12:20:34 +0530] "GET /api/usermanage/getkeywords/1/ HTTP/1.1" 200 1865 "http://10.1.7.48:4082/apsma_new/sivasankar/" "Mozilla/5.0 (Windows NT 6.3; WOW64) AppleWebKit/537.36 (KHTML, like Gecko) Chrome/54.0.2840.99 Safari/537.36"
10.1.7.48 - - [23/Aug/2017:12:20:34 +0530] "GET /api/topics/narendramodi/?format=json&from_date=&to_date= HTTP/1.1" 200 85961 "http://10.1.7.48:4082/apsma_new/sivasankar/" "Mozilla/5.0 (Windows NT 6.3; WOW64) AppleWebKit/537.36 (KHTML, like Gecko) Chrome/54.0.2840.99 Safari/537.36"
10.1.7.48 - - [23/Aug/2017:12:20:34 +0530] "GET /api/twitter-agg/narendramodi/?format=json&from_date=&to_date= HTTP/1.1" 200 526 "http://10.1.7.48:4082/apsma_new/sivasankar/" "Mozilla/5.0 (Windows NT 6.3; WOW64) AppleWebKit/537.36 (KHTML, like Gecko) Chrome/54.0.2840.99 Safari/537.36"
10.1.7.48 - - [23/Aug/2017:12:20:34 +0530] "GET /api/consolidated/narendramodi/?format=json&from_date=&to_date= HTTP/1.1" 200 166002 "http://10.1.7.48:4082/apsma_new/sivasankar/" "Mozilla/5.0 (Windows NT 6.3; WOW64) AppleWebKit/537.36 (KHTML, like Gecko) Chrome/54.0.2840.99 Safari/537.36"
10.1.7.48 - - [23/Aug/2017:12:20:34 +0530] "GET /api/wordcloud/narendramodi/?format=json&from_date=&to_date= HTTP/1.1" 200 2589 "http://10.1.7.48:4082/apsma_new/sivasankar/" "Mozilla/5.0 (Windows NT 6.3; WOW64) AppleWebKit/537.36 (KHTML, like Gecko) Chrome/54.0.2840.99 Safari/537.36"
10.1.11.2 - - [23/Aug/2017:12:20:45 +0530] "GET /api/twitter-agg/drunk%20and%20drive?format=json&from_date=2017-08-16&to_date=2017-08-23 HTTP/1.1" 301 350 "http://apsma.msr-it.com/" "Mozilla/5.0 (X11; Ubuntu; Linux x86_64; rv:54.0) Gecko/20100101 Firefox/54.0"
10.1.11.2 - - [23/Aug/2017:12:20:45 +0530] "GET /api/news-agg/drunk%20and%20drive?format=json&from_date=2017-08-16&to_date=2017-08-23 HTTP/1.1" 301 347 "http://apsma.msr-it.com/" "Mozilla/5.0 (X11; Ubuntu; Linux x86_64; rv:54.0) Gecko/20100101 Firefox/54.0"
10.1.11.2 - - [23/Aug/2017:12:20:45 +0530] "GET /api/youtube-agg/drunk%20and%20drive?format=json&from_date=2017-08-16&to_date=2017-08-23 HTTP/1.1" 301 350 "http://apsma.msr-it.com/" "Mozilla/5.0 (X11; Ubuntu; Linux x86_64; rv:54.0) Gecko/20100101 Firefox/54.0"
10.1.11.2 - - [23/Aug/2017:12:20:45 +0530] "GET /api/topics/drunk%20and%20drive?format=json&from_date=2017-08-16&to_date=2017-08-23 HTTP/1.1" 301 345 "http://apsma.msr-it.com/" "Mozilla/5.0 (X11; Ubuntu; Linux x86_64; rv:54.0) Gecko/20100101 Firefox/54.0"
10.1.11.2 - - [23/Aug/2017:12:20:45 +0530] "GET /api/consolidated/drunk%20and%20drive?format=json&from_date=2017-08-16&to_date=2017-08-23 HTTP/1.1" 301 351 "http://apsma.msr-it.com/" "Mozilla/5.0 (X11; Ubuntu; Linux x86_64; rv:54.0) Gecko/20100101 Firefox/54.0"
10.1.11.2 - - [23/Aug/2017:12:20:45 +0530] "GET /api/facebook-agg/drunk%20and%20drive?format=json&from_date=2017-08-16&to_date=2017-08-23 HTTP/1.1" 301 350 "http://apsma.msr-it.com/" "Mozilla/5.0 (X11; Ubuntu; Linux x86_64; rv:54.0) Gecko/20100101 Firefox/54.0"
::1 - - [23/Aug/2017:12:20:52 +0530] "OPTIONS * HTTP/1.0" 200 125 "-" "Apache/2.4.7 (Ubuntu) mod_wsgi/3.4 Python/2.7.6 (internal dummy connection)"
10.1.11.2 - - [23/Aug/2017:12:20:53 +0530] "GET /api/news-agg/drunk%20and%20drive/?format=json&from_date=2017-08-16&to_date=2017-08-23 HTTP/1.1" 200 323 "http://apsma.msr-it.com/" "Mozilla/5.0 (X11; Ubuntu; Linux x86_64; rv:54.0) Gecko/20100101 Firefox/54.0"
10.1.11.2 - - [23/Aug/2017:12:20:53 +0530] "GET /api/facebook-agg/drunk%20and%20drive/?format=json&from_date=2017-08-16&to_date=2017-08-23 HTTP/1.1" 200 323 "http://apsma.msr-it.com/" "Mozilla/5.0 (X11; Ubuntu; Linux x86_64; rv:54.0) Gecko/20100101 Firefox/54.0"
10.1.11.2 - - [23/Aug/2017:12:20:53 +0530] "GET /api/youtube-agg/drunk%20and%20drive/?format=json&from_date=2017-08-16&to_date=2017-08-23 HTTP/1.1" 200 323 "http://apsma.msr-it.com/" "Mozilla/5.0 (X11; Ubuntu; Linux x86_64; rv:54.0) Gecko/20100101 Firefox/54.0"
10.1.11.2 - - [23/Aug/2017:12:20:53 +0530] "GET /api/usermanage/getkeywords/1/ HTTP/1.1" 200 1865 "http://apsma.msr-it.com/" "Mozilla/5.0 (X11; Ubuntu; Linux x86_64; rv:54.0) Gecko/20100101 Firefox/54.0"
10.1.11.2 - - [23/Aug/2017:12:20:53 +0530] "GET /api/twitter-agg/drunk%20and%20drive/?format=json&from_date=2017-08-16&to_date=2017-08-23 HTTP/1.1" 200 323 "http://apsma.msr-it.com/" "Mozilla/5.0 (X11; Ubuntu; Linux x86_64; rv:54.0) Gecko/20100101 Firefox/54.0"
10.1.11.22 - - [23/Aug/2017:12:21:56 +0530] "GET /api/sentiment/narendramodi/ HTTP/1.1" 200 311 "-" "Mozilla/5.0 (X11; Linux x86_64) AppleWebKit/537.36 (KHTML, like Gecko) Chrome/59.0.3071.115 Safari/537.36"
10.1.7.48 - - [23/Aug/2017:12:22:10 +0530] "GET /api/news-agg/narendramodi?format=json&from_date=&to_date= HTTP/1.1" 301 320 "http://10.1.7.48:4082/apsma_new/sivasankar/" "Mozilla/5.0 (Windows NT 6.3; WOW64) AppleWebKit/537.36 (KHTML, like Gecko) Chrome/54.0.2840.99 Safari/537.36"
10.1.7.48 - - [23/Aug/2017:12:22:10 +0530] "GET /api/youtube-agg/narendramodi?format=json&from_date=&to_date= HTTP/1.1" 301 323 "http://10.1.7.48:4082/apsma_new/sivasankar/" "Mozilla/5.0 (Windows NT 6.3; WOW64) AppleWebKit/537.36 (KHTML, like Gecko) Chrome/54.0.2840.99 Safari/537.36"
10.1.7.48 - - [23/Aug/2017:12:22:10 +0530] "GET /api/twitter-agg/narendramodi?format=json&from_date=&to_date= HTTP/1.1" 301 323 "http://10.1.7.48:4082/apsma_new/sivasankar/" "Mozilla/5.0 (Windows NT 6.3; WOW64) AppleWebKit/537.36 (KHTML, like Gecko) Chrome/54.0.2840.99 Safari/537.36"
10.1.7.48 - - [23/Aug/2017:12:22:10 +0530] "GET /api/topics/narendramodi?format=json&from_date=&to_date= HTTP/1.1" 301 318 "http://10.1.7.48:4082/apsma_new/sivasankar/" "Mozilla/5.0 (Windows NT 6.3; WOW64) AppleWebKit/537.36 (KHTML, like Gecko) Chrome/54.0.2840.99 Safari/537.36"
10.1.7.48 - - [23/Aug/2017:12:22:10 +0530] "GET /api/facebook-agg/narendramodi?format=json&from_date=&to_date= HTTP/1.1" 301 324 "http://10.1.7.48:4082/apsma_new/sivasankar/" "Mozilla/5.0 (Windows NT 6.3; WOW64) AppleWebKit/537.36 (KHTML, like Gecko) Chrome/54.0.2840.99 Safari/537.36"
10.1.7.48 - - [23/Aug/2017:12:22:10 +0530] "GET /api/usermanage/getkeywords/1 HTTP/1.1" 301 291 "http://10.1.7.48:4082/apsma_new/sivasankar/" "Mozilla/5.0 (Windows NT 6.3; WOW64) AppleWebKit/537.36 (KHTML, like Gecko) Chrome/54.0.2840.99 Safari/537.36"
10.1.7.48 - - [23/Aug/2017:12:22:10 +0530] "GET /api/consolidated/narendramodi?format=json&from_date=&to_date= HTTP/1.1" 301 323 "http://10.1.7.48:4082/apsma_new/sivasankar/" "Mozilla/5.0 (Windows NT 6.3; WOW64) AppleWebKit/537.36 (KHTML, like Gecko) Chrome/54.0.2840.99 Safari/537.36"
10.1.7.48 - - [23/Aug/2017:12:22:10 +0530] "GET /api/wordcloud/narendramodi/?format=json&from_date=&to_date= HTTP/1.1" 200 2589 "http://10.1.7.48:4082/apsma_new/sivasankar/" "Mozilla/5.0 (Windows NT 6.3; WOW64) AppleWebKit/537.36 (KHTML, like Gecko) Chrome/54.0.2840.99 Safari/537.36"
10.1.7.48 - - [23/Aug/2017:12:22:10 +0530] "GET /api/sentiment/narendramodi/?format=json&from_date=&to_date= HTTP/1.1" 200 342 "http://10.1.7.48:4082/apsma_new/sivasankar/" "Mozilla/5.0 (Windows NT 6.3; WOW64) AppleWebKit/537.36 (KHTML, like Gecko) Chrome/54.0.2840.99 Safari/537.36"
10.1.7.48 - - [23/Aug/2017:12:22:10 +0530] "GET /api/news-agg/narendramodi/?format=json&from_date=&to_date= HTTP/1.1" 200 447 "http://10.1.7.48:4082/apsma_new/sivasankar/" "Mozilla/5.0 (Windows NT 6.3; WOW64) AppleWebKit/537.36 (KHTML, like Gecko) Chrome/54.0.2840.99 Safari/537.36"
10.1.7.48 - - [23/Aug/2017:12:22:10 +0530] "GET /api/youtube-agg/narendramodi/?format=json&from_date=&to_date= HTTP/1.1" 200 322 "http://10.1.7.48:4082/apsma_new/sivasankar/" "Mozilla/5.0 (Windows NT 6.3; WOW64) AppleWebKit/537.36 (KHTML, like Gecko) Chrome/54.0.2840.99 Safari/537.36"
10.1.7.48 - - [23/Aug/2017:12:22:10 +0530] "GET /api/facebook-agg/narendramodi/?format=json&from_date=&to_date= HTTP/1.1" 200 571 "http://10.1.7.48:4082/apsma_new/sivasankar/" "Mozilla/5.0 (Windows NT 6.3; WOW64) AppleWebKit/537.36 (KHTML, like Gecko) Chrome/54.0.2840.99 Safari/537.36"
10.1.7.48 - - [23/Aug/2017:12:22:10 +0530] "GET /api/twitter-agg/narendramodi/?format=json&from_date=&to_date= HTTP/1.1" 200 322 "http://10.1.7.48:4082/apsma_new/sivasankar/" "Mozilla/5.0 (Windows NT 6.3; WOW64) AppleWebKit/537.36 (KHTML, like Gecko) Chrome/54.0.2840.99 Safari/537.36"
10.1.7.48 - - [23/Aug/2017:12:22:10 +0530] "GET /api/usermanage/getkeywords/1/ HTTP/1.1" 200 1865 "http://10.1.7.48:4082/apsma_new/sivasankar/" "Mozilla/5.0 (Windows NT 6.3; WOW64) AppleWebKit/537.36 (KHTML, like Gecko) Chrome/54.0.2840.99 Safari/537.36"
10.1.7.48 - - [23/Aug/2017:12:22:10 +0530] "GET /api/consolidated/narendramodi/?format=json&from_date=&to_date= HTTP/1.1" 200 107580 "http://10.1.7.48:4082/apsma_new/sivasankar/" "Mozilla/5.0 (Windows NT 6.3; WOW64) AppleWebKit/537.36 (KHTML, like Gecko) Chrome/54.0.2840.99 Safari/537.36"
::1 - - [23/Aug/2017:12:22:18 +0530] "OPTIONS * HTTP/1.0" 200 125 "-" "Apache/2.4.7 (Ubuntu) mod_wsgi/3.4 Python/2.7.6 (internal dummy connection)"
::1 - - [23/Aug/2017:12:22:19 +0530] "OPTIONS * HTTP/1.0" 200 125 "-" "Apache/2.4.7 (Ubuntu) mod_wsgi/3.4 Python/2.7.6 (internal dummy connection)"
10.1.7.48 - - [23/Aug/2017:12:22:10 +0530] "GET /api/topics/narendramodi/?format=json&from_date=&to_date= HTTP/1.1" 200 36171 "http://10.1.7.48:4082/apsma_new/sivasankar/" "Mozilla/5.0 (Windows NT 6.3; WOW64) AppleWebKit/537.36 (KHTML, like Gecko) Chrome/54.0.2840.99 Safari/537.36"
::1 - - [23/Aug/2017:12:22:38 +0530] "OPTIONS * HTTP/1.0" 200 125 "-" "Apache/2.4.7 (Ubuntu) mod_wsgi/3.4 Python/2.7.6 (internal dummy connection)"
10.1.7.48 - - [23/Aug/2017:12:22:41 +0530] "GET /api/usermanage/getkeywords/1 HTTP/1.1" 301 291 "http://10.1.7.48:4082/apsma_new/sivasankar/" "Mozilla/5.0 (Windows NT 6.3; WOW64) AppleWebKit/537.36 (KHTML, like Gecko) Chrome/54.0.2840.99 Safari/537.36"
10.1.7.48 - - [23/Aug/2017:12:22:41 +0530] "GET /api/news-agg/narendramodi?format=json&from_date=&to_date= HTTP/1.1" 301 320 "http://10.1.7.48:4082/apsma_new/sivasankar/" "Mozilla/5.0 (Windows NT 6.3; WOW64) AppleWebKit/537.36 (KHTML, like Gecko) Chrome/54.0.2840.99 Safari/537.36"
10.1.7.48 - - [23/Aug/2017:12:22:41 +0530] "GET /api/youtube-agg/narendramodi?format=json&from_date=&to_date= HTTP/1.1" 301 323 "http://10.1.7.48:4082/apsma_new/sivasankar/" "Mozilla/5.0 (Windows NT 6.3; WOW64) AppleWebKit/537.36 (KHTML, like Gecko) Chrome/54.0.2840.99 Safari/537.36"
10.1.7.48 - - [23/Aug/2017:12:22:41 +0530] "GET /api/facebook-agg/narendramodi?format=json&from_date=&to_date= HTTP/1.1" 301 324 "http://10.1.7.48:4082/apsma_new/sivasankar/" "Mozilla/5.0 (Windows NT 6.3; WOW64) AppleWebKit/537.36 (KHTML, like Gecko) Chrome/54.0.2840.99 Safari/537.36"
10.1.7.48 - - [23/Aug/2017:12:22:41 +0530] "GET /api/twitter-agg/narendramodi?format=json&from_date=&to_date= HTTP/1.1" 301 323 "http://10.1.7.48:4082/apsma_new/sivasankar/" "Mozilla/5.0 (Windows NT 6.3; WOW64) AppleWebKit/537.36 (KHTML, like Gecko) Chrome/54.0.2840.99 Safari/537.36"
10.1.7.48 - - [23/Aug/2017:12:22:41 +0530] "GET /api/topics/narendramodi?format=json&from_date=&to_date= HTTP/1.1" 301 318 "http://10.1.7.48:4082/apsma_new/sivasankar/" "Mozilla/5.0 (Windows NT 6.3; WOW64) AppleWebKit/537.36 (KHTML, like Gecko) Chrome/54.0.2840.99 Safari/537.36"
10.1.7.48 - - [23/Aug/2017:12:22:42 +0530] "GET /api/consolidated/narendramodi?format=json&from_date=&to_date= HTTP/1.1" 301 323 "http://10.1.7.48:4082/apsma_new/sivasankar/" "Mozilla/5.0 (Windows NT 6.3; WOW64) AppleWebKit/537.36 (KHTML, like Gecko) Chrome/54.0.2840.99 Safari/537.36"
10.1.7.48 - - [23/Aug/2017:12:22:42 +0530] "GET /api/wordcloud/narendramodi/?format=json&from_date=&to_date= HTTP/1.1" 200 2589 "http://10.1.7.48:4082/apsma_new/sivasankar/" "Mozilla/5.0 (Windows NT 6.3; WOW64) AppleWebKit/537.36 (KHTML, like Gecko) Chrome/54.0.2840.99 Safari/537.36"
10.1.7.48 - - [23/Aug/2017:12:22:42 +0530] "GET /api/news-agg/narendramodi/?format=json&from_date=&to_date= HTTP/1.1" 200 447 "http://10.1.7.48:4082/apsma_new/sivasankar/" "Mozilla/5.0 (Windows NT 6.3; WOW64) AppleWebKit/537.36 (KHTML, like Gecko) Chrome/54.0.2840.99 Safari/537.36"
10.1.7.48 - - [23/Aug/2017:12:22:42 +0530] "GET /api/youtube-agg/narendramodi/?format=json&from_date=&to_date= HTTP/1.1" 200 322 "http://10.1.7.48:4082/apsma_new/sivasankar/" "Mozilla/5.0 (Windows NT 6.3; WOW64) AppleWebKit/537.36 (KHTML, like Gecko) Chrome/54.0.2840.99 Safari/537.36"
10.1.7.48 - - [23/Aug/2017:12:22:42 +0530] "GET /api/sentiment/narendramodi/?format=json&from_date=&to_date= HTTP/1.1" 200 342 "http://10.1.7.48:4082/apsma_new/sivasankar/" "Mozilla/5.0 (Windows NT 6.3; WOW64) AppleWebKit/537.36 (KHTML, like Gecko) Chrome/54.0.2840.99 Safari/537.36"
10.1.7.48 - - [23/Aug/2017:12:22:42 +0530] "GET /api/facebook-agg/narendramodi/?format=json&from_date=&to_date= HTTP/1.1" 200 571 "http://10.1.7.48:4082/apsma_new/sivasankar/" "Mozilla/5.0 (Windows NT 6.3; WOW64) AppleWebKit/537.36 (KHTML, like Gecko) Chrome/54.0.2840.99 Safari/537.36"
10.1.7.48 - - [23/Aug/2017:12:22:42 +0530] "GET /api/twitter-agg/narendramodi/?format=json&from_date=&to_date= HTTP/1.1" 200 322 "http://10.1.7.48:4082/apsma_new/sivasankar/" "Mozilla/5.0 (Windows NT 6.3; WOW64) AppleWebKit/537.36 (KHTML, like Gecko) Chrome/54.0.2840.99 Safari/537.36"
10.1.7.48 - - [23/Aug/2017:12:22:42 +0530] "GET /api/usermanage/getkeywords/1/ HTTP/1.1" 200 1865 "http://10.1.7.48:4082/apsma_new/sivasankar/" "Mozilla/5.0 (Windows NT 6.3; WOW64) AppleWebKit/537.36 (KHTML, like Gecko) Chrome/54.0.2840.99 Safari/537.36"
10.1.7.48 - - [23/Aug/2017:12:22:42 +0530] "GET /api/topics/narendramodi/?format=json&from_date=&to_date= HTTP/1.1" 200 36171 "http://10.1.7.48:4082/apsma_new/sivasankar/" "Mozilla/5.0 (Windows NT 6.3; WOW64) AppleWebKit/537.36 (KHTML, like Gecko) Chrome/54.0.2840.99 Safari/537.36"
10.1.7.48 - - [23/Aug/2017:12:22:42 +0530] "GET /api/consolidated/narendramodi/?format=json&from_date=&to_date= HTTP/1.1" 200 107580 "http://10.1.7.48:4082/apsma_new/sivasankar/" "Mozilla/5.0 (Windows NT 6.3; WOW64) AppleWebKit/537.36 (KHTML, like Gecko) Chrome/54.0.2840.99 Safari/537.36"
::1 - - [23/Aug/2017:12:22:50 +0530] "OPTIONS * HTTP/1.0" 200 125 "-" "Apache/2.4.7 (Ubuntu) mod_wsgi/3.4 Python/2.7.6 (internal dummy connection)"
10.1.7.48 - - [23/Aug/2017:12:25:23 +0530] "GET /api/usermanage/getkeywords/1 HTTP/1.1" 301 291 "http://10.1.7.48:4082/apsma_new/sivasankar/" "Mozilla/5.0 (Windows NT 6.3; WOW64) AppleWebKit/537.36 (KHTML, like Gecko) Chrome/54.0.2840.99 Safari/537.36"
10.1.7.48 - - [23/Aug/2017:12:25:23 +0530] "GET /api/twitter-agg/narendramodi?format=json&from_date=&to_date= HTTP/1.1" 301 323 "http://10.1.7.48:4082/apsma_new/sivasankar/" "Mozilla/5.0 (Windows NT 6.3; WOW64) AppleWebKit/537.36 (KHTML, like Gecko) Chrome/54.0.2840.99 Safari/537.36"
10.1.7.48 - - [23/Aug/2017:12:25:23 +0530] "GET /api/facebook-agg/narendramodi?format=json&from_date=&to_date= HTTP/1.1" 301 324 "http://10.1.7.48:4082/apsma_new/sivasankar/" "Mozilla/5.0 (Windows NT 6.3; WOW64) AppleWebKit/537.36 (KHTML, like Gecko) Chrome/54.0.2840.99 Safari/537.36"
10.1.7.48 - - [23/Aug/2017:12:25:23 +0530] "GET /api/youtube-agg/narendramodi?format=json&from_date=&to_date= HTTP/1.1" 301 323 "http://10.1.7.48:4082/apsma_new/sivasankar/" "Mozilla/5.0 (Windows NT 6.3; WOW64) AppleWebKit/537.36 (KHTML, like Gecko) Chrome/54.0.2840.99 Safari/537.36"
10.1.7.48 - - [23/Aug/2017:12:25:23 +0530] "GET /api/news-agg/narendramodi?format=json&from_date=&to_date= HTTP/1.1" 301 320 "http://10.1.7.48:4082/apsma_new/sivasankar/" "Mozilla/5.0 (Windows NT 6.3; WOW64) AppleWebKit/537.36 (KHTML, like Gecko) Chrome/54.0.2840.99 Safari/537.36"
10.1.7.48 - - [23/Aug/2017:12:25:23 +0530] "GET /api/topics/narendramodi?format=json&from_date=&to_date= HTTP/1.1" 301 317 "http://10.1.7.48:4082/apsma_new/sivasankar/" "Mozilla/5.0 (Windows NT 6.3; WOW64) AppleWebKit/537.36 (KHTML, like Gecko) Chrome/54.0.2840.99 Safari/537.36"
10.1.7.48 - - [23/Aug/2017:12:25:23 +0530] "GET /api/consolidated/narendramodi?format=json&from_date=&to_date= HTTP/1.1" 301 323 "http://10.1.7.48:4082/apsma_new/sivasankar/" "Mozilla/5.0 (Windows NT 6.3; WOW64) AppleWebKit/537.36 (KHTML, like Gecko) Chrome/54.0.2840.99 Safari/537.36"
10.1.7.48 - - [23/Aug/2017:12:25:23 +0530] "GET /api/sentiment/narendramodi/?format=json&from_date=&to_date= HTTP/1.1" 200 342 "http://10.1.7.48:4082/apsma_new/sivasankar/" "Mozilla/5.0 (Windows NT 6.3; WOW64) AppleWebKit/537.36 (KHTML, like Gecko) Chrome/54.0.2840.99 Safari/537.36"
10.1.7.48 - - [23/Aug/2017:12:25:23 +0530] "GET /api/wordcloud/narendramodi/?format=json&from_date=&to_date= HTTP/1.1" 200 2589 "http://10.1.7.48:4082/apsma_new/sivasankar/" "Mozilla/5.0 (Windows NT 6.3; WOW64) AppleWebKit/537.36 (KHTML, like Gecko) Chrome/54.0.2840.99 Safari/537.36"
10.1.7.48 - - [23/Aug/2017:12:25:23 +0530] "GET /api/facebook-agg/narendramodi/?format=json&from_date=&to_date= HTTP/1.1" 200 571 "http://10.1.7.48:4082/apsma_new/sivasankar/" "Mozilla/5.0 (Windows NT 6.3; WOW64) AppleWebKit/537.36 (KHTML, like Gecko) Chrome/54.0.2840.99 Safari/537.36"
10.1.7.48 - - [23/Aug/2017:12:25:23 +0530] "GET /api/twitter-agg/narendramodi/?format=json&from_date=&to_date= HTTP/1.1" 200 322 "http://10.1.7.48:4082/apsma_new/sivasankar/" "Mozilla/5.0 (Windows NT 6.3; WOW64) AppleWebKit/537.36 (KHTML, like Gecko) Chrome/54.0.2840.99 Safari/537.36"
10.1.7.48 - - [23/Aug/2017:12:25:23 +0530] "GET /api/youtube-agg/narendramodi/?format=json&from_date=&to_date= HTTP/1.1" 200 322 "http://10.1.7.48:4082/apsma_new/sivasankar/" "Mozilla/5.0 (Windows NT 6.3; WOW64) AppleWebKit/537.36 (KHTML, like Gecko) Chrome/54.0.2840.99 Safari/537.36"
10.1.7.48 - - [23/Aug/2017:12:25:23 +0530] "GET /api/news-agg/narendramodi/?format=json&from_date=&to_date= HTTP/1.1" 200 447 "http://10.1.7.48:4082/apsma_new/sivasankar/" "Mozilla/5.0 (Windows NT 6.3; WOW64) AppleWebKit/537.36 (KHTML, like Gecko) Chrome/54.0.2840.99 Safari/537.36"
10.1.7.48 - - [23/Aug/2017:12:25:23 +0530] "GET /api/usermanage/getkeywords/1/ HTTP/1.1" 200 1865 "http://10.1.7.48:4082/apsma_new/sivasankar/" "Mozilla/5.0 (Windows NT 6.3; WOW64) AppleWebKit/537.36 (KHTML, like Gecko) Chrome/54.0.2840.99 Safari/537.36"
10.1.7.48 - - [23/Aug/2017:12:25:23 +0530] "GET /api/topics/narendramodi/?format=json&from_date=&to_date= HTTP/1.1" 200 36171 "http://10.1.7.48:4082/apsma_new/sivasankar/" "Mozilla/5.0 (Windows NT 6.3; WOW64) AppleWebKit/537.36 (KHTML, like Gecko) Chrome/54.0.2840.99 Safari/537.36"
10.1.7.48 - - [23/Aug/2017:12:25:23 +0530] "GET /api/consolidated/narendramodi/?format=json&from_date=&to_date= HTTP/1.1" 200 107580 "http://10.1.7.48:4082/apsma_new/sivasankar/" "Mozilla/5.0 (Windows NT 6.3; WOW64) AppleWebKit/537.36 (KHTML, like Gecko) Chrome/54.0.2840.99 Safari/537.36"
10.1.7.48 - - [23/Aug/2017:12:26:36 +0530] "GET /api/usermanage/getkeywords/1 HTTP/1.1" 301 291 "http://10.1.7.48:4082/apsma_new/sivasankar/" "Mozilla/5.0 (Windows NT 6.3; WOW64) AppleWebKit/537.36 (KHTML, like Gecko) Chrome/54.0.2840.99 Safari/537.36"
10.1.7.48 - - [23/Aug/2017:12:26:36 +0530] "GET /api/twitter-agg/narendramodi?format=json&from_date=&to_date= HTTP/1.1" 301 323 "http://10.1.7.48:4082/apsma_new/sivasankar/" "Mozilla/5.0 (Windows NT 6.3; WOW64) AppleWebKit/537.36 (KHTML, like Gecko) Chrome/54.0.2840.99 Safari/537.36"
10.1.7.48 - - [23/Aug/2017:12:26:36 +0530] "GET /api/news-agg/narendramodi?format=json&from_date=&to_date= HTTP/1.1" 301 320 "http://10.1.7.48:4082/apsma_new/sivasankar/" "Mozilla/5.0 (Windows NT 6.3; WOW64) AppleWebKit/537.36 (KHTML, like Gecko) Chrome/54.0.2840.99 Safari/537.36"
10.1.7.48 - - [23/Aug/2017:12:26:36 +0530] "GET /api/youtube-agg/narendramodi?format=json&from_date=&to_date= HTTP/1.1" 301 323 "http://10.1.7.48:4082/apsma_new/sivasankar/" "Mozilla/5.0 (Windows NT 6.3; WOW64) AppleWebKit/537.36 (KHTML, like Gecko) Chrome/54.0.2840.99 Safari/537.36"
10.1.7.48 - - [23/Aug/2017:12:26:36 +0530] "GET /api/topics/narendramodi?format=json&from_date=&to_date= HTTP/1.1" 301 318 "http://10.1.7.48:4082/apsma_new/sivasankar/" "Mozilla/5.0 (Windows NT 6.3; WOW64) AppleWebKit/537.36 (KHTML, like Gecko) Chrome/54.0.2840.99 Safari/537.36"
10.1.7.48 - - [23/Aug/2017:12:26:36 +0530] "GET /api/facebook-agg/narendramodi?format=json&from_date=&to_date= HTTP/1.1" 301 324 "http://10.1.7.48:4082/apsma_new/sivasankar/" "Mozilla/5.0 (Windows NT 6.3; WOW64) AppleWebKit/537.36 (KHTML, like Gecko) Chrome/54.0.2840.99 Safari/537.36"
10.1.7.48 - - [23/Aug/2017:12:26:36 +0530] "GET /api/twitter-agg/narendramodi/?format=json&from_date=&to_date= HTTP/1.1" 200 322 "http://10.1.7.48:4082/apsma_new/sivasankar/" "Mozilla/5.0 (Windows NT 6.3; WOW64) AppleWebKit/537.36 (KHTML, like Gecko) Chrome/54.0.2840.99 Safari/537.36"
10.1.7.48 - - [23/Aug/2017:12:26:36 +0530] "GET /api/consolidated/narendramodi?format=json&from_date=&to_date= HTTP/1.1" 301 323 "http://10.1.7.48:4082/apsma_new/sivasankar/" "Mozilla/5.0 (Windows NT 6.3; WOW64) AppleWebKit/537.36 (KHTML, like Gecko) Chrome/54.0.2840.99 Safari/537.36"
10.1.7.48 - - [23/Aug/2017:12:26:36 +0530] "GET /api/news-agg/narendramodi/?format=json&from_date=&to_date= HTTP/1.1" 200 447 "http://10.1.7.48:4082/apsma_new/sivasankar/" "Mozilla/5.0 (Windows NT 6.3; WOW64) AppleWebKit/537.36 (KHTML, like Gecko) Chrome/54.0.2840.99 Safari/537.36"
10.1.7.48 - - [23/Aug/2017:12:26:37 +0530] "GET /api/youtube-agg/narendramodi/?format=json&from_date=&to_date= HTTP/1.1" 200 322 "http://10.1.7.48:4082/apsma_new/sivasankar/" "Mozilla/5.0 (Windows NT 6.3; WOW64) AppleWebKit/537.36 (KHTML, like Gecko) Chrome/54.0.2840.99 Safari/537.36"
10.1.7.48 - - [23/Aug/2017:12:26:36 +0530] "GET /api/sentiment/narendramodi/?format=json&from_date=&to_date= HTTP/1.1" 200 342 "http://10.1.7.48:4082/apsma_new/sivasankar/" "Mozilla/5.0 (Windows NT 6.3; WOW64) AppleWebKit/537.36 (KHTML, like Gecko) Chrome/54.0.2840.99 Safari/537.36"
10.1.7.48 - - [23/Aug/2017:12:26:37 +0530] "GET /api/facebook-agg/narendramodi/?format=json&from_date=&to_date= HTTP/1.1" 200 571 "http://10.1.7.48:4082/apsma_new/sivasankar/" "Mozilla/5.0 (Windows NT 6.3; WOW64) AppleWebKit/537.36 (KHTML, like Gecko) Chrome/54.0.2840.99 Safari/537.36"
10.1.7.48 - - [23/Aug/2017:12:26:37 +0530] "GET /api/topics/narendramodi/?format=json&from_date=&to_date= HTTP/1.1" 200 36171 "http://10.1.7.48:4082/apsma_new/sivasankar/" "Mozilla/5.0 (Windows NT 6.3; WOW64) AppleWebKit/537.36 (KHTML, like Gecko) Chrome/54.0.2840.99 Safari/537.36"
10.1.7.48 - - [23/Aug/2017:12:26:36 +0530] "GET /api/usermanage/getkeywords/1/ HTTP/1.1" 200 1865 "http://10.1.7.48:4082/apsma_new/sivasankar/" "Mozilla/5.0 (Windows NT 6.3; WOW64) AppleWebKit/537.36 (KHTML, like Gecko) Chrome/54.0.2840.99 Safari/537.36"
10.1.7.48 - - [23/Aug/2017:12:26:37 +0530] "GET /api/consolidated/narendramodi/?format=json&from_date=&to_date= HTTP/1.1" 200 107580 "http://10.1.7.48:4082/apsma_new/sivasankar/" "Mozilla/5.0 (Windows NT 6.3; WOW64) AppleWebKit/537.36 (KHTML, like Gecko) Chrome/54.0.2840.99 Safari/537.36"
10.1.7.48 - - [23/Aug/2017:12:26:36 +0530] "GET /api/wordcloud/narendramodi/?format=json&from_date=&to_date= HTTP/1.1" 200 655 "http://10.1.7.48:4082/apsma_new/sivasankar/" "Mozilla/5.0 (Windows NT 6.3; WOW64) AppleWebKit/537.36 (KHTML, like Gecko) Chrome/54.0.2840.99 Safari/537.36"
::1 - - [23/Aug/2017:12:26:47 +0530] "OPTIONS * HTTP/1.0" 200 125 "-" "Apache/2.4.7 (Ubuntu) mod_wsgi/3.4 Python/2.7.6 (internal dummy connection)"
10.1.7.48 - - [23/Aug/2017:12:27:36 +0530] "GET /api/usermanage/getkeywords/1 HTTP/1.1" 301 291 "http://10.1.7.48:4082/apsma_new/sivasankar/" "Mozilla/5.0 (Windows NT 6.3; WOW64) AppleWebKit/537.36 (KHTML, like Gecko) Chrome/54.0.2840.99 Safari/537.36"
10.1.7.48 - - [23/Aug/2017:12:27:36 +0530] "GET /api/youtube-agg/narendramodi?format=json&from_date=&to_date= HTTP/1.1" 301 323 "http://10.1.7.48:4082/apsma_new/sivasankar/" "Mozilla/5.0 (Windows NT 6.3; WOW64) AppleWebKit/537.36 (KHTML, like Gecko) Chrome/54.0.2840.99 Safari/537.36"
10.1.7.48 - - [23/Aug/2017:12:27:36 +0530] "GET /api/facebook-agg/narendramodi?format=json&from_date=&to_date= HTTP/1.1" 301 324 "http://10.1.7.48:4082/apsma_new/sivasankar/" "Mozilla/5.0 (Windows NT 6.3; WOW64) AppleWebKit/537.36 (KHTML, like Gecko) Chrome/54.0.2840.99 Safari/537.36"
10.1.7.48 - - [23/Aug/2017:12:27:36 +0530] "GET /api/twitter-agg/narendramodi?format=json&from_date=&to_date= HTTP/1.1" 301 323 "http://10.1.7.48:4082/apsma_new/sivasankar/" "Mozilla/5.0 (Windows NT 6.3; WOW64) AppleWebKit/537.36 (KHTML, like Gecko) Chrome/54.0.2840.99 Safari/537.36"
10.1.7.48 - - [23/Aug/2017:12:27:36 +0530] "GET /api/news-agg/narendramodi?format=json&from_date=&to_date= HTTP/1.1" 301 320 "http://10.1.7.48:4082/apsma_new/sivasankar/" "Mozilla/5.0 (Windows NT 6.3; WOW64) AppleWebKit/537.36 (KHTML, like Gecko) Chrome/54.0.2840.99 Safari/537.36"
10.1.7.48 - - [23/Aug/2017:12:27:36 +0530] "GET /api/topics/narendramodi?format=json&from_date=&to_date= HTTP/1.1" 301 318 "http://10.1.7.48:4082/apsma_new/sivasankar/" "Mozilla/5.0 (Windows NT 6.3; WOW64) AppleWebKit/537.36 (KHTML, like Gecko) Chrome/54.0.2840.99 Safari/537.36"
10.1.7.48 - - [23/Aug/2017:12:27:36 +0530] "GET /api/consolidated/narendramodi?format=json&from_date=&to_date= HTTP/1.1" 301 323 "http://10.1.7.48:4082/apsma_new/sivasankar/" "Mozilla/5.0 (Windows NT 6.3; WOW64) AppleWebKit/537.36 (KHTML, like Gecko) Chrome/54.0.2840.99 Safari/537.36"
10.1.7.48 - - [23/Aug/2017:12:27:36 +0530] "GET /api/youtube-agg/narendramodi/?format=json&from_date=&to_date= HTTP/1.1" 200 322 "http://10.1.7.48:4082/apsma_new/sivasankar/" "Mozilla/5.0 (Windows NT 6.3; WOW64) AppleWebKit/537.36 (KHTML, like Gecko) Chrome/54.0.2840.99 Safari/537.36"
10.1.7.48 - - [23/Aug/2017:12:27:36 +0530] "GET /api/sentiment/narendramodi/?format=json&from_date=&to_date= HTTP/1.1" 200 342 "http://10.1.7.48:4082/apsma_new/sivasankar/" "Mozilla/5.0 (Windows NT 6.3; WOW64) AppleWebKit/537.36 (KHTML, like Gecko) Chrome/54.0.2840.99 Safari/537.36"
10.1.7.48 - - [23/Aug/2017:12:27:36 +0530] "GET /api/facebook-agg/narendramodi/?format=json&from_date=&to_date= HTTP/1.1" 200 571 "http://10.1.7.48:4082/apsma_new/sivasankar/" "Mozilla/5.0 (Windows NT 6.3; WOW64) AppleWebKit/537.36 (KHTML, like Gecko) Chrome/54.0.2840.99 Safari/537.36"
10.1.7.48 - - [23/Aug/2017:12:27:36 +0530] "GET /api/wordcloud/narendramodi/?format=json&from_date=&to_date= HTTP/1.1" 200 655 "http://10.1.7.48:4082/apsma_new/sivasankar/" "Mozilla/5.0 (Windows NT 6.3; WOW64) AppleWebKit/537.36 (KHTML, like Gecko) Chrome/54.0.2840.99 Safari/537.36"
10.1.7.48 - - [23/Aug/2017:12:27:37 +0530] "GET /api/news-agg/narendramodi/?format=json&from_date=&to_date= HTTP/1.1" 200 447 "http://10.1.7.48:4082/apsma_new/sivasankar/" "Mozilla/5.0 (Windows NT 6.3; WOW64) AppleWebKit/537.36 (KHTML, like Gecko) Chrome/54.0.2840.99 Safari/537.36"
10.1.7.48 - - [23/Aug/2017:12:27:36 +0530] "GET /api/twitter-agg/narendramodi/?format=json&from_date=&to_date= HTTP/1.1" 200 322 "http://10.1.7.48:4082/apsma_new/sivasankar/" "Mozilla/5.0 (Windows NT 6.3; WOW64) AppleWebKit/537.36 (KHTML, like Gecko) Chrome/54.0.2840.99 Safari/537.36"
10.1.7.48 - - [23/Aug/2017:12:27:36 +0530] "GET /api/usermanage/getkeywords/1/ HTTP/1.1" 200 1865 "http://10.1.7.48:4082/apsma_new/sivasankar/" "Mozilla/5.0 (Windows NT 6.3; WOW64) AppleWebKit/537.36 (KHTML, like Gecko) Chrome/54.0.2840.99 Safari/537.36"
10.1.7.48 - - [23/Aug/2017:12:27:37 +0530] "GET /api/consolidated/narendramodi/?format=json&from_date=&to_date= HTTP/1.1" 200 107580 "http://10.1.7.48:4082/apsma_new/sivasankar/" "Mozilla/5.0 (Windows NT 6.3; WOW64) AppleWebKit/537.36 (KHTML, like Gecko) Chrome/54.0.2840.99 Safari/537.36"
10.1.7.48 - - [23/Aug/2017:12:27:36 +0530] "GET /api/topics/narendramodi/?format=json&from_date=&to_date= HTTP/1.1" 200 36171 "http://10.1.7.48:4082/apsma_new/sivasankar/" "Mozilla/5.0 (Windows NT 6.3; WOW64) AppleWebKit/537.36 (KHTML, like Gecko) Chrome/54.0.2840.99 Safari/537.36"
::1 - - [23/Aug/2017:12:28:01 +0530] "OPTIONS * HTTP/1.0" 200 125 "-" "Apache/2.4.7 (Ubuntu) mod_wsgi/3.4 Python/2.7.6 (internal dummy connection)"
10.1.7.48 - - [23/Aug/2017:12:34:40 +0530] "GET /api/usermanage/getkeywords/1 HTTP/1.1" 301 291 "http://10.1.7.48:4082/apsma_new/sivasankar/" "Mozilla/5.0 (Windows NT 6.3; WOW64) AppleWebKit/537.36 (KHTML, like Gecko) Chrome/54.0.2840.99 Safari/537.36"
10.1.7.48 - - [23/Aug/2017:12:34:40 +0530] "GET /api/twitter-agg/narendramodi?format=json&from_date=&to_date= HTTP/1.1" 301 323 "http://10.1.7.48:4082/apsma_new/sivasankar/" "Mozilla/5.0 (Windows NT 6.3; WOW64) AppleWebKit/537.36 (KHTML, like Gecko) Chrome/54.0.2840.99 Safari/537.36"
10.1.7.48 - - [23/Aug/2017:12:34:40 +0530] "GET /api/news-agg/narendramodi?format=json&from_date=&to_date= HTTP/1.1" 301 320 "http://10.1.7.48:4082/apsma_new/sivasankar/" "Mozilla/5.0 (Windows NT 6.3; WOW64) AppleWebKit/537.36 (KHTML, like Gecko) Chrome/54.0.2840.99 Safari/537.36"
10.1.7.48 - - [23/Aug/2017:12:34:40 +0530] "GET /api/youtube-agg/narendramodi?format=json&from_date=&to_date= HTTP/1.1" 301 323 "http://10.1.7.48:4082/apsma_new/sivasankar/" "Mozilla/5.0 (Windows NT 6.3; WOW64) AppleWebKit/537.36 (KHTML, like Gecko) Chrome/54.0.2840.99 Safari/537.36"
10.1.7.48 - - [23/Aug/2017:12:34:40 +0530] "GET /api/topics/narendramodi?format=json&from_date=&to_date= HTTP/1.1" 301 318 "http://10.1.7.48:4082/apsma_new/sivasankar/" "Mozilla/5.0 (Windows NT 6.3; WOW64) AppleWebKit/537.36 (KHTML, like Gecko) Chrome/54.0.2840.99 Safari/537.36"
10.1.7.48 - - [23/Aug/2017:12:34:40 +0530] "GET /api/facebook-agg/narendramodi?format=json&from_date=&to_date= HTTP/1.1" 301 324 "http://10.1.7.48:4082/apsma_new/sivasankar/" "Mozilla/5.0 (Windows NT 6.3; WOW64) AppleWebKit/537.36 (KHTML, like Gecko) Chrome/54.0.2840.99 Safari/537.36"
10.1.7.48 - - [23/Aug/2017:12:34:40 +0530] "GET /api/consolidated/narendramodi?format=json&from_date=&to_date= HTTP/1.1" 301 323 "http://10.1.7.48:4082/apsma_new/sivasankar/" "Mozilla/5.0 (Windows NT 6.3; WOW64) AppleWebKit/537.36 (KHTML, like Gecko) Chrome/54.0.2840.99 Safari/537.36"
10.1.7.48 - - [23/Aug/2017:12:34:40 +0530] "GET /api/sentiment/narendramodi/?format=json&from_date=&to_date= HTTP/1.1" 200 342 "http://10.1.7.48:4082/apsma_new/sivasankar/" "Mozilla/5.0 (Windows NT 6.3; WOW64) AppleWebKit/537.36 (KHTML, like Gecko) Chrome/54.0.2840.99 Safari/537.36"
10.1.7.48 - - [23/Aug/2017:12:34:40 +0530] "GET /api/twitter-agg/narendramodi/?format=json&from_date=&to_date= HTTP/1.1" 200 322 "http://10.1.7.48:4082/apsma_new/sivasankar/" "Mozilla/5.0 (Windows NT 6.3; WOW64) AppleWebKit/537.36 (KHTML, like Gecko) Chrome/54.0.2840.99 Safari/537.36"
10.1.7.48 - - [23/Aug/2017:12:34:40 +0530] "GET /api/news-agg/narendramodi/?format=json&from_date=&to_date= HTTP/1.1" 200 447 "http://10.1.7.48:4082/apsma_new/sivasankar/" "Mozilla/5.0 (Windows NT 6.3; WOW64) AppleWebKit/537.36 (KHTML, like Gecko) Chrome/54.0.2840.99 Safari/537.36"
10.1.7.48 - - [23/Aug/2017:12:34:40 +0530] "GET /api/youtube-agg/narendramodi/?format=json&from_date=&to_date= HTTP/1.1" 200 322 "http://10.1.7.48:4082/apsma_new/sivasankar/" "Mozilla/5.0 (Windows NT 6.3; WOW64) AppleWebKit/537.36 (KHTML, like Gecko) Chrome/54.0.2840.99 Safari/537.36"
10.1.7.48 - - [23/Aug/2017:12:34:40 +0530] "GET /api/facebook-agg/narendramodi/?format=json&from_date=&to_date= HTTP/1.1" 200 571 "http://10.1.7.48:4082/apsma_new/sivasankar/" "Mozilla/5.0 (Windows NT 6.3; WOW64) AppleWebKit/537.36 (KHTML, like Gecko) Chrome/54.0.2840.99 Safari/537.36"
10.1.7.48 - - [23/Aug/2017:12:34:40 +0530] "GET /api/usermanage/getkeywords/1/ HTTP/1.1" 200 1865 "http://10.1.7.48:4082/apsma_new/sivasankar/" "Mozilla/5.0 (Windows NT 6.3; WOW64) AppleWebKit/537.36 (KHTML, like Gecko) Chrome/54.0.2840.99 Safari/537.36"
10.1.7.48 - - [23/Aug/2017:12:34:41 +0530] "GET /api/consolidated/narendramodi/?format=json&from_date=&to_date= HTTP/1.1" 200 107580 "http://10.1.7.48:4082/apsma_new/sivasankar/" "Mozilla/5.0 (Windows NT 6.3; WOW64) AppleWebKit/537.36 (KHTML, like Gecko) Chrome/54.0.2840.99 Safari/537.36"
10.1.7.48 - - [23/Aug/2017:12:34:40 +0530] "GET /api/wordcloud/narendramodi/?format=json&from_date=&to_date= HTTP/1.1" 200 655 "http://10.1.7.48:4082/apsma_new/sivasankar/" "Mozilla/5.0 (Windows NT 6.3; WOW64) AppleWebKit/537.36 (KHTML, like Gecko) Chrome/54.0.2840.99 Safari/537.36"
10.1.7.48 - - [23/Aug/2017:12:34:40 +0530] "GET /api/topics/narendramodi/?format=json&from_date=&to_date= HTTP/1.1" 200 36171 "http://10.1.7.48:4082/apsma_new/sivasankar/" "Mozilla/5.0 (Windows NT 6.3; WOW64) AppleWebKit/537.36 (KHTML, like Gecko) Chrome/54.0.2840.99 Safari/537.36"
::1 - - [23/Aug/2017:12:35:17 +0530] "OPTIONS * HTTP/1.0" 200 125 "-" "Apache/2.4.7 (Ubuntu) mod_wsgi/3.4 Python/2.7.6 (internal dummy connection)"
10.1.7.48 - - [23/Aug/2017:12:36:08 +0530] "GET /api/usermanage/getkeywords/1 HTTP/1.1" 301 291 "http://10.1.7.48:4082/apsma_new/sivasankar/" "Mozilla/5.0 (Windows NT 6.3; WOW64) AppleWebKit/537.36 (KHTML, like Gecko) Chrome/54.0.2840.99 Safari/537.36"
10.1.7.48 - - [23/Aug/2017:12:36:08 +0530] "GET /api/twitter-agg/narendramodi?format=json&from_date=&to_date= HTTP/1.1" 301 323 "http://10.1.7.48:4082/apsma_new/sivasankar/" "Mozilla/5.0 (Windows NT 6.3; WOW64) AppleWebKit/537.36 (KHTML, like Gecko) Chrome/54.0.2840.99 Safari/537.36"
10.1.7.48 - - [23/Aug/2017:12:36:08 +0530] "GET /api/news-agg/narendramodi?format=json&from_date=&to_date= HTTP/1.1" 301 320 "http://10.1.7.48:4082/apsma_new/sivasankar/" "Mozilla/5.0 (Windows NT 6.3; WOW64) AppleWebKit/537.36 (KHTML, like Gecko) Chrome/54.0.2840.99 Safari/537.36"
10.1.7.48 - - [23/Aug/2017:12:36:08 +0530] "GET /api/youtube-agg/narendramodi?format=json&from_date=&to_date= HTTP/1.1" 301 323 "http://10.1.7.48:4082/apsma_new/sivasankar/" "Mozilla/5.0 (Windows NT 6.3; WOW64) AppleWebKit/537.36 (KHTML, like Gecko) Chrome/54.0.2840.99 Safari/537.36"
10.1.7.48 - - [23/Aug/2017:12:36:08 +0530] "GET /api/topics/narendramodi?format=json&from_date=&to_date= HTTP/1.1" 301 318 "http://10.1.7.48:4082/apsma_new/sivasankar/" "Mozilla/5.0 (Windows NT 6.3; WOW64) AppleWebKit/537.36 (KHTML, like Gecko) Chrome/54.0.2840.99 Safari/537.36"
10.1.7.48 - - [23/Aug/2017:12:36:08 +0530] "GET /api/facebook-agg/narendramodi?format=json&from_date=&to_date= HTTP/1.1" 301 324 "http://10.1.7.48:4082/apsma_new/sivasankar/" "Mozilla/5.0 (Windows NT 6.3; WOW64) AppleWebKit/537.36 (KHTML, like Gecko) Chrome/54.0.2840.99 Safari/537.36"
10.1.7.48 - - [23/Aug/2017:12:36:08 +0530] "GET /api/consolidated/narendramodi?format=json&from_date=&to_date= HTTP/1.1" 301 323 "http://10.1.7.48:4082/apsma_new/sivasankar/" "Mozilla/5.0 (Windows NT 6.3; WOW64) AppleWebKit/537.36 (KHTML, like Gecko) Chrome/54.0.2840.99 Safari/537.36"
10.1.7.48 - - [23/Aug/2017:12:36:08 +0530] "GET /api/wordcloud/narendramodi/?format=json&from_date=&to_date= HTTP/1.1" 200 655 "http://10.1.7.48:4082/apsma_new/sivasankar/" "Mozilla/5.0 (Windows NT 6.3; WOW64) AppleWebKit/537.36 (KHTML, like Gecko) Chrome/54.0.2840.99 Safari/537.36"
10.1.7.48 - - [23/Aug/2017:12:36:08 +0530] "GET /api/twitter-agg/narendramodi/?format=json&from_date=&to_date= HTTP/1.1" 200 322 "http://10.1.7.48:4082/apsma_new/sivasankar/" "Mozilla/5.0 (Windows NT 6.3; WOW64) AppleWebKit/537.36 (KHTML, like Gecko) Chrome/54.0.2840.99 Safari/537.36"
10.1.7.48 - - [23/Aug/2017:12:36:08 +0530] "GET /api/news-agg/narendramodi/?format=json&from_date=&to_date= HTTP/1.1" 200 447 "http://10.1.7.48:4082/apsma_new/sivasankar/" "Mozilla/5.0 (Windows NT 6.3; WOW64) AppleWebKit/537.36 (KHTML, like Gecko) Chrome/54.0.2840.99 Safari/537.36"
10.1.7.48 - - [23/Aug/2017:12:36:08 +0530] "GET /api/sentiment/narendramodi/?format=json&from_date=&to_date= HTTP/1.1" 200 342 "http://10.1.7.48:4082/apsma_new/sivasankar/" "Mozilla/5.0 (Windows NT 6.3; WOW64) AppleWebKit/537.36 (KHTML, like Gecko) Chrome/54.0.2840.99 Safari/537.36"
10.1.7.48 - - [23/Aug/2017:12:36:08 +0530] "GET /api/youtube-agg/narendramodi/?format=json&from_date=&to_date= HTTP/1.1" 200 322 "http://10.1.7.48:4082/apsma_new/sivasankar/" "Mozilla/5.0 (Windows NT 6.3; WOW64) AppleWebKit/537.36 (KHTML, like Gecko) Chrome/54.0.2840.99 Safari/537.36"
10.1.7.48 - - [23/Aug/2017:12:36:08 +0530] "GET /api/facebook-agg/narendramodi/?format=json&from_date=&to_date= HTTP/1.1" 200 571 "http://10.1.7.48:4082/apsma_new/sivasankar/" "Mozilla/5.0 (Windows NT 6.3; WOW64) AppleWebKit/537.36 (KHTML, like Gecko) Chrome/54.0.2840.99 Safari/537.36"
10.1.7.48 - - [23/Aug/2017:12:36:08 +0530] "GET /api/topics/narendramodi/?format=json&from_date=&to_date= HTTP/1.1" 200 36171 "http://10.1.7.48:4082/apsma_new/sivasankar/" "Mozilla/5.0 (Windows NT 6.3; WOW64) AppleWebKit/537.36 (KHTML, like Gecko) Chrome/54.0.2840.99 Safari/537.36"
10.1.7.48 - - [23/Aug/2017:12:36:08 +0530] "GET /api/usermanage/getkeywords/1/ HTTP/1.1" 200 1865 "http://10.1.7.48:4082/apsma_new/sivasankar/" "Mozilla/5.0 (Windows NT 6.3; WOW64) AppleWebKit/537.36 (KHTML, like Gecko) Chrome/54.0.2840.99 Safari/537.36"
10.1.7.48 - - [23/Aug/2017:12:36:08 +0530] "GET /api/consolidated/narendramodi/?format=json&from_date=&to_date= HTTP/1.1" 200 107580 "http://10.1.7.48:4082/apsma_new/sivasankar/" "Mozilla/5.0 (Windows NT 6.3; WOW64) AppleWebKit/537.36 (KHTML, like Gecko) Chrome/54.0.2840.99 Safari/537.36"
